Command line invocation:
    /Applications/Xcode-beta.app/Contents/Developer/usr/bin/xcodebuild -scheme PiDay -configuration Debug test -destination "platform=iOS Simulator,id=0729A115-01D8-458F-8C93-8C6663806F5D"

ComputePackagePrebuildTargetDependencyGraph

Prepare packages

CreateBuildRequest

SendProjectDescription

CreateBuildOperation

ComputeTargetDependencyGraph
note: Building targets in dependency order
note: Target dependency graph (5 targets)
    Target 'PiDayTests' in project 'PiDay'
        ➜ Explicit dependency on target 'PiDay' in project 'PiDay'
    Target 'PiDay' in project 'PiDay'
        ➜ Explicit dependency on target 'PiDayWidget' in project 'PiDay'
        ➜ Explicit dependency on target 'PiDayWatchApp' in project 'PiDay'
    Target 'PiDayWatchApp' in project 'PiDay'
        ➜ Explicit dependency on target 'PiDayWatchExtension' in project 'PiDay'
    Target 'PiDayWatchExtension' in project 'PiDay' (no dependencies)
    Target 'PiDayWidget' in project 'PiDay' (no dependencies)

GatherProvisioningInputs

CreateBuildDescription

ExecuteExternalTool /Applications/Xcode-beta.app/Contents/Developer/Toolchains/XcodeDefault.xctoolchain/usr/bin/swiftc --version

ExecuteExternalTool /Applications/Xcode-beta.app/Contents/Developer/Toolchains/XcodeDefault.xctoolchain/usr/bin/clang -v -E -dM -isysroot /Applications/Xcode-beta.app/Contents/Developer/Platforms/iPhoneSimulator.platform/Developer/SDKs/iPhoneSimulator26.4.sdk -x c -c /dev/null

ExecuteExternalTool /Applications/Xcode-beta.app/Contents/Developer/usr/bin/actool --print-asset-tag-combinations --output-format xml1 /Users/veland/PiDay/AppIcon.icon /Users/veland/PiDay/PiDay/Assets.xcassets

ExecuteExternalTool /Applications/Xcode-beta.app/Contents/Developer/usr/bin/actool --version --output-format xml1

ExecuteExternalTool /Applications/Xcode-beta.app/Contents/Developer/Toolchains/XcodeDefault.xctoolchain/usr/bin/clang -v -E -dM -isysroot /Applications/Xcode-beta.app/Contents/Developer/Platforms/WatchSimulator.platform/Developer/SDKs/WatchSimulator26.4.sdk -x c -c /dev/null

ExecuteExternalTool /Applications/Xcode-beta.app/Contents/Developer/Toolchains/XcodeDefault.xctoolchain/usr/bin/ld -version_details

Build description signature: 0d400246c3119ae2a32ebcdeb6162441
Build description path: /Users/veland/Library/Developer/Xcode/DerivedData/PiDay-axnnscpgdymittggsrzywssgspgw/Build/Intermediates.noindex/XCBuildData/0d400246c3119ae2a32ebcdeb6162441.xcbuilddata
ClangStatCache /Applications/Xcode-beta.app/Contents/Developer/Toolchains/XcodeDefault.xctoolchain/usr/bin/clang-stat-cache /Applications/Xcode-beta.app/Contents/Developer/Platforms/iPhoneSimulator.platform/Developer/SDKs/iPhoneSimulator26.4.sdk /Users/veland/Library/Developer/Xcode/DerivedData/SDKStatCaches.noindex/iphonesimulator26.4-23E5233a-522d393b86523a4c66aebdad38e386fc.sdkstatcache
    cd /Users/veland/PiDay/PiDay.xcodeproj
    /Applications/Xcode-beta.app/Contents/Developer/Toolchains/XcodeDefault.xctoolchain/usr/bin/clang-stat-cache /Applications/Xcode-beta.app/Contents/Developer/Platforms/iPhoneSimulator.platform/Developer/SDKs/iPhoneSimulator26.4.sdk -o /Users/veland/Library/Developer/Xcode/DerivedData/SDKStatCaches.noindex/iphonesimulator26.4-23E5233a-522d393b86523a4c66aebdad38e386fc.sdkstatcache
Base directory status changed. Regenerating...

ClangStatCache /Applications/Xcode-beta.app/Contents/Developer/Toolchains/XcodeDefault.xctoolchain/usr/bin/clang-stat-cache /Applications/Xcode-beta.app/Contents/Developer/Platforms/WatchSimulator.platform/Developer/SDKs/WatchSimulator26.4.sdk /Users/veland/Library/Developer/Xcode/DerivedData/SDKStatCaches.noindex/watchsimulator26.4-23T5235a-07cc7bb27374d4f60ba1ed986cf98d97.sdkstatcache
    cd /Users/veland/PiDay/PiDay.xcodeproj
    /Applications/Xcode-beta.app/Contents/Developer/Toolchains/XcodeDefault.xctoolchain/usr/bin/clang-stat-cache /Applications/Xcode-beta.app/Contents/Developer/Platforms/WatchSimulator.platform/Developer/SDKs/WatchSimulator26.4.sdk -o /Users/veland/Library/Developer/Xcode/DerivedData/SDKStatCaches.noindex/watchsimulator26.4-23T5235a-07cc7bb27374d4f60ba1ed986cf98d97.sdkstatcache
Base directory status changed. Regenerating...

ProcessProductPackaging /Users/veland/PiDay/PiDayWidget/PiDayWidget.entitlements /Users/veland/Library/Developer/Xcode/DerivedData/PiDay-axnnscpgdymittggsrzywssgspgw/Build/Intermediates.noindex/PiDay.build/Debug-iphonesimulator/PiDayWidget.build/PiDayWidget.appex.xcent (in target 'PiDayWidget' from project 'PiDay')
    cd /Users/veland/PiDay
    
    Entitlements:
    
    {
}
    
    builtin-productPackagingUtility /Users/veland/PiDay/PiDayWidget/PiDayWidget.entitlements -entitlements -format xml -o /Users/veland/Library/Developer/Xcode/DerivedData/PiDay-axnnscpgdymittggsrzywssgspgw/Build/Intermediates.noindex/PiDay.build/Debug-iphonesimulator/PiDayWidget.build/PiDayWidget.appex.xcent

ProcessProductPackaging /Users/veland/PiDay/PiDayWidget/PiDayWidget.entitlements /Users/veland/Library/Developer/Xcode/DerivedData/PiDay-axnnscpgdymittggsrzywssgspgw/Build/Intermediates.noindex/PiDay.build/Debug-iphonesimulator/PiDayWidget.build/PiDayWidget.appex-Simulated.xcent (in target 'PiDayWidget' from project 'PiDay')
    cd /Users/veland/PiDay
    
    Entitlements:
    
    {
    "application-identifier" = "54WU29TRTY.academy.glasscode.piday.PiDayWidget";
    "com.apple.security.application-groups" =     (
        "group.academy.glasscode.piday"
    );
}
    
    builtin-productPackagingUtility /Users/veland/PiDay/PiDayWidget/PiDayWidget.entitlements -entitlements -format xml -o /Users/veland/Library/Developer/Xcode/DerivedData/PiDay-axnnscpgdymittggsrzywssgspgw/Build/Intermediates.noindex/PiDay.build/Debug-iphonesimulator/PiDayWidget.build/PiDayWidget.appex-Simulated.xcent

MkDir /Users/veland/Library/Developer/Xcode/DerivedData/PiDay-axnnscpgdymittggsrzywssgspgw/Build/Products/Debug-iphonesimulator/PiDay.app/Frameworks (in target 'PiDay' from project 'PiDay')
    cd /Users/veland/PiDay
    /bin/mkdir -p /Users/veland/Library/Developer/Xcode/DerivedData/PiDay-axnnscpgdymittggsrzywssgspgw/Build/Products/Debug-iphonesimulator/PiDay.app/Frameworks

WriteAuxiliaryFile /Users/veland/Library/Developer/Xcode/DerivedData/PiDay-axnnscpgdymittggsrzywssgspgw/Build/Intermediates.noindex/PiDay.build/Debug-watchsimulator/PiDayWatchExtension.build/PiDay\ Watch\ Extension.hmap (in target 'PiDayWatchExtension' from project 'PiDay')
    cd /Users/veland/PiDay
    write-file /Users/veland/Library/Developer/Xcode/DerivedData/PiDay-axnnscpgdymittggsrzywssgspgw/Build/Intermediates.noindex/PiDay.build/Debug-watchsimulator/PiDayWatchExtension.build/PiDay\ Watch\ Extension.hmap

WriteAuxiliaryFile /Users/veland/Library/Developer/Xcode/DerivedData/PiDay-axnnscpgdymittggsrzywssgspgw/Build/Intermediates.noindex/PiDay.build/Debug-watchsimulator/PiDayWatchExtension.build/PiDay\ Watch\ Extension-all-non-framework-target-headers.hmap (in target 'PiDayWatchExtension' from project 'PiDay')
    cd /Users/veland/PiDay
    write-file /Users/veland/Library/Developer/Xcode/DerivedData/PiDay-axnnscpgdymittggsrzywssgspgw/Build/Intermediates.noindex/PiDay.build/Debug-watchsimulator/PiDayWatchExtension.build/PiDay\ Watch\ Extension-all-non-framework-target-headers.hmap

WriteAuxiliaryFile /Users/veland/Library/Developer/Xcode/DerivedData/PiDay-axnnscpgdymittggsrzywssgspgw/Build/Intermediates.noindex/PiDay.build/Debug-watchsimulator/PiDayWatchExtension.build/DerivedSources/Entitlements-Simulated.plist (in target 'PiDayWatchExtension' from project 'PiDay')
    cd /Users/veland/PiDay
    write-file /Users/veland/Library/Developer/Xcode/DerivedData/PiDay-axnnscpgdymittggsrzywssgspgw/Build/Intermediates.noindex/PiDay.build/Debug-watchsimulator/PiDayWatchExtension.build/DerivedSources/Entitlements-Simulated.plist

WriteAuxiliaryFile /Users/veland/Library/Developer/Xcode/DerivedData/PiDay-axnnscpgdymittggsrzywssgspgw/Build/Intermediates.noindex/PiDay.build/Debug-watchsimulator/PiDayWatchExtension.build/PiDay\ Watch\ Extension-project-headers.hmap (in target 'PiDayWatchExtension' from project 'PiDay')
    cd /Users/veland/PiDay
    write-file /Users/veland/Library/Developer/Xcode/DerivedData/PiDay-axnnscpgdymittggsrzywssgspgw/Build/Intermediates.noindex/PiDay.build/Debug-watchsimulator/PiDayWatchExtension.build/PiDay\ Watch\ Extension-project-headers.hmap

WriteAuxiliaryFile /Users/veland/Library/Developer/Xcode/DerivedData/PiDay-axnnscpgdymittggsrzywssgspgw/Build/Intermediates.noindex/PiDay.build/Debug-watchsimulator/PiDayWatchExtension.build/PiDay\ Watch\ Extension-own-target-headers.hmap (in target 'PiDayWatchExtension' from project 'PiDay')
    cd /Users/veland/PiDay
    write-file /Users/veland/Library/Developer/Xcode/DerivedData/PiDay-axnnscpgdymittggsrzywssgspgw/Build/Intermediates.noindex/PiDay.build/Debug-watchsimulator/PiDayWatchExtension.build/PiDay\ Watch\ Extension-own-target-headers.hmap

WriteAuxiliaryFile /Users/veland/Library/Developer/Xcode/DerivedData/PiDay-axnnscpgdymittggsrzywssgspgw/Build/Intermediates.noindex/PiDay.build/Debug-watchsimulator/PiDayWatchExtension.build/Objects-normal/x86_64/PiDayWatchExtension-OutputFileMap.json (in target 'PiDayWatchExtension' from project 'PiDay')
    cd /Users/veland/PiDay
    write-file /Users/veland/Library/Developer/Xcode/DerivedData/PiDay-axnnscpgdymittggsrzywssgspgw/Build/Intermediates.noindex/PiDay.build/Debug-watchsimulator/PiDayWatchExtension.build/Objects-normal/x86_64/PiDayWatchExtension-OutputFileMap.json

WriteAuxiliaryFile /Users/veland/Library/Developer/Xcode/DerivedData/PiDay-axnnscpgdymittggsrzywssgspgw/Build/Intermediates.noindex/PiDay.build/Debug-watchsimulator/PiDayWatchExtension.build/Objects-normal/x86_64/PiDayWatchExtension_const_extract_protocols.json (in target 'PiDayWatchExtension' from project 'PiDay')
    cd /Users/veland/PiDay
    write-file /Users/veland/Library/Developer/Xcode/DerivedData/PiDay-axnnscpgdymittggsrzywssgspgw/Build/Intermediates.noindex/PiDay.build/Debug-watchsimulator/PiDayWatchExtension.build/Objects-normal/x86_64/PiDayWatchExtension_const_extract_protocols.json

WriteAuxiliaryFile /Users/veland/Library/Developer/Xcode/DerivedData/PiDay-axnnscpgdymittggsrzywssgspgw/Build/Intermediates.noindex/PiDay.build/Debug-watchsimulator/PiDayWatchExtension.build/PiDay\ Watch\ Extension-generated-files.hmap (in target 'PiDayWatchExtension' from project 'PiDay')
    cd /Users/veland/PiDay
    write-file /Users/veland/Library/Developer/Xcode/DerivedData/PiDay-axnnscpgdymittggsrzywssgspgw/Build/Intermediates.noindex/PiDay.build/Debug-watchsimulator/PiDayWatchExtension.build/PiDay\ Watch\ Extension-generated-files.hmap

WriteAuxiliaryFile /Users/veland/Library/Developer/Xcode/DerivedData/PiDay-axnnscpgdymittggsrzywssgspgw/Build/Intermediates.noindex/PiDay.build/Debug-watchsimulator/PiDayWatchExtension.build/PiDay\ Watch\ Extension-all-target-headers.hmap (in target 'PiDayWatchExtension' from project 'PiDay')
    cd /Users/veland/PiDay
    write-file /Users/veland/Library/Developer/Xcode/DerivedData/PiDay-axnnscpgdymittggsrzywssgspgw/Build/Intermediates.noindex/PiDay.build/Debug-watchsimulator/PiDayWatchExtension.build/PiDay\ Watch\ Extension-all-target-headers.hmap

WriteAuxiliaryFile /Users/veland/Library/Developer/Xcode/DerivedData/PiDay-axnnscpgdymittggsrzywssgspgw/Build/Intermediates.noindex/PiDay.build/Debug-watchsimulator/PiDayWatchExtension.build/PiDay\ Watch\ Extension-DebugEntryPoint-normal-x86_64.txt (in target 'PiDayWatchExtension' from project 'PiDay')
    cd /Users/veland/PiDay
    write-file /Users/veland/Library/Developer/Xcode/DerivedData/PiDay-axnnscpgdymittggsrzywssgspgw/Build/Intermediates.noindex/PiDay.build/Debug-watchsimulator/PiDayWatchExtension.build/PiDay\ Watch\ Extension-DebugEntryPoint-normal-x86_64.txt

WriteAuxiliaryFile /Users/veland/Library/Developer/Xcode/DerivedData/PiDay-axnnscpgdymittggsrzywssgspgw/Build/Intermediates.noindex/PiDay.build/Debug-watchsimulator/PiDayWatchExtension.build/PiDay\ Watch\ Extension-DebugEntryPoint-normal-arm64.txt (in target 'PiDayWatchExtension' from project 'PiDay')
    cd /Users/veland/PiDay
    write-file /Users/veland/Library/Developer/Xcode/DerivedData/PiDay-axnnscpgdymittggsrzywssgspgw/Build/Intermediates.noindex/PiDay.build/Debug-watchsimulator/PiDayWatchExtension.build/PiDay\ Watch\ Extension-DebugEntryPoint-normal-arm64.txt

WriteAuxiliaryFile /Users/veland/Library/Developer/Xcode/DerivedData/PiDay-axnnscpgdymittggsrzywssgspgw/Build/Intermediates.noindex/PiDay.build/Debug-watchsimulator/PiDayWatchExtension.build/PiDay\ Watch\ Extension-DebugDylibPath-normal-x86_64.txt (in target 'PiDayWatchExtension' from project 'PiDay')
    cd /Users/veland/PiDay
    write-file /Users/veland/Library/Developer/Xcode/DerivedData/PiDay-axnnscpgdymittggsrzywssgspgw/Build/Intermediates.noindex/PiDay.build/Debug-watchsimulator/PiDayWatchExtension.build/PiDay\ Watch\ Extension-DebugDylibPath-normal-x86_64.txt

WriteAuxiliaryFile /Users/veland/Library/Developer/Xcode/DerivedData/PiDay-axnnscpgdymittggsrzywssgspgw/Build/Intermediates.noindex/PiDay.build/Debug-watchsimulator/PiDayWatchExtension.build/PiDay\ Watch\ Extension.DependencyStaticMetadataFileList (in target 'PiDayWatchExtension' from project 'PiDay')
    cd /Users/veland/PiDay
    write-file /Users/veland/Library/Developer/Xcode/DerivedData/PiDay-axnnscpgdymittggsrzywssgspgw/Build/Intermediates.noindex/PiDay.build/Debug-watchsimulator/PiDayWatchExtension.build/PiDay\ Watch\ Extension.DependencyStaticMetadataFileList

WriteAuxiliaryFile /Users/veland/Library/Developer/Xcode/DerivedData/PiDay-axnnscpgdymittggsrzywssgspgw/Build/Intermediates.noindex/PiDay.build/Debug-watchsimulator/PiDayWatchExtension.build/PiDay\ Watch\ Extension.DependencyMetadataFileList (in target 'PiDayWatchExtension' from project 'PiDay')
    cd /Users/veland/PiDay
    write-file /Users/veland/Library/Developer/Xcode/DerivedData/PiDay-axnnscpgdymittggsrzywssgspgw/Build/Intermediates.noindex/PiDay.build/Debug-watchsimulator/PiDayWatchExtension.build/PiDay\ Watch\ Extension.DependencyMetadataFileList

WriteAuxiliaryFile /Users/veland/Library/Developer/Xcode/DerivedData/PiDay-axnnscpgdymittggsrzywssgspgw/Build/Intermediates.noindex/PiDay.build/Debug-watchsimulator/PiDayWatchExtension.build/PiDay\ Watch\ Extension-DebugDylibPath-normal-arm64.txt (in target 'PiDayWatchExtension' from project 'PiDay')
    cd /Users/veland/PiDay
    write-file /Users/veland/Library/Developer/Xcode/DerivedData/PiDay-axnnscpgdymittggsrzywssgspgw/Build/Intermediates.noindex/PiDay.build/Debug-watchsimulator/PiDayWatchExtension.build/PiDay\ Watch\ Extension-DebugDylibPath-normal-arm64.txt

WriteAuxiliaryFile /Users/veland/Library/Developer/Xcode/DerivedData/PiDay-axnnscpgdymittggsrzywssgspgw/Build/Intermediates.noindex/PiDay.build/Debug-watchsimulator/PiDayWatchExtension.build/PiDay\ Watch\ Extension-DebugDylibInstallName-normal-x86_64.txt (in target 'PiDayWatchExtension' from project 'PiDay')
    cd /Users/veland/PiDay
    write-file /Users/veland/Library/Developer/Xcode/DerivedData/PiDay-axnnscpgdymittggsrzywssgspgw/Build/Intermediates.noindex/PiDay.build/Debug-watchsimulator/PiDayWatchExtension.build/PiDay\ Watch\ Extension-DebugDylibInstallName-normal-x86_64.txt

WriteAuxiliaryFile /Users/veland/Library/Developer/Xcode/DerivedData/PiDay-axnnscpgdymittggsrzywssgspgw/Build/Intermediates.noindex/PiDay.build/Debug-watchsimulator/PiDayWatchExtension.build/PiDay\ Watch\ Extension-DebugDylibInstallName-normal-arm64.txt (in target 'PiDayWatchExtension' from project 'PiDay')
    cd /Users/veland/PiDay
    write-file /Users/veland/Library/Developer/Xcode/DerivedData/PiDay-axnnscpgdymittggsrzywssgspgw/Build/Intermediates.noindex/PiDay.build/Debug-watchsimulator/PiDayWatchExtension.build/PiDay\ Watch\ Extension-DebugDylibInstallName-normal-arm64.txt

WriteAuxiliaryFile /Users/veland/Library/Developer/Xcode/DerivedData/PiDay-axnnscpgdymittggsrzywssgspgw/Build/Intermediates.noindex/PiDay.build/Debug-watchsimulator/PiDayWatchExtension.build/Objects-normal/x86_64/PiDay\ Watch\ Extension.SwiftFileList (in target 'PiDayWatchExtension' from project 'PiDay')
    cd /Users/veland/PiDay
    write-file /Users/veland/Library/Developer/Xcode/DerivedData/PiDay-axnnscpgdymittggsrzywssgspgw/Build/Intermediates.noindex/PiDay.build/Debug-watchsimulator/PiDayWatchExtension.build/Objects-normal/x86_64/PiDay\ Watch\ Extension.SwiftFileList

WriteAuxiliaryFile /Users/veland/Library/Developer/Xcode/DerivedData/PiDay-axnnscpgdymittggsrzywssgspgw/Build/Intermediates.noindex/PiDay.build/Debug-watchsimulator/PiDayWatchExtension.build/Objects-normal/x86_64/PiDay\ Watch\ Extension.SwiftConstValuesFileList (in target 'PiDayWatchExtension' from project 'PiDay')
    cd /Users/veland/PiDay
    write-file /Users/veland/Library/Developer/Xcode/DerivedData/PiDay-axnnscpgdymittggsrzywssgspgw/Build/Intermediates.noindex/PiDay.build/Debug-watchsimulator/PiDayWatchExtension.build/Objects-normal/x86_64/PiDay\ Watch\ Extension.SwiftConstValuesFileList

WriteAuxiliaryFile /Users/veland/Library/Developer/Xcode/DerivedData/PiDay-axnnscpgdymittggsrzywssgspgw/Build/Intermediates.noindex/PiDay.build/Debug-watchsimulator/PiDayWatchExtension.build/Objects-normal/x86_64/PiDay\ Watch\ Extension.LinkFileList (in target 'PiDayWatchExtension' from project 'PiDay')
    cd /Users/veland/PiDay
    write-file /Users/veland/Library/Developer/Xcode/DerivedData/PiDay-axnnscpgdymittggsrzywssgspgw/Build/Intermediates.noindex/PiDay.build/Debug-watchsimulator/PiDayWatchExtension.build/Objects-normal/x86_64/PiDay\ Watch\ Extension.LinkFileList

WriteAuxiliaryFile /Users/veland/Library/Developer/Xcode/DerivedData/PiDay-axnnscpgdymittggsrzywssgspgw/Build/Intermediates.noindex/PiDay.build/Debug-watchsimulator/PiDayWatchExtension.build/Objects-normal/arm64/PiDayWatchExtension_const_extract_protocols.json (in target 'PiDayWatchExtension' from project 'PiDay')
    cd /Users/veland/PiDay
    write-file /Users/veland/Library/Developer/Xcode/DerivedData/PiDay-axnnscpgdymittggsrzywssgspgw/Build/Intermediates.noindex/PiDay.build/Debug-watchsimulator/PiDayWatchExtension.build/Objects-normal/arm64/PiDayWatchExtension_const_extract_protocols.json

WriteAuxiliaryFile /Users/veland/Library/Developer/Xcode/DerivedData/PiDay-axnnscpgdymittggsrzywssgspgw/Build/Intermediates.noindex/PiDay.build/Debug-watchsimulator/PiDayWatchExtension.build/Objects-normal/arm64/PiDayWatchExtension-OutputFileMap.json (in target 'PiDayWatchExtension' from project 'PiDay')
    cd /Users/veland/PiDay
    write-file /Users/veland/Library/Developer/Xcode/DerivedData/PiDay-axnnscpgdymittggsrzywssgspgw/Build/Intermediates.noindex/PiDay.build/Debug-watchsimulator/PiDayWatchExtension.build/Objects-normal/arm64/PiDayWatchExtension-OutputFileMap.json

WriteAuxiliaryFile /Users/veland/Library/Developer/Xcode/DerivedData/PiDay-axnnscpgdymittggsrzywssgspgw/Build/Intermediates.noindex/PiDay.build/Debug-watchsimulator/PiDayWatchExtension.build/Objects-normal/arm64/PiDay\ Watch\ Extension.SwiftFileList (in target 'PiDayWatchExtension' from project 'PiDay')
    cd /Users/veland/PiDay
    write-file /Users/veland/Library/Developer/Xcode/DerivedData/PiDay-axnnscpgdymittggsrzywssgspgw/Build/Intermediates.noindex/PiDay.build/Debug-watchsimulator/PiDayWatchExtension.build/Objects-normal/arm64/PiDay\ Watch\ Extension.SwiftFileList

WriteAuxiliaryFile /Users/veland/Library/Developer/Xcode/DerivedData/PiDay-axnnscpgdymittggsrzywssgspgw/Build/Intermediates.noindex/PiDay.build/Debug-watchsimulator/PiDayWatchExtension.build/Objects-normal/arm64/PiDay\ Watch\ Extension.SwiftConstValuesFileList (in target 'PiDayWatchExtension' from project 'PiDay')
    cd /Users/veland/PiDay
    write-file /Users/veland/Library/Developer/Xcode/DerivedData/PiDay-axnnscpgdymittggsrzywssgspgw/Build/Intermediates.noindex/PiDay.build/Debug-watchsimulator/PiDayWatchExtension.build/Objects-normal/arm64/PiDay\ Watch\ Extension.SwiftConstValuesFileList

WriteAuxiliaryFile /Users/veland/Library/Developer/Xcode/DerivedData/PiDay-axnnscpgdymittggsrzywssgspgw/Build/Intermediates.noindex/PiDay.build/Debug-watchsimulator/PiDayWatchExtension.build/Objects-normal/arm64/PiDay\ Watch\ Extension.LinkFileList (in target 'PiDayWatchExtension' from project 'PiDay')
    cd /Users/veland/PiDay
    write-file /Users/veland/Library/Developer/Xcode/DerivedData/PiDay-axnnscpgdymittggsrzywssgspgw/Build/Intermediates.noindex/PiDay.build/Debug-watchsimulator/PiDayWatchExtension.build/Objects-normal/arm64/PiDay\ Watch\ Extension.LinkFileList

WriteAuxiliaryFile /Users/veland/Library/Developer/Xcode/DerivedData/PiDay-axnnscpgdymittggsrzywssgspgw/Build/Intermediates.noindex/PiDay.build/Debug-iphonesimulator/PiDayTests.build/empty-PiDayTests.plist (in target 'PiDayTests' from project 'PiDay')
    cd /Users/veland/PiDay
    write-file /Users/veland/Library/Developer/Xcode/DerivedData/PiDay-axnnscpgdymittggsrzywssgspgw/Build/Intermediates.noindex/PiDay.build/Debug-iphonesimulator/PiDayTests.build/empty-PiDayTests.plist

WriteAuxiliaryFile /Users/veland/Library/Developer/Xcode/DerivedData/PiDay-axnnscpgdymittggsrzywssgspgw/Build/Intermediates.noindex/PiDay.build/Debug-iphonesimulator/PiDayTests.build/PiDayTests.DependencyStaticMetadataFileList (in target 'PiDayTests' from project 'PiDay')
    cd /Users/veland/PiDay
    write-file /Users/veland/Library/Developer/Xcode/DerivedData/PiDay-axnnscpgdymittggsrzywssgspgw/Build/Intermediates.noindex/PiDay.build/Debug-iphonesimulator/PiDayTests.build/PiDayTests.DependencyStaticMetadataFileList

WriteAuxiliaryFile /Users/veland/Library/Developer/Xcode/DerivedData/PiDay-axnnscpgdymittggsrzywssgspgw/Build/Intermediates.noindex/PiDay.build/Debug-iphonesimulator/PiDayTests.build/PiDayTests-project-headers.hmap (in target 'PiDayTests' from project 'PiDay')
    cd /Users/veland/PiDay
    write-file /Users/veland/Library/Developer/Xcode/DerivedData/PiDay-axnnscpgdymittggsrzywssgspgw/Build/Intermediates.noindex/PiDay.build/Debug-iphonesimulator/PiDayTests.build/PiDayTests-project-headers.hmap

WriteAuxiliaryFile /Users/veland/Library/Developer/Xcode/DerivedData/PiDay-axnnscpgdymittggsrzywssgspgw/Build/Intermediates.noindex/PiDay.build/Debug-iphonesimulator/PiDayTests.build/PiDayTests-own-target-headers.hmap (in target 'PiDayTests' from project 'PiDay')
    cd /Users/veland/PiDay
    write-file /Users/veland/Library/Developer/Xcode/DerivedData/PiDay-axnnscpgdymittggsrzywssgspgw/Build/Intermediates.noindex/PiDay.build/Debug-iphonesimulator/PiDayTests.build/PiDayTests-own-target-headers.hmap

WriteAuxiliaryFile /Users/veland/Library/Developer/Xcode/DerivedData/PiDay-axnnscpgdymittggsrzywssgspgw/Build/Intermediates.noindex/PiDay.build/Debug-iphonesimulator/PiDayTests.build/PiDayTests.hmap (in target 'PiDayTests' from project 'PiDay')
    cd /Users/veland/PiDay
    write-file /Users/veland/Library/Developer/Xcode/DerivedData/PiDay-axnnscpgdymittggsrzywssgspgw/Build/Intermediates.noindex/PiDay.build/Debug-iphonesimulator/PiDayTests.build/PiDayTests.hmap

WriteAuxiliaryFile /Users/veland/Library/Developer/Xcode/DerivedData/PiDay-axnnscpgdymittggsrzywssgspgw/Build/Intermediates.noindex/PiDay.build/Debug-iphonesimulator/PiDayTests.build/PiDayTests-generated-files.hmap (in target 'PiDayTests' from project 'PiDay')
    cd /Users/veland/PiDay
    write-file /Users/veland/Library/Developer/Xcode/DerivedData/PiDay-axnnscpgdymittggsrzywssgspgw/Build/Intermediates.noindex/PiDay.build/Debug-iphonesimulator/PiDayTests.build/PiDayTests-generated-files.hmap

WriteAuxiliaryFile /Users/veland/Library/Developer/Xcode/DerivedData/PiDay-axnnscpgdymittggsrzywssgspgw/Build/Intermediates.noindex/PiDay.build/Debug-iphonesimulator/PiDayTests.build/PiDayTests-all-target-headers.hmap (in target 'PiDayTests' from project 'PiDay')
    cd /Users/veland/PiDay
    write-file /Users/veland/Library/Developer/Xcode/DerivedData/PiDay-axnnscpgdymittggsrzywssgspgw/Build/Intermediates.noindex/PiDay.build/Debug-iphonesimulator/PiDayTests.build/PiDayTests-all-target-headers.hmap

WriteAuxiliaryFile /Users/veland/Library/Developer/Xcode/DerivedData/PiDay-axnnscpgdymittggsrzywssgspgw/Build/Intermediates.noindex/PiDay.build/Debug-iphonesimulator/PiDayTests.build/PiDayTests.DependencyMetadataFileList (in target 'PiDayTests' from project 'PiDay')
    cd /Users/veland/PiDay
    write-file /Users/veland/Library/Developer/Xcode/DerivedData/PiDay-axnnscpgdymittggsrzywssgspgw/Build/Intermediates.noindex/PiDay.build/Debug-iphonesimulator/PiDayTests.build/PiDayTests.DependencyMetadataFileList

WriteAuxiliaryFile /Users/veland/Library/Developer/Xcode/DerivedData/PiDay-axnnscpgdymittggsrzywssgspgw/Build/Intermediates.noindex/PiDay.build/Debug-iphonesimulator/PiDayTests.build/PiDayTests-all-non-framework-target-headers.hmap (in target 'PiDayTests' from project 'PiDay')
    cd /Users/veland/PiDay
    write-file /Users/veland/Library/Developer/Xcode/DerivedData/PiDay-axnnscpgdymittggsrzywssgspgw/Build/Intermediates.noindex/PiDay.build/Debug-iphonesimulator/PiDayTests.build/PiDayTests-all-non-framework-target-headers.hmap

WriteAuxiliaryFile /Users/veland/Library/Developer/Xcode/DerivedData/PiDay-axnnscpgdymittggsrzywssgspgw/Build/Intermediates.noindex/PiDay.build/Debug-iphonesimulator/PiDayTests.build/Objects-normal/arm64/PiDayTests_const_extract_protocols.json (in target 'PiDayTests' from project 'PiDay')
    cd /Users/veland/PiDay
    write-file /Users/veland/Library/Developer/Xcode/DerivedData/PiDay-axnnscpgdymittggsrzywssgspgw/Build/Intermediates.noindex/PiDay.build/Debug-iphonesimulator/PiDayTests.build/Objects-normal/arm64/PiDayTests_const_extract_protocols.json

WriteAuxiliaryFile /Users/veland/Library/Developer/Xcode/DerivedData/PiDay-axnnscpgdymittggsrzywssgspgw/Build/Intermediates.noindex/PiDay.build/Debug-iphonesimulator/PiDayTests.build/Objects-normal/arm64/PiDayTests.SwiftFileList (in target 'PiDayTests' from project 'PiDay')
    cd /Users/veland/PiDay
    write-file /Users/veland/Library/Developer/Xcode/DerivedData/PiDay-axnnscpgdymittggsrzywssgspgw/Build/Intermediates.noindex/PiDay.build/Debug-iphonesimulator/PiDayTests.build/Objects-normal/arm64/PiDayTests.SwiftFileList

WriteAuxiliaryFile /Users/veland/Library/Developer/Xcode/DerivedData/PiDay-axnnscpgdymittggsrzywssgspgw/Build/Intermediates.noindex/PiDay.build/Debug-iphonesimulator/PiDayTests.build/Objects-normal/arm64/PiDayTests-OutputFileMap.json (in target 'PiDayTests' from project 'PiDay')
    cd /Users/veland/PiDay
    write-file /Users/veland/Library/Developer/Xcode/DerivedData/PiDay-axnnscpgdymittggsrzywssgspgw/Build/Intermediates.noindex/PiDay.build/Debug-iphonesimulator/PiDayTests.build/Objects-normal/arm64/PiDayTests-OutputFileMap.json

WriteAuxiliaryFile /Users/veland/Library/Developer/Xcode/DerivedData/PiDay-axnnscpgdymittggsrzywssgspgw/Build/Intermediates.noindex/PiDay.build/Debug-iphonesimulator/PiDayTests.build/Objects-normal/arm64/PiDayTests.LinkFileList (in target 'PiDayTests' from project 'PiDay')
    cd /Users/veland/PiDay
    write-file /Users/veland/Library/Developer/Xcode/DerivedData/PiDay-axnnscpgdymittggsrzywssgspgw/Build/Intermediates.noindex/PiDay.build/Debug-iphonesimulator/PiDayTests.build/Objects-normal/arm64/PiDayTests.LinkFileList

WriteAuxiliaryFile /Users/veland/Library/Developer/Xcode/DerivedData/PiDay-axnnscpgdymittggsrzywssgspgw/Build/Intermediates.noindex/PiDay.build/Debug-iphonesimulator/PiDayTests.build/Objects-normal/arm64/PiDayTests.SwiftConstValuesFileList (in target 'PiDayTests' from project 'PiDay')
    cd /Users/veland/PiDay
    write-file /Users/veland/Library/Developer/Xcode/DerivedData/PiDay-axnnscpgdymittggsrzywssgspgw/Build/Intermediates.noindex/PiDay.build/Debug-iphonesimulator/PiDayTests.build/Objects-normal/arm64/PiDayTests.SwiftConstValuesFileList

ProcessProductPackagingDER /Users/veland/Library/Developer/Xcode/DerivedData/PiDay-axnnscpgdymittggsrzywssgspgw/Build/Intermediates.noindex/PiDay.build/Debug-iphonesimulator/PiDayWidget.build/PiDayWidget.appex.xcent /Users/veland/Library/Developer/Xcode/DerivedData/PiDay-axnnscpgdymittggsrzywssgspgw/Build/Intermediates.noindex/PiDay.build/Debug-iphonesimulator/PiDayWidget.build/PiDayWidget.appex.xcent.der (in target 'PiDayWidget' from project 'PiDay')
    cd /Users/veland/PiDay
    /usr/bin/derq query -f xml -i /Users/veland/Library/Developer/Xcode/DerivedData/PiDay-axnnscpgdymittggsrzywssgspgw/Build/Intermediates.noindex/PiDay.build/Debug-iphonesimulator/PiDayWidget.build/PiDayWidget.appex.xcent -o /Users/veland/Library/Developer/Xcode/DerivedData/PiDay-axnnscpgdymittggsrzywssgspgw/Build/Intermediates.noindex/PiDay.build/Debug-iphonesimulator/PiDayWidget.build/PiDayWidget.appex.xcent.der --raw

ProcessProductPackagingDER /Users/veland/Library/Developer/Xcode/DerivedData/PiDay-axnnscpgdymittggsrzywssgspgw/Build/Intermediates.noindex/PiDay.build/Debug-iphonesimulator/PiDayWidget.build/PiDayWidget.appex-Simulated.xcent /Users/veland/Library/Developer/Xcode/DerivedData/PiDay-axnnscpgdymittggsrzywssgspgw/Build/Intermediates.noindex/PiDay.build/Debug-iphonesimulator/PiDayWidget.build/PiDayWidget.appex-Simulated.xcent.der (in target 'PiDayWidget' from project 'PiDay')
    cd /Users/veland/PiDay
    /usr/bin/derq query -f xml -i /Users/veland/Library/Developer/Xcode/DerivedData/PiDay-axnnscpgdymittggsrzywssgspgw/Build/Intermediates.noindex/PiDay.build/Debug-iphonesimulator/PiDayWidget.build/PiDayWidget.appex-Simulated.xcent -o /Users/veland/Library/Developer/Xcode/DerivedData/PiDay-axnnscpgdymittggsrzywssgspgw/Build/Intermediates.noindex/PiDay.build/Debug-iphonesimulator/PiDayWidget.build/PiDayWidget.appex-Simulated.xcent.der --raw

MkDir /Users/veland/Library/Developer/Xcode/DerivedData/PiDay-axnnscpgdymittggsrzywssgspgw/Build/Products/Debug-watchsimulator/PiDay\ Watch\ Extension.appex (in target 'PiDayWatchExtension' from project 'PiDay')
    cd /Users/veland/PiDay
    /bin/mkdir -p /Users/veland/Library/Developer/Xcode/DerivedData/PiDay-axnnscpgdymittggsrzywssgspgw/Build/Products/Debug-watchsimulator/PiDay\ Watch\ Extension.appex

MkDir /Users/veland/Library/Developer/Xcode/DerivedData/PiDay-axnnscpgdymittggsrzywssgspgw/Build/Products/Debug-iphonesimulator/PiDay.app/PlugIns/PiDayTests.xctest (in target 'PiDayTests' from project 'PiDay')
    cd /Users/veland/PiDay
    /bin/mkdir -p /Users/veland/Library/Developer/Xcode/DerivedData/PiDay-axnnscpgdymittggsrzywssgspgw/Build/Products/Debug-iphonesimulator/PiDay.app/PlugIns/PiDayTests.xctest

ProcessProductPackaging "" /Users/veland/Library/Developer/Xcode/DerivedData/PiDay-axnnscpgdymittggsrzywssgspgw/Build/Intermediates.noindex/PiDay.build/Debug-watchsimulator/PiDayWatchExtension.build/PiDay\ Watch\ Extension.appex-Simulated.xcent (in target 'PiDayWatchExtension' from project 'PiDay')
    cd /Users/veland/PiDay
    
    Entitlements:
    
    {
    "application-identifier" = "54WU29TRTY.academy.glasscode.piday.watchkitapp.watchkitextension";
}
    
    builtin-productPackagingUtility -entitlements -format xml -o /Users/veland/Library/Developer/Xcode/DerivedData/PiDay-axnnscpgdymittggsrzywssgspgw/Build/Intermediates.noindex/PiDay.build/Debug-watchsimulator/PiDayWatchExtension.build/PiDay\ Watch\ Extension.appex-Simulated.xcent

ProcessProductPackagingDER /Users/veland/Library/Developer/Xcode/DerivedData/PiDay-axnnscpgdymittggsrzywssgspgw/Build/Intermediates.noindex/PiDay.build/Debug-watchsimulator/PiDayWatchExtension.build/PiDay\ Watch\ Extension.appex-Simulated.xcent /Users/veland/Library/Developer/Xcode/DerivedData/PiDay-axnnscpgdymittggsrzywssgspgw/Build/Intermediates.noindex/PiDay.build/Debug-watchsimulator/PiDayWatchExtension.build/PiDay\ Watch\ Extension.appex-Simulated.xcent.der (in target 'PiDayWatchExtension' from project 'PiDay')
    cd /Users/veland/PiDay
    /usr/bin/derq query -f xml -i /Users/veland/Library/Developer/Xcode/DerivedData/PiDay-axnnscpgdymittggsrzywssgspgw/Build/Intermediates.noindex/PiDay.build/Debug-watchsimulator/PiDayWatchExtension.build/PiDay\ Watch\ Extension.appex-Simulated.xcent -o /Users/veland/Library/Developer/Xcode/DerivedData/PiDay-axnnscpgdymittggsrzywssgspgw/Build/Intermediates.noindex/PiDay.build/Debug-watchsimulator/PiDayWatchExtension.build/PiDay\ Watch\ Extension.appex-Simulated.xcent.der --raw

ProcessInfoPlistFile /Users/veland/Library/Developer/Xcode/DerivedData/PiDay-axnnscpgdymittggsrzywssgspgw/Build/Products/Debug-iphonesimulator/PiDayWidget.appex/Info.plist /Users/veland/PiDay/PiDayWidget/Info.plist (in target 'PiDayWidget' from project 'PiDay')
    cd /Users/veland/PiDay
    builtin-infoPlistUtility /Users/veland/PiDay/PiDayWidget/Info.plist -producttype com.apple.product-type.app-extension -expandbuildsettings -format binary -platform iphonesimulator -o /Users/veland/Library/Developer/Xcode/DerivedData/PiDay-axnnscpgdymittggsrzywssgspgw/Build/Products/Debug-iphonesimulator/PiDayWidget.appex/Info.plist

Ld /Users/veland/Library/Developer/Xcode/DerivedData/PiDay-axnnscpgdymittggsrzywssgspgw/Build/Products/Debug-iphonesimulator/PiDayWidget.appex/__preview.dylib normal (in target 'PiDayWidget' from project 'PiDay')
    cd /Users/veland/PiDay
    /Applications/Xcode-beta.app/Contents/Developer/Toolchains/XcodeDefault.xctoolchain/usr/bin/clang -Xlinker -reproducible -target arm64-apple-ios17.0-simulator -dynamiclib -isysroot /Applications/Xcode-beta.app/Contents/Developer/Platforms/iPhoneSimulator.platform/Developer/SDKs/iPhoneSimulator26.4.sdk -O0 -L/Users/veland/Library/Developer/Xcode/DerivedData/PiDay-axnnscpgdymittggsrzywssgspgw/Build/Products/Debug-iphonesimulator -F/Users/veland/Library/Developer/Xcode/DerivedData/PiDay-axnnscpgdymittggsrzywssgspgw/Build/Products/Debug-iphonesimulator -install_name @rpath/PiDayWidget.debug.dylib -Xlinker -dead_strip -rdynamic -Xlinker -no_deduplicate -Xlinker -objc_abi_version -Xlinker 2 -Xlinker -dependency_info -Xlinker /Users/veland/Library/Developer/Xcode/DerivedData/PiDay-axnnscpgdymittggsrzywssgspgw/Build/Intermediates.noindex/PiDay.build/Debug-iphonesimulator/PiDayWidget.build/Objects-normal/arm64/PiDayWidget_dependency_info.dat -Xlinker -sectcreate -Xlinker __TEXT -Xlinker __entitlements -Xlinker /Users/veland/Library/Developer/Xcode/DerivedData/PiDay-axnnscpgdymittggsrzywssgspgw/Build/Intermediates.noindex/PiDay.build/Debug-iphonesimulator/PiDayWidget.build/PiDayWidget.appex-Simulated.xcent -Xlinker -sectcreate -Xlinker __TEXT -Xlinker __ents_der -Xlinker /Users/veland/Library/Developer/Xcode/DerivedData/PiDay-axnnscpgdymittggsrzywssgspgw/Build/Intermediates.noindex/PiDay.build/Debug-iphonesimulator/PiDayWidget.build/PiDayWidget.appex-Simulated.xcent.der -Xlinker -no_adhoc_codesign -o /Users/veland/Library/Developer/Xcode/DerivedData/PiDay-axnnscpgdymittggsrzywssgspgw/Build/Products/Debug-iphonesimulator/PiDayWidget.appex/__preview.dylib

CpResource /Users/veland/Library/Developer/Xcode/DerivedData/PiDay-axnnscpgdymittggsrzywssgspgw/Build/Products/Debug-iphonesimulator/PiDayWidget.appex/pi_2026_2035_index.json /Users/veland/PiDay/PiDay/Resources/pi_2026_2035_index.json (in target 'PiDayWidget' from project 'PiDay')
    cd /Users/veland/PiDay
    builtin-copy -exclude .DS_Store -exclude CVS -exclude .svn -exclude .git -exclude .hg -resolve-src-symlinks /Users/veland/PiDay/PiDay/Resources/pi_2026_2035_index.json /Users/veland/Library/Developer/Xcode/DerivedData/PiDay-axnnscpgdymittggsrzywssgspgw/Build/Products/Debug-iphonesimulator/PiDayWidget.appex

CpResource /Users/veland/Library/Developer/Xcode/DerivedData/PiDay-axnnscpgdymittggsrzywssgspgw/Build/Products/Debug-iphonesimulator/PiDayWidget.appex/PrivacyInfo.xcprivacy /Users/veland/PiDay/PiDayWidget/PrivacyInfo.xcprivacy (in target 'PiDayWidget' from project 'PiDay')
    cd /Users/veland/PiDay
    builtin-copy -exclude .DS_Store -exclude CVS -exclude .svn -exclude .git -exclude .hg -resolve-src-symlinks /Users/veland/PiDay/PiDayWidget/PrivacyInfo.xcprivacy /Users/veland/Library/Developer/Xcode/DerivedData/PiDay-axnnscpgdymittggsrzywssgspgw/Build/Products/Debug-iphonesimulator/PiDayWidget.appex

ProcessInfoPlistFile /Users/veland/Library/Developer/Xcode/DerivedData/PiDay-axnnscpgdymittggsrzywssgspgw/Build/Products/Debug-watchsimulator/PiDay\ Watch\ Extension.appex/Info.plist /Users/veland/PiDay/PiDayWatchExtension/Info.plist (in target 'PiDayWatchExtension' from project 'PiDay')
    cd /Users/veland/PiDay
    builtin-infoPlistUtility /Users/veland/PiDay/PiDayWatchExtension/Info.plist -producttype com.apple.product-type.watchkit2-extension -expandbuildsettings -format binary -platform watchsimulator -o /Users/veland/Library/Developer/Xcode/DerivedData/PiDay-axnnscpgdymittggsrzywssgspgw/Build/Products/Debug-watchsimulator/PiDay\ Watch\ Extension.appex/Info.plist

Ld /Users/veland/Library/Developer/Xcode/DerivedData/PiDay-axnnscpgdymittggsrzywssgspgw/Build/Intermediates.noindex/PiDay.build/Debug-watchsimulator/PiDayWatchExtension.build/Objects-normal/x86_64/Binary/__preview.dylib normal x86_64 (in target 'PiDayWatchExtension' from project 'PiDay')
    cd /Users/veland/PiDay
    /Applications/Xcode-beta.app/Contents/Developer/Toolchains/XcodeDefault.xctoolchain/usr/bin/clang -Xlinker -reproducible -target x86_64-apple-watchos10.0-simulator -dynamiclib -isysroot /Applications/Xcode-beta.app/Contents/Developer/Platforms/WatchSimulator.platform/Developer/SDKs/WatchSimulator26.4.sdk -O0 -L/Users/veland/Library/Developer/Xcode/DerivedData/PiDay-axnnscpgdymittggsrzywssgspgw/Build/Products/Debug-watchsimulator -F/Users/veland/Library/Developer/Xcode/DerivedData/PiDay-axnnscpgdymittggsrzywssgspgw/Build/Products/Debug-watchsimulator -install_name @rpath/PiDay\ Watch\ Extension.debug.dylib -Xlinker -dead_strip -rdynamic -Xlinker -no_deduplicate -Xlinker -objc_abi_version -Xlinker 2 -Xlinker -dependency_info -Xlinker /Users/veland/Library/Developer/Xcode/DerivedData/PiDay-axnnscpgdymittggsrzywssgspgw/Build/Intermediates.noindex/PiDay.build/Debug-watchsimulator/PiDayWatchExtension.build/Objects-normal/x86_64/PiDay\ Watch\ Extension_dependency_info.dat -Xlinker -sectcreate -Xlinker __TEXT -Xlinker __entitlements -Xlinker /Users/veland/Library/Developer/Xcode/DerivedData/PiDay-axnnscpgdymittggsrzywssgspgw/Build/Intermediates.noindex/PiDay.build/Debug-watchsimulator/PiDayWatchExtension.build/PiDay\ Watch\ Extension.appex-Simulated.xcent -Xlinker -sectcreate -Xlinker __TEXT -Xlinker __ents_der -Xlinker /Users/veland/Library/Developer/Xcode/DerivedData/PiDay-axnnscpgdymittggsrzywssgspgw/Build/Intermediates.noindex/PiDay.build/Debug-watchsimulator/PiDayWatchExtension.build/PiDay\ Watch\ Extension.appex-Simulated.xcent.der -Xlinker -no_adhoc_codesign -o /Users/veland/Library/Developer/Xcode/DerivedData/PiDay-axnnscpgdymittggsrzywssgspgw/Build/Intermediates.noindex/PiDay.build/Debug-watchsimulator/PiDayWatchExtension.build/Objects-normal/x86_64/Binary/__preview.dylib

CpResource /Users/veland/Library/Developer/Xcode/DerivedData/PiDay-axnnscpgdymittggsrzywssgspgw/Build/Products/Debug-watchsimulator/PiDay\ Watch\ Extension.appex/pi_2026_2035_index.json /Users/veland/PiDay/PiDay/Resources/pi_2026_2035_index.json (in target 'PiDayWatchExtension' from project 'PiDay')
    cd /Users/veland/PiDay
    builtin-copy -exclude .DS_Store -exclude CVS -exclude .svn -exclude .git -exclude .hg -resolve-src-symlinks /Users/veland/PiDay/PiDay/Resources/pi_2026_2035_index.json /Users/veland/Library/Developer/Xcode/DerivedData/PiDay-axnnscpgdymittggsrzywssgspgw/Build/Products/Debug-watchsimulator/PiDay\ Watch\ Extension.appex

Ld /Users/veland/Library/Developer/Xcode/DerivedData/PiDay-axnnscpgdymittggsrzywssgspgw/Build/Intermediates.noindex/PiDay.build/Debug-watchsimulator/PiDayWatchExtension.build/Objects-normal/arm64/Binary/__preview.dylib normal arm64 (in target 'PiDayWatchExtension' from project 'PiDay')
    cd /Users/veland/PiDay
    /Applications/Xcode-beta.app/Contents/Developer/Toolchains/XcodeDefault.xctoolchain/usr/bin/clang -Xlinker -reproducible -target arm64-apple-watchos10.0-simulator -dynamiclib -isysroot /Applications/Xcode-beta.app/Contents/Developer/Platforms/WatchSimulator.platform/Developer/SDKs/WatchSimulator26.4.sdk -O0 -L/Users/veland/Library/Developer/Xcode/DerivedData/PiDay-axnnscpgdymittggsrzywssgspgw/Build/Products/Debug-watchsimulator -F/Users/veland/Library/Developer/Xcode/DerivedData/PiDay-axnnscpgdymittggsrzywssgspgw/Build/Products/Debug-watchsimulator -install_name @rpath/PiDay\ Watch\ Extension.debug.dylib -Xlinker -dead_strip -rdynamic -Xlinker -no_deduplicate -Xlinker -objc_abi_version -Xlinker 2 -Xlinker -dependency_info -Xlinker /Users/veland/Library/Developer/Xcode/DerivedData/PiDay-axnnscpgdymittggsrzywssgspgw/Build/Intermediates.noindex/PiDay.build/Debug-watchsimulator/PiDayWatchExtension.build/Objects-normal/arm64/PiDay\ Watch\ Extension_dependency_info.dat -Xlinker -sectcreate -Xlinker __TEXT -Xlinker __entitlements -Xlinker /Users/veland/Library/Developer/Xcode/DerivedData/PiDay-axnnscpgdymittggsrzywssgspgw/Build/Intermediates.noindex/PiDay.build/Debug-watchsimulator/PiDayWatchExtension.build/PiDay\ Watch\ Extension.appex-Simulated.xcent -Xlinker -sectcreate -Xlinker __TEXT -Xlinker __ents_der -Xlinker /Users/veland/Library/Developer/Xcode/DerivedData/PiDay-axnnscpgdymittggsrzywssgspgw/Build/Intermediates.noindex/PiDay.build/Debug-watchsimulator/PiDayWatchExtension.build/PiDay\ Watch\ Extension.appex-Simulated.xcent.der -Xlinker -no_adhoc_codesign -o /Users/veland/Library/Developer/Xcode/DerivedData/PiDay-axnnscpgdymittggsrzywssgspgw/Build/Intermediates.noindex/PiDay.build/Debug-watchsimulator/PiDayWatchExtension.build/Objects-normal/arm64/Binary/__preview.dylib

CreateUniversalBinary /Users/veland/Library/Developer/Xcode/DerivedData/PiDay-axnnscpgdymittggsrzywssgspgw/Build/Products/Debug-watchsimulator/PiDay\ Watch\ Extension.appex/__preview.dylib normal arm64\ x86_64 (in target 'PiDayWatchExtension' from project 'PiDay')
    cd /Users/veland/PiDay
    /Applications/Xcode-beta.app/Contents/Developer/Toolchains/XcodeDefault.xctoolchain/usr/bin/lipo -create /Users/veland/Library/Developer/Xcode/DerivedData/PiDay-axnnscpgdymittggsrzywssgspgw/Build/Intermediates.noindex/PiDay.build/Debug-watchsimulator/PiDayWatchExtension.build/Objects-normal/arm64/Binary/__preview.dylib /Users/veland/Library/Developer/Xcode/DerivedData/PiDay-axnnscpgdymittggsrzywssgspgw/Build/Intermediates.noindex/PiDay.build/Debug-watchsimulator/PiDayWatchExtension.build/Objects-normal/x86_64/Binary/__preview.dylib -output /Users/veland/Library/Developer/Xcode/DerivedData/PiDay-axnnscpgdymittggsrzywssgspgw/Build/Products/Debug-watchsimulator/PiDay\ Watch\ Extension.appex/__preview.dylib

SwiftDriver PiDayWatchExtension normal arm64 com.apple.xcode.tools.swift.compiler (in target 'PiDayWatchExtension' from project 'PiDay')
    cd /Users/veland/PiDay
    builtin-SwiftDriver -- /Applications/Xcode-beta.app/Contents/Developer/Toolchains/XcodeDefault.xctoolchain/usr/bin/swiftc -module-name PiDay_Watch_Extension -Onone @/Users/veland/Library/Developer/Xcode/DerivedData/PiDay-axnnscpgdymittggsrzywssgspgw/Build/Intermediates.noindex/PiDay.build/Debug-watchsimulator/PiDayWatchExtension.build/Objects-normal/arm64/PiDay\ Watch\ Extension.SwiftFileList -DDEBUG -enable-experimental-feature DebugDescriptionMacro -sdk /Applications/Xcode-beta.app/Contents/Developer/Platforms/WatchSimulator.platform/Developer/SDKs/WatchSimulator26.4.sdk -target arm64-apple-watchos10.0-simulator -g -module-cache-path /Users/veland/Library/Developer/Xcode/DerivedData/ModuleCache.noindex -Xfrontend -serialize-debugging-options -application-extension -enable-testing -index-store-path /Users/veland/Library/Developer/Xcode/DerivedData/PiDay-axnnscpgdymittggsrzywssgspgw/Index.noindex/DataStore -Xcc -D_LIBCPP_HARDENING_MODE\=_LIBCPP_HARDENING_MODE_DEBUG -swift-version 6 -I /Users/veland/Library/Developer/Xcode/DerivedData/PiDay-axnnscpgdymittggsrzywssgspgw/Build/Products/Debug-watchsimulator -F /Users/veland/Library/Developer/Xcode/DerivedData/PiDay-axnnscpgdymittggsrzywssgspgw/Build/Products/Debug-watchsimulator -emit-localized-strings -emit-localized-strings-path /Users/veland/Library/Developer/Xcode/DerivedData/PiDay-axnnscpgdymittggsrzywssgspgw/Build/Intermediates.noindex/PiDay.build/Debug-watchsimulator/PiDayWatchExtension.build/Objects-normal/arm64 -c -j14 -enable-batch-mode -incremental -Xcc -ivfsstatcache -Xcc /Users/veland/Library/Developer/Xcode/DerivedData/SDKStatCaches.noindex/watchsimulator26.4-23T5235a-07cc7bb27374d4f60ba1ed986cf98d97.sdkstatcache -output-file-map /Users/veland/Library/Developer/Xcode/DerivedData/PiDay-axnnscpgdymittggsrzywssgspgw/Build/Intermediates.noindex/PiDay.build/Debug-watchsimulator/PiDayWatchExtension.build/Objects-normal/arm64/PiDayWatchExtension-OutputFileMap.json -use-frontend-parseable-output -save-temps -no-color-diagnostics -explicit-module-build -module-cache-path /Users/veland/Library/Developer/Xcode/DerivedData/PiDay-axnnscpgdymittggsrzywssgspgw/Build/Intermediates.noindex/SwiftExplicitPrecompiledModules -clang-scanner-module-cache-path /Users/veland/Library/Developer/Xcode/DerivedData/ModuleCache.noindex -sdk-module-cache-path /Users/veland/Library/Developer/Xcode/DerivedData/ModuleCache.noindex -serialize-diagnostics -emit-dependencies -emit-module -emit-module-path /Users/veland/Library/Developer/Xcode/DerivedData/PiDay-axnnscpgdymittggsrzywssgspgw/Build/Intermediates.noindex/PiDay.build/Debug-watchsimulator/PiDayWatchExtension.build/Objects-normal/arm64/PiDay_Watch_Extension.swiftmodule -validate-clang-modules-once -clang-build-session-file /Users/veland/Library/Developer/Xcode/DerivedData/ModuleCache.noindex/Session.modulevalidation -Xcc -I/Users/veland/Library/Developer/Xcode/DerivedData/PiDay-axnnscpgdymittggsrzywssgspgw/Build/Intermediates.noindex/PiDay.build/Debug-watchsimulator/PiDayWatchExtension.build/swift-overrides.hmap -emit-const-values -Xfrontend -const-gather-protocols-file -Xfrontend /Users/veland/Library/Developer/Xcode/DerivedData/PiDay-axnnscpgdymittggsrzywssgspgw/Build/Intermediates.noindex/PiDay.build/Debug-watchsimulator/PiDayWatchExtension.build/Objects-normal/arm64/PiDayWatchExtension_const_extract_protocols.json -Xcc -iquote -Xcc /Users/veland/Library/Developer/Xcode/DerivedData/PiDay-axnnscpgdymittggsrzywssgspgw/Build/Intermediates.noindex/PiDay.build/Debug-watchsimulator/PiDayWatchExtension.build/PiDay\ Watch\ Extension-generated-files.hmap -Xcc -I/Users/veland/Library/Developer/Xcode/DerivedData/PiDay-axnnscpgdymittggsrzywssgspgw/Build/Intermediates.noindex/PiDay.build/Debug-watchsimulator/PiDayWatchExtension.build/PiDay\ Watch\ Extension-own-target-headers.hmap -Xcc -I/Users/veland/Library/Developer/Xcode/DerivedData/PiDay-axnnscpgdymittggsrzywssgspgw/Build/Intermediates.noindex/PiDay.build/Debug-watchsimulator/PiDayWatchExtension.build/PiDay\ Watch\ Extension-all-target-headers.hmap -Xcc -iquote -Xcc /Users/veland/Library/Developer/Xcode/DerivedData/PiDay-axnnscpgdymittggsrzywssgspgw/Build/Intermediates.noindex/PiDay.build/Debug-watchsimulator/PiDayWatchExtension.build/PiDay\ Watch\ Extension-project-headers.hmap -Xcc -I/Users/veland/Library/Developer/Xcode/DerivedData/PiDay-axnnscpgdymittggsrzywssgspgw/Build/Products/Debug-watchsimulator/include -Xcc -I/Users/veland/Library/Developer/Xcode/DerivedData/PiDay-axnnscpgdymittggsrzywssgspgw/Build/Intermediates.noindex/PiDay.build/Debug-watchsimulator/PiDayWatchExtension.build/DerivedSources-normal/arm64 -Xcc -I/Users/veland/Library/Developer/Xcode/DerivedData/PiDay-axnnscpgdymittggsrzywssgspgw/Build/Intermediates.noindex/PiDay.build/Debug-watchsimulator/PiDayWatchExtension.build/DerivedSources/arm64 -Xcc -I/Users/veland/Library/Developer/Xcode/DerivedData/PiDay-axnnscpgdymittggsrzywssgspgw/Build/Intermediates.noindex/PiDay.build/Debug-watchsimulator/PiDayWatchExtension.build/DerivedSources -Xcc -DDEBUG\=1 -emit-objc-header -emit-objc-header-path /Users/veland/Library/Developer/Xcode/DerivedData/PiDay-axnnscpgdymittggsrzywssgspgw/Build/Intermediates.noindex/PiDay.build/Debug-watchsimulator/PiDayWatchExtension.build/Objects-normal/arm64/PiDay_Watch_Extension-Swift.h -working-directory /Users/veland/PiDay -experimental-emit-module-separately -disable-cmo

SwiftDriver PiDayWatchExtension normal x86_64 com.apple.xcode.tools.swift.compiler (in target 'PiDayWatchExtension' from project 'PiDay')
    cd /Users/veland/PiDay
    builtin-SwiftDriver -- /Applications/Xcode-beta.app/Contents/Developer/Toolchains/XcodeDefault.xctoolchain/usr/bin/swiftc -module-name PiDay_Watch_Extension -Onone @/Users/veland/Library/Developer/Xcode/DerivedData/PiDay-axnnscpgdymittggsrzywssgspgw/Build/Intermediates.noindex/PiDay.build/Debug-watchsimulator/PiDayWatchExtension.build/Objects-normal/x86_64/PiDay\ Watch\ Extension.SwiftFileList -DDEBUG -enable-experimental-feature DebugDescriptionMacro -sdk /Applications/Xcode-beta.app/Contents/Developer/Platforms/WatchSimulator.platform/Developer/SDKs/WatchSimulator26.4.sdk -target x86_64-apple-watchos10.0-simulator -g -module-cache-path /Users/veland/Library/Developer/Xcode/DerivedData/ModuleCache.noindex -Xfrontend -serialize-debugging-options -application-extension -enable-testing -index-store-path /Users/veland/Library/Developer/Xcode/DerivedData/PiDay-axnnscpgdymittggsrzywssgspgw/Index.noindex/DataStore -Xcc -D_LIBCPP_HARDENING_MODE\=_LIBCPP_HARDENING_MODE_DEBUG -swift-version 6 -I /Users/veland/Library/Developer/Xcode/DerivedData/PiDay-axnnscpgdymittggsrzywssgspgw/Build/Products/Debug-watchsimulator -F /Users/veland/Library/Developer/Xcode/DerivedData/PiDay-axnnscpgdymittggsrzywssgspgw/Build/Products/Debug-watchsimulator -emit-localized-strings -emit-localized-strings-path /Users/veland/Library/Developer/Xcode/DerivedData/PiDay-axnnscpgdymittggsrzywssgspgw/Build/Intermediates.noindex/PiDay.build/Debug-watchsimulator/PiDayWatchExtension.build/Objects-normal/x86_64 -c -j14 -enable-batch-mode -incremental -Xcc -ivfsstatcache -Xcc /Users/veland/Library/Developer/Xcode/DerivedData/SDKStatCaches.noindex/watchsimulator26.4-23T5235a-07cc7bb27374d4f60ba1ed986cf98d97.sdkstatcache -output-file-map /Users/veland/Library/Developer/Xcode/DerivedData/PiDay-axnnscpgdymittggsrzywssgspgw/Build/Intermediates.noindex/PiDay.build/Debug-watchsimulator/PiDayWatchExtension.build/Objects-normal/x86_64/PiDayWatchExtension-OutputFileMap.json -use-frontend-parseable-output -save-temps -no-color-diagnostics -explicit-module-build -module-cache-path /Users/veland/Library/Developer/Xcode/DerivedData/PiDay-axnnscpgdymittggsrzywssgspgw/Build/Intermediates.noindex/SwiftExplicitPrecompiledModules -clang-scanner-module-cache-path /Users/veland/Library/Developer/Xcode/DerivedData/ModuleCache.noindex -sdk-module-cache-path /Users/veland/Library/Developer/Xcode/DerivedData/ModuleCache.noindex -serialize-diagnostics -emit-dependencies -emit-module -emit-module-path /Users/veland/Library/Developer/Xcode/DerivedData/PiDay-axnnscpgdymittggsrzywssgspgw/Build/Intermediates.noindex/PiDay.build/Debug-watchsimulator/PiDayWatchExtension.build/Objects-normal/x86_64/PiDay_Watch_Extension.swiftmodule -validate-clang-modules-once -clang-build-session-file /Users/veland/Library/Developer/Xcode/DerivedData/ModuleCache.noindex/Session.modulevalidation -Xcc -I/Users/veland/Library/Developer/Xcode/DerivedData/PiDay-axnnscpgdymittggsrzywssgspgw/Build/Intermediates.noindex/PiDay.build/Debug-watchsimulator/PiDayWatchExtension.build/swift-overrides.hmap -emit-const-values -Xfrontend -const-gather-protocols-file -Xfrontend /Users/veland/Library/Developer/Xcode/DerivedData/PiDay-axnnscpgdymittggsrzywssgspgw/Build/Intermediates.noindex/PiDay.build/Debug-watchsimulator/PiDayWatchExtension.build/Objects-normal/x86_64/PiDayWatchExtension_const_extract_protocols.json -Xcc -iquote -Xcc /Users/veland/Library/Developer/Xcode/DerivedData/PiDay-axnnscpgdymittggsrzywssgspgw/Build/Intermediates.noindex/PiDay.build/Debug-watchsimulator/PiDayWatchExtension.build/PiDay\ Watch\ Extension-generated-files.hmap -Xcc -I/Users/veland/Library/Developer/Xcode/DerivedData/PiDay-axnnscpgdymittggsrzywssgspgw/Build/Intermediates.noindex/PiDay.build/Debug-watchsimulator/PiDayWatchExtension.build/PiDay\ Watch\ Extension-own-target-headers.hmap -Xcc -I/Users/veland/Library/Developer/Xcode/DerivedData/PiDay-axnnscpgdymittggsrzywssgspgw/Build/Intermediates.noindex/PiDay.build/Debug-watchsimulator/PiDayWatchExtension.build/PiDay\ Watch\ Extension-all-target-headers.hmap -Xcc -iquote -Xcc /Users/veland/Library/Developer/Xcode/DerivedData/PiDay-axnnscpgdymittggsrzywssgspgw/Build/Intermediates.noindex/PiDay.build/Debug-watchsimulator/PiDayWatchExtension.build/PiDay\ Watch\ Extension-project-headers.hmap -Xcc -I/Users/veland/Library/Developer/Xcode/DerivedData/PiDay-axnnscpgdymittggsrzywssgspgw/Build/Products/Debug-watchsimulator/include -Xcc -I/Users/veland/Library/Developer/Xcode/DerivedData/PiDay-axnnscpgdymittggsrzywssgspgw/Build/Intermediates.noindex/PiDay.build/Debug-watchsimulator/PiDayWatchExtension.build/DerivedSources-normal/x86_64 -Xcc -I/Users/veland/Library/Developer/Xcode/DerivedData/PiDay-axnnscpgdymittggsrzywssgspgw/Build/Intermediates.noindex/PiDay.build/Debug-watchsimulator/PiDayWatchExtension.build/DerivedSources/x86_64 -Xcc -I/Users/veland/Library/Developer/Xcode/DerivedData/PiDay-axnnscpgdymittggsrzywssgspgw/Build/Intermediates.noindex/PiDay.build/Debug-watchsimulator/PiDayWatchExtension.build/DerivedSources -Xcc -DDEBUG\=1 -emit-objc-header -emit-objc-header-path /Users/veland/Library/Developer/Xcode/DerivedData/PiDay-axnnscpgdymittggsrzywssgspgw/Build/Intermediates.noindex/PiDay.build/Debug-watchsimulator/PiDayWatchExtension.build/Objects-normal/x86_64/PiDay_Watch_Extension-Swift.h -working-directory /Users/veland/PiDay -experimental-emit-module-separately -disable-cmo

SwiftMergeGeneratedHeaders /Users/veland/Library/Developer/Xcode/DerivedData/PiDay-axnnscpgdymittggsrzywssgspgw/Build/Intermediates.noindex/PiDay.build/Debug-iphonesimulator/PiDayWidget.build/DerivedSources/PiDayWidget-Swift.h /Users/veland/Library/Developer/Xcode/DerivedData/PiDay-axnnscpgdymittggsrzywssgspgw/Build/Intermediates.noindex/PiDay.build/Debug-iphonesimulator/PiDayWidget.build/Objects-normal/arm64/PiDayWidget-Swift.h (in target 'PiDayWidget' from project 'PiDay')
    cd /Users/veland/PiDay
    builtin-swiftHeaderTool -arch arm64 /Users/veland/Library/Developer/Xcode/DerivedData/PiDay-axnnscpgdymittggsrzywssgspgw/Build/Intermediates.noindex/PiDay.build/Debug-iphonesimulator/PiDayWidget.build/Objects-normal/arm64/PiDayWidget-Swift.h -o /Users/veland/Library/Developer/Xcode/DerivedData/PiDay-axnnscpgdymittggsrzywssgspgw/Build/Intermediates.noindex/PiDay.build/Debug-iphonesimulator/PiDayWidget.build/DerivedSources/PiDayWidget-Swift.h

Copy /Users/veland/Library/Developer/Xcode/DerivedData/PiDay-axnnscpgdymittggsrzywssgspgw/Build/Products/Debug-iphonesimulator/PiDayWidget.swiftmodule/arm64-apple-ios-simulator.swiftmodule /Users/veland/Library/Developer/Xcode/DerivedData/PiDay-axnnscpgdymittggsrzywssgspgw/Build/Intermediates.noindex/PiDay.build/Debug-iphonesimulator/PiDayWidget.build/Objects-normal/arm64/PiDayWidget.swiftmodule (in target 'PiDayWidget' from project 'PiDay')
    cd /Users/veland/PiDay
    builtin-copy -exclude .DS_Store -exclude CVS -exclude .svn -exclude .git -exclude .hg -resolve-src-symlinks -rename /Users/veland/Library/Developer/Xcode/DerivedData/PiDay-axnnscpgdymittggsrzywssgspgw/Build/Intermediates.noindex/PiDay.build/Debug-iphonesimulator/PiDayWidget.build/Objects-normal/arm64/PiDayWidget.swiftmodule /Users/veland/Library/Developer/Xcode/DerivedData/PiDay-axnnscpgdymittggsrzywssgspgw/Build/Products/Debug-iphonesimulator/PiDayWidget.swiftmodule/arm64-apple-ios-simulator.swiftmodule

Copy /Users/veland/Library/Developer/Xcode/DerivedData/PiDay-axnnscpgdymittggsrzywssgspgw/Build/Products/Debug-iphonesimulator/PiDayWidget.swiftmodule/arm64-apple-ios-simulator.swiftdoc /Users/veland/Library/Developer/Xcode/DerivedData/PiDay-axnnscpgdymittggsrzywssgspgw/Build/Intermediates.noindex/PiDay.build/Debug-iphonesimulator/PiDayWidget.build/Objects-normal/arm64/PiDayWidget.swiftdoc (in target 'PiDayWidget' from project 'PiDay')
    cd /Users/veland/PiDay
    builtin-copy -exclude .DS_Store -exclude CVS -exclude .svn -exclude .git -exclude .hg -resolve-src-symlinks -rename /Users/veland/Library/Developer/Xcode/DerivedData/PiDay-axnnscpgdymittggsrzywssgspgw/Build/Intermediates.noindex/PiDay.build/Debug-iphonesimulator/PiDayWidget.build/Objects-normal/arm64/PiDayWidget.swiftdoc /Users/veland/Library/Developer/Xcode/DerivedData/PiDay-axnnscpgdymittggsrzywssgspgw/Build/Products/Debug-iphonesimulator/PiDayWidget.swiftmodule/arm64-apple-ios-simulator.swiftdoc

Copy /Users/veland/Library/Developer/Xcode/DerivedData/PiDay-axnnscpgdymittggsrzywssgspgw/Build/Products/Debug-iphonesimulator/PiDayWidget.swiftmodule/arm64-apple-ios-simulator.abi.json /Users/veland/Library/Developer/Xcode/DerivedData/PiDay-axnnscpgdymittggsrzywssgspgw/Build/Intermediates.noindex/PiDay.build/Debug-iphonesimulator/PiDayWidget.build/Objects-normal/arm64/PiDayWidget.abi.json (in target 'PiDayWidget' from project 'PiDay')
    cd /Users/veland/PiDay
    builtin-copy -exclude .DS_Store -exclude CVS -exclude .svn -exclude .git -exclude .hg -resolve-src-symlinks -rename /Users/veland/Library/Developer/Xcode/DerivedData/PiDay-axnnscpgdymittggsrzywssgspgw/Build/Intermediates.noindex/PiDay.build/Debug-iphonesimulator/PiDayWidget.build/Objects-normal/arm64/PiDayWidget.abi.json /Users/veland/Library/Developer/Xcode/DerivedData/PiDay-axnnscpgdymittggsrzywssgspgw/Build/Products/Debug-iphonesimulator/PiDayWidget.swiftmodule/arm64-apple-ios-simulator.abi.json

Copy /Users/veland/Library/Developer/Xcode/DerivedData/PiDay-axnnscpgdymittggsrzywssgspgw/Build/Products/Debug-iphonesimulator/PiDayWidget.swiftmodule/Project/arm64-apple-ios-simulator.swiftsourceinfo /Users/veland/Library/Developer/Xcode/DerivedData/PiDay-axnnscpgdymittggsrzywssgspgw/Build/Intermediates.noindex/PiDay.build/Debug-iphonesimulator/PiDayWidget.build/Objects-normal/arm64/PiDayWidget.swiftsourceinfo (in target 'PiDayWidget' from project 'PiDay')
    cd /Users/veland/PiDay
    builtin-copy -exclude .DS_Store -exclude CVS -exclude .svn -exclude .git -exclude .hg -resolve-src-symlinks -rename /Users/veland/Library/Developer/Xcode/DerivedData/PiDay-axnnscpgdymittggsrzywssgspgw/Build/Intermediates.noindex/PiDay.build/Debug-iphonesimulator/PiDayWidget.build/Objects-normal/arm64/PiDayWidget.swiftsourceinfo /Users/veland/Library/Developer/Xcode/DerivedData/PiDay-axnnscpgdymittggsrzywssgspgw/Build/Products/Debug-iphonesimulator/PiDayWidget.swiftmodule/Project/arm64-apple-ios-simulator.swiftsourceinfo

Ld /Users/veland/Library/Developer/Xcode/DerivedData/PiDay-axnnscpgdymittggsrzywssgspgw/Build/Products/Debug-iphonesimulator/PiDayWidget.appex/PiDayWidget.debug.dylib normal (in target 'PiDayWidget' from project 'PiDay')
    cd /Users/veland/PiDay
    /Applications/Xcode-beta.app/Contents/Developer/Toolchains/XcodeDefault.xctoolchain/usr/bin/clang -Xlinker -reproducible -target arm64-apple-ios17.0-simulator -dynamiclib -isysroot /Applications/Xcode-beta.app/Contents/Developer/Platforms/iPhoneSimulator.platform/Developer/SDKs/iPhoneSimulator26.4.sdk -O0 -L/Users/veland/Library/Developer/Xcode/DerivedData/PiDay-axnnscpgdymittggsrzywssgspgw/Build/Intermediates.noindex/EagerLinkingTBDs/Debug-iphonesimulator -L/Users/veland/Library/Developer/Xcode/DerivedData/PiDay-axnnscpgdymittggsrzywssgspgw/Build/Products/Debug-iphonesimulator -F/Users/veland/Library/Developer/Xcode/DerivedData/PiDay-axnnscpgdymittggsrzywssgspgw/Build/Intermediates.noindex/EagerLinkingTBDs/Debug-iphonesimulator -F/Users/veland/Library/Developer/Xcode/DerivedData/PiDay-axnnscpgdymittggsrzywssgspgw/Build/Products/Debug-iphonesimulator -filelist /Users/veland/Library/Developer/Xcode/DerivedData/PiDay-axnnscpgdymittggsrzywssgspgw/Build/Intermediates.noindex/PiDay.build/Debug-iphonesimulator/PiDayWidget.build/Objects-normal/arm64/PiDayWidget.LinkFileList -install_name @rpath/PiDayWidget.debug.dylib -Xlinker -rpath -Xlinker /usr/lib/swift -Xlinker -rpath -Xlinker @executable_path/Frameworks -Xlinker -rpath -Xlinker @executable_path/../../Frameworks -Xlinker -dead_strip -Xlinker -object_path_lto -Xlinker /Users/veland/Library/Developer/Xcode/DerivedData/PiDay-axnnscpgdymittggsrzywssgspgw/Build/Intermediates.noindex/PiDay.build/Debug-iphonesimulator/PiDayWidget.build/Objects-normal/arm64/PiDayWidget_lto.o -rdynamic -Xlinker -no_deduplicate -Xlinker -objc_abi_version -Xlinker 2 -Xlinker -dependency_info -Xlinker /Users/veland/Library/Developer/Xcode/DerivedData/PiDay-axnnscpgdymittggsrzywssgspgw/Build/Intermediates.noindex/PiDay.build/Debug-iphonesimulator/PiDayWidget.build/Objects-normal/arm64/PiDayWidget_dependency_info.dat -fapplication-extension -fobjc-link-runtime -L/Applications/Xcode-beta.app/Contents/Developer/Toolchains/XcodeDefault.xctoolchain/usr/lib/swift/iphonesimulator -L/usr/lib/swift -Xlinker -add_ast_path -Xlinker /Users/veland/Library/Developer/Xcode/DerivedData/PiDay-axnnscpgdymittggsrzywssgspgw/Build/Intermediates.noindex/PiDay.build/Debug-iphonesimulator/PiDayWidget.build/Objects-normal/arm64/PiDayWidget.swiftmodule @/Users/veland/Library/Developer/Xcode/DerivedData/PiDay-axnnscpgdymittggsrzywssgspgw/Build/Intermediates.noindex/PiDay.build/Debug-iphonesimulator/PiDayWidget.build/Objects-normal/arm64/PiDayWidget-linker-args.resp -Xlinker -alias -Xlinker _NSExtensionMain -Xlinker ___debug_main_executable_dylib_entry_point -framework AppIntents -Xlinker -no_adhoc_codesign -o /Users/veland/Library/Developer/Xcode/DerivedData/PiDay-axnnscpgdymittggsrzywssgspgw/Build/Products/Debug-iphonesimulator/PiDayWidget.appex/PiDayWidget.debug.dylib

ConstructStubExecutorLinkFileList /Users/veland/Library/Developer/Xcode/DerivedData/PiDay-axnnscpgdymittggsrzywssgspgw/Build/Intermediates.noindex/PiDay.build/Debug-iphonesimulator/PiDayWidget.build/PiDayWidget-ExecutorLinkFileList-normal-arm64.txt (in target 'PiDayWidget' from project 'PiDay')
    cd /Users/veland/PiDay
    construct-stub-executor-link-file-list /Users/veland/Library/Developer/Xcode/DerivedData/PiDay-axnnscpgdymittggsrzywssgspgw/Build/Products/Debug-iphonesimulator/PiDayWidget.appex/PiDayWidget.debug.dylib /Applications/Xcode-beta.app/Contents/Developer/Platforms/iPhoneSimulator.platform/Developer/usr/lib/libPreviewsJITStubExecutor_no_swift_entry_point.a /Applications/Xcode-beta.app/Contents/Developer/Platforms/iPhoneSimulator.platform/Developer/usr/lib/libPreviewsJITStubExecutor.a --output /Users/veland/Library/Developer/Xcode/DerivedData/PiDay-axnnscpgdymittggsrzywssgspgw/Build/Intermediates.noindex/PiDay.build/Debug-iphonesimulator/PiDayWidget.build/PiDayWidget-ExecutorLinkFileList-normal-arm64.txt
note: Using stub executor library with Swift entry point. (in target 'PiDayWidget' from project 'PiDay')

Ld /Users/veland/Library/Developer/Xcode/DerivedData/PiDay-axnnscpgdymittggsrzywssgspgw/Build/Products/Debug-iphonesimulator/PiDayWidget.appex/PiDayWidget normal (in target 'PiDayWidget' from project 'PiDay')
    cd /Users/veland/PiDay
    /Applications/Xcode-beta.app/Contents/Developer/Toolchains/XcodeDefault.xctoolchain/usr/bin/clang -Xlinker -reproducible -target arm64-apple-ios17.0-simulator -isysroot /Applications/Xcode-beta.app/Contents/Developer/Platforms/iPhoneSimulator.platform/Developer/SDKs/iPhoneSimulator26.4.sdk -O0 -L/Users/veland/Library/Developer/Xcode/DerivedData/PiDay-axnnscpgdymittggsrzywssgspgw/Build/Products/Debug-iphonesimulator -F/Users/veland/Library/Developer/Xcode/DerivedData/PiDay-axnnscpgdymittggsrzywssgspgw/Build/Products/Debug-iphonesimulator -Xlinker -rpath -Xlinker @executable_path -Xlinker -rpath -Xlinker @executable_path/Frameworks -Xlinker -rpath -Xlinker @executable_path/../../Frameworks -rdynamic -Xlinker -no_deduplicate -Xlinker -objc_abi_version -Xlinker 2 -e ___debug_blank_executor_main -Xlinker -sectcreate -Xlinker __TEXT -Xlinker __debug_dylib -Xlinker /Users/veland/Library/Developer/Xcode/DerivedData/PiDay-axnnscpgdymittggsrzywssgspgw/Build/Intermediates.noindex/PiDay.build/Debug-iphonesimulator/PiDayWidget.build/PiDayWidget-DebugDylibPath-normal-arm64.txt -Xlinker -sectcreate -Xlinker __TEXT -Xlinker __debug_entry -Xlinker /Users/veland/Library/Developer/Xcode/DerivedData/PiDay-axnnscpgdymittggsrzywssgspgw/Build/Intermediates.noindex/PiDay.build/Debug-iphonesimulator/PiDayWidget.build/PiDayWidget-DebugEntryPoint-normal-arm64.txt -Xlinker -sectcreate -Xlinker __TEXT -Xlinker __debug_instlnm -Xlinker /Users/veland/Library/Developer/Xcode/DerivedData/PiDay-axnnscpgdymittggsrzywssgspgw/Build/Intermediates.noindex/PiDay.build/Debug-iphonesimulator/PiDayWidget.build/PiDayWidget-DebugDylibInstallName-normal-arm64.txt -Xlinker -filelist -Xlinker /Users/veland/Library/Developer/Xcode/DerivedData/PiDay-axnnscpgdymittggsrzywssgspgw/Build/Intermediates.noindex/PiDay.build/Debug-iphonesimulator/PiDayWidget.build/PiDayWidget-ExecutorLinkFileList-normal-arm64.txt -Xlinker -sectcreate -Xlinker __TEXT -Xlinker __entitlements -Xlinker /Users/veland/Library/Developer/Xcode/DerivedData/PiDay-axnnscpgdymittggsrzywssgspgw/Build/Intermediates.noindex/PiDay.build/Debug-iphonesimulator/PiDayWidget.build/PiDayWidget.appex-Simulated.xcent -Xlinker -sectcreate -Xlinker __TEXT -Xlinker __ents_der -Xlinker /Users/veland/Library/Developer/Xcode/DerivedData/PiDay-axnnscpgdymittggsrzywssgspgw/Build/Intermediates.noindex/PiDay.build/Debug-iphonesimulator/PiDayWidget.build/PiDayWidget.appex-Simulated.xcent.der /Users/veland/Library/Developer/Xcode/DerivedData/PiDay-axnnscpgdymittggsrzywssgspgw/Build/Products/Debug-iphonesimulator/PiDayWidget.appex/PiDayWidget.debug.dylib -Xlinker -no_adhoc_codesign -o /Users/veland/Library/Developer/Xcode/DerivedData/PiDay-axnnscpgdymittggsrzywssgspgw/Build/Products/Debug-iphonesimulator/PiDayWidget.appex/PiDayWidget

ExtractAppIntentsMetadata (in target 'PiDayWidget' from project 'PiDay')
    cd /Users/veland/PiDay
    /Applications/Xcode-beta.app/Contents/Developer/Toolchains/XcodeDefault.xctoolchain/usr/bin/appintentsmetadataprocessor --toolchain-dir /Applications/Xcode-beta.app/Contents/Developer/Toolchains/XcodeDefault.xctoolchain --module-name PiDayWidget --sdk-root /Applications/Xcode-beta.app/Contents/Developer/Platforms/iPhoneSimulator.platform/Developer/SDKs/iPhoneSimulator26.4.sdk --xcode-version 17E5179g --platform-family iOS --deployment-target 17.0 --bundle-identifier academy.glasscode.piday.PiDayWidget --output /Users/veland/Library/Developer/Xcode/DerivedData/PiDay-axnnscpgdymittggsrzywssgspgw/Build/Products/Debug-iphonesimulator/PiDayWidget.appex --target-triple arm64-apple-ios17.0-simulator --binary-file /Users/veland/Library/Developer/Xcode/DerivedData/PiDay-axnnscpgdymittggsrzywssgspgw/Build/Products/Debug-iphonesimulator/PiDayWidget.appex/PiDayWidget --dependency-file /Users/veland/Library/Developer/Xcode/DerivedData/PiDay-axnnscpgdymittggsrzywssgspgw/Build/Intermediates.noindex/PiDay.build/Debug-iphonesimulator/PiDayWidget.build/Objects-normal/arm64/PiDayWidget_dependency_info.dat --stringsdata-file /Users/veland/Library/Developer/Xcode/DerivedData/PiDay-axnnscpgdymittggsrzywssgspgw/Build/Intermediates.noindex/PiDay.build/Debug-iphonesimulator/PiDayWidget.build/Objects-normal/arm64/ExtractedAppShortcutsMetadata.stringsdata --source-file-list /Users/veland/Library/Developer/Xcode/DerivedData/PiDay-axnnscpgdymittggsrzywssgspgw/Build/Intermediates.noindex/PiDay.build/Debug-iphonesimulator/PiDayWidget.build/Objects-normal/arm64/PiDayWidget.SwiftFileList --metadata-file-list /Users/veland/Library/Developer/Xcode/DerivedData/PiDay-axnnscpgdymittggsrzywssgspgw/Build/Intermediates.noindex/PiDay.build/Debug-iphonesimulator/PiDayWidget.build/PiDayWidget.DependencyMetadataFileList --static-metadata-file-list /Users/veland/Library/Developer/Xcode/DerivedData/PiDay-axnnscpgdymittggsrzywssgspgw/Build/Intermediates.noindex/PiDay.build/Debug-iphonesimulator/PiDayWidget.build/PiDayWidget.DependencyStaticMetadataFileList --swift-const-vals-list /Users/veland/Library/Developer/Xcode/DerivedData/PiDay-axnnscpgdymittggsrzywssgspgw/Build/Intermediates.noindex/PiDay.build/Debug-iphonesimulator/PiDayWidget.build/Objects-normal/arm64/PiDayWidget.SwiftConstValuesFileList --compile-time-extraction --deployment-aware-processing --validate-assistant-intents --no-app-shortcuts-localization
2026-03-24 13:59:39.306 appintentsmetadataprocessor[76469:203733] Starting appintentsmetadataprocessor export
2026-03-24 13:59:39.345 appintentsmetadataprocessor[76469:203733] Writing Metadata.appintents
2026-03-24 13:59:39.345 appintentsmetadataprocessor[76469:203733] Metadata root: /Users/veland/Library/Developer/Xcode/DerivedData/PiDay-axnnscpgdymittggsrzywssgspgw/Build/Products/Debug-iphonesimulator/PiDayWidget.appex/Metadata.appintents

CodeSign /Users/veland/Library/Developer/Xcode/DerivedData/PiDay-axnnscpgdymittggsrzywssgspgw/Build/Products/Debug-iphonesimulator/PiDayWidget.appex/PiDayWidget.debug.dylib (in target 'PiDayWidget' from project 'PiDay')
    cd /Users/veland/PiDay
    
    Signing Identity:     "Sign to Run Locally"
    
    /usr/bin/codesign --force --sign - --timestamp\=none --generate-entitlement-der /Users/veland/Library/Developer/Xcode/DerivedData/PiDay-axnnscpgdymittggsrzywssgspgw/Build/Products/Debug-iphonesimulator/PiDayWidget.appex/PiDayWidget.debug.dylib

SwiftEmitModule normal x86_64 Emitting\ module\ for\ PiDay_Watch_Extension (in target 'PiDayWatchExtension' from project 'PiDay')

EmitSwiftModule normal x86_64 (in target 'PiDayWatchExtension' from project 'PiDay')
    cd /Users/veland/PiDay
    

SwiftCompile normal x86_64 Compiling\ PiDayWatchApp.swift /Users/veland/PiDay/PiDayWatchExtension/PiDayWatchApp.swift (in target 'PiDayWatchExtension' from project 'PiDay')

SwiftCompile normal x86_64 /Users/veland/PiDay/PiDayWatchExtension/PiDayWatchApp.swift (in target 'PiDayWatchExtension' from project 'PiDay')
    cd /Users/veland/PiDay
    

SwiftCompile normal x86_64 Compiling\ WatchAppModel.swift /Users/veland/PiDay/PiDayWatchExtension/WatchAppModel.swift (in target 'PiDayWatchExtension' from project 'PiDay')
SwiftCompile normal x86_64 /Users/veland/PiDay/PiDayWatchExtension/WatchAppModel.swift (in target 'PiDayWatchExtension' from project 'PiDay')
    cd /Users/veland/PiDay
    

SwiftCompile normal x86_64 Compiling\ WatchRootView.swift /Users/veland/PiDay/PiDayWatchExtension/WatchRootView.swift (in target 'PiDayWatchExtension' from project 'PiDay')
SwiftCompile normal x86_64 /Users/veland/PiDay/PiDayWatchExtension/WatchRootView.swift (in target 'PiDayWatchExtension' from project 'PiDay')
    cd /Users/veland/PiDay
    

SwiftCompile normal x86_64 Compiling\ SearchFormatPreference.swift /Users/veland/PiDay/PiDay/Core/Domain/SearchFormatPreference.swift (in target 'PiDayWatchExtension' from project 'PiDay')

SwiftCompile normal x86_64 /Users/veland/PiDay/PiDay/Core/Domain/SearchFormatPreference.swift (in target 'PiDayWatchExtension' from project 'PiDay')
    cd /Users/veland/PiDay
    

SwiftCompile normal x86_64 Compiling\ PiIndexPayload.swift /Users/veland/PiDay/PiDay/Core/Data/PiIndexPayload.swift (in target 'PiDayWatchExtension' from project 'PiDay')

SwiftCompile normal x86_64 /Users/veland/PiDay/PiDay/Core/Data/PiIndexPayload.swift (in target 'PiDayWatchExtension' from project 'PiDay')
    cd /Users/veland/PiDay
    

SwiftCompile normal x86_64 Compiling\ DateStringGenerator.swift /Users/veland/PiDay/PiDay/Core/Data/DateStringGenerator.swift (in target 'PiDayWatchExtension' from project 'PiDay')

SwiftCompile normal x86_64 /Users/veland/PiDay/PiDay/Core/Data/DateStringGenerator.swift (in target 'PiDayWatchExtension' from project 'PiDay')
    cd /Users/veland/PiDay
    

SwiftCompile normal x86_64 Compiling\ DefaultPiRepository.swift /Users/veland/PiDay/PiDay/Core/Repository/DefaultPiRepository.swift (in target 'PiDayWatchExtension' from project 'PiDay')

SwiftCompile normal x86_64 /Users/veland/PiDay/PiDay/Core/Repository/DefaultPiRepository.swift (in target 'PiDayWatchExtension' from project 'PiDay')
    cd /Users/veland/PiDay
    

SwiftCompile normal x86_64 Compiling\ DateFormatOption.swift /Users/veland/PiDay/PiDay/Core/Domain/DateFormatOption.swift (in target 'PiDayWatchExtension' from project 'PiDay')

SwiftCompile normal x86_64 /Users/veland/PiDay/PiDay/Core/Domain/DateFormatOption.swift (in target 'PiDayWatchExtension' from project 'PiDay')
    cd /Users/veland/PiDay
    

SwiftCompile normal x86_64 Compiling\ PiRepository.swift /Users/veland/PiDay/PiDay/Core/Repository/PiRepository.swift (in target 'PiDayWatchExtension' from project 'PiDay')

SwiftCompile normal x86_64 /Users/veland/PiDay/PiDay/Core/Repository/PiRepository.swift (in target 'PiDayWatchExtension' from project 'PiDay')
    cd /Users/veland/PiDay
    

SwiftCompile normal x86_64 Compiling\ PiMatch.swift /Users/veland/PiDay/PiDay/Core/Domain/PiMatch.swift (in target 'PiDayWatchExtension' from project 'PiDay')

SwiftCompile normal x86_64 /Users/veland/PiDay/PiDay/Core/Domain/PiMatch.swift (in target 'PiDayWatchExtension' from project 'PiDay')
    cd /Users/veland/PiDay
    

SwiftCompile normal x86_64 Compiling\ PiLiveLookupService.swift /Users/veland/PiDay/PiDay/Core/Repository/PiLiveLookupService.swift (in target 'PiDayWatchExtension' from project 'PiDay')

SwiftCompile normal x86_64 /Users/veland/PiDay/PiDay/Core/Repository/PiLiveLookupService.swift (in target 'PiDayWatchExtension' from project 'PiDay')
    cd /Users/veland/PiDay
    

SwiftDriver\ Compilation\ Requirements PiDayWatchExtension normal arm64 com.apple.xcode.tools.swift.compiler (in target 'PiDayWatchExtension' from project 'PiDay')
    cd /Users/veland/PiDay
    builtin-Swift-Compilation-Requirements -- /Applications/Xcode-beta.app/Contents/Developer/Toolchains/XcodeDefault.xctoolchain/usr/bin/swiftc -module-name PiDay_Watch_Extension -Onone @/Users/veland/Library/Developer/Xcode/DerivedData/PiDay-axnnscpgdymittggsrzywssgspgw/Build/Intermediates.noindex/PiDay.build/Debug-watchsimulator/PiDayWatchExtension.build/Objects-normal/arm64/PiDay\ Watch\ Extension.SwiftFileList -DDEBUG -enable-experimental-feature DebugDescriptionMacro -sdk /Applications/Xcode-beta.app/Contents/Developer/Platforms/WatchSimulator.platform/Developer/SDKs/WatchSimulator26.4.sdk -target arm64-apple-watchos10.0-simulator -g -module-cache-path /Users/veland/Library/Developer/Xcode/DerivedData/ModuleCache.noindex -Xfrontend -serialize-debugging-options -application-extension -enable-testing -index-store-path /Users/veland/Library/Developer/Xcode/DerivedData/PiDay-axnnscpgdymittggsrzywssgspgw/Index.noindex/DataStore -Xcc -D_LIBCPP_HARDENING_MODE\=_LIBCPP_HARDENING_MODE_DEBUG -swift-version 6 -I /Users/veland/Library/Developer/Xcode/DerivedData/PiDay-axnnscpgdymittggsrzywssgspgw/Build/Products/Debug-watchsimulator -F /Users/veland/Library/Developer/Xcode/DerivedData/PiDay-axnnscpgdymittggsrzywssgspgw/Build/Products/Debug-watchsimulator -emit-localized-strings -emit-localized-strings-path /Users/veland/Library/Developer/Xcode/DerivedData/PiDay-axnnscpgdymittggsrzywssgspgw/Build/Intermediates.noindex/PiDay.build/Debug-watchsimulator/PiDayWatchExtension.build/Objects-normal/arm64 -c -j14 -enable-batch-mode -incremental -Xcc -ivfsstatcache -Xcc /Users/veland/Library/Developer/Xcode/DerivedData/SDKStatCaches.noindex/watchsimulator26.4-23T5235a-07cc7bb27374d4f60ba1ed986cf98d97.sdkstatcache -output-file-map /Users/veland/Library/Developer/Xcode/DerivedData/PiDay-axnnscpgdymittggsrzywssgspgw/Build/Intermediates.noindex/PiDay.build/Debug-watchsimulator/PiDayWatchExtension.build/Objects-normal/arm64/PiDayWatchExtension-OutputFileMap.json -use-frontend-parseable-output -save-temps -no-color-diagnostics -explicit-module-build -module-cache-path /Users/veland/Library/Developer/Xcode/DerivedData/PiDay-axnnscpgdymittggsrzywssgspgw/Build/Intermediates.noindex/SwiftExplicitPrecompiledModules -clang-scanner-module-cache-path /Users/veland/Library/Developer/Xcode/DerivedData/ModuleCache.noindex -sdk-module-cache-path /Users/veland/Library/Developer/Xcode/DerivedData/ModuleCache.noindex -serialize-diagnostics -emit-dependencies -emit-module -emit-module-path /Users/veland/Library/Developer/Xcode/DerivedData/PiDay-axnnscpgdymittggsrzywssgspgw/Build/Intermediates.noindex/PiDay.build/Debug-watchsimulator/PiDayWatchExtension.build/Objects-normal/arm64/PiDay_Watch_Extension.swiftmodule -validate-clang-modules-once -clang-build-session-file /Users/veland/Library/Developer/Xcode/DerivedData/ModuleCache.noindex/Session.modulevalidation -Xcc -I/Users/veland/Library/Developer/Xcode/DerivedData/PiDay-axnnscpgdymittggsrzywssgspgw/Build/Intermediates.noindex/PiDay.build/Debug-watchsimulator/PiDayWatchExtension.build/swift-overrides.hmap -emit-const-values -Xfrontend -const-gather-protocols-file -Xfrontend /Users/veland/Library/Developer/Xcode/DerivedData/PiDay-axnnscpgdymittggsrzywssgspgw/Build/Intermediates.noindex/PiDay.build/Debug-watchsimulator/PiDayWatchExtension.build/Objects-normal/arm64/PiDayWatchExtension_const_extract_protocols.json -Xcc -iquote -Xcc /Users/veland/Library/Developer/Xcode/DerivedData/PiDay-axnnscpgdymittggsrzywssgspgw/Build/Intermediates.noindex/PiDay.build/Debug-watchsimulator/PiDayWatchExtension.build/PiDay\ Watch\ Extension-generated-files.hmap -Xcc -I/Users/veland/Library/Developer/Xcode/DerivedData/PiDay-axnnscpgdymittggsrzywssgspgw/Build/Intermediates.noindex/PiDay.build/Debug-watchsimulator/PiDayWatchExtension.build/PiDay\ Watch\ Extension-own-target-headers.hmap -Xcc -I/Users/veland/Library/Developer/Xcode/DerivedData/PiDay-axnnscpgdymittggsrzywssgspgw/Build/Intermediates.noindex/PiDay.build/Debug-watchsimulator/PiDayWatchExtension.build/PiDay\ Watch\ Extension-all-target-headers.hmap -Xcc -iquote -Xcc /Users/veland/Library/Developer/Xcode/DerivedData/PiDay-axnnscpgdymittggsrzywssgspgw/Build/Intermediates.noindex/PiDay.build/Debug-watchsimulator/PiDayWatchExtension.build/PiDay\ Watch\ Extension-project-headers.hmap -Xcc -I/Users/veland/Library/Developer/Xcode/DerivedData/PiDay-axnnscpgdymittggsrzywssgspgw/Build/Products/Debug-watchsimulator/include -Xcc -I/Users/veland/Library/Developer/Xcode/DerivedData/PiDay-axnnscpgdymittggsrzywssgspgw/Build/Intermediates.noindex/PiDay.build/Debug-watchsimulator/PiDayWatchExtension.build/DerivedSources-normal/arm64 -Xcc -I/Users/veland/Library/Developer/Xcode/DerivedData/PiDay-axnnscpgdymittggsrzywssgspgw/Build/Intermediates.noindex/PiDay.build/Debug-watchsimulator/PiDayWatchExtension.build/DerivedSources/arm64 -Xcc -I/Users/veland/Library/Developer/Xcode/DerivedData/PiDay-axnnscpgdymittggsrzywssgspgw/Build/Intermediates.noindex/PiDay.build/Debug-watchsimulator/PiDayWatchExtension.build/DerivedSources -Xcc -DDEBUG\=1 -emit-objc-header -emit-objc-header-path /Users/veland/Library/Developer/Xcode/DerivedData/PiDay-axnnscpgdymittggsrzywssgspgw/Build/Intermediates.noindex/PiDay.build/Debug-watchsimulator/PiDayWatchExtension.build/Objects-normal/arm64/PiDay_Watch_Extension-Swift.h -working-directory /Users/veland/PiDay -experimental-emit-module-separately -disable-cmo

SwiftDriver\ Compilation PiDayWatchExtension normal arm64 com.apple.xcode.tools.swift.compiler (in target 'PiDayWatchExtension' from project 'PiDay')
    cd /Users/veland/PiDay
    builtin-Swift-Compilation -- /Applications/Xcode-beta.app/Contents/Developer/Toolchains/XcodeDefault.xctoolchain/usr/bin/swiftc -module-name PiDay_Watch_Extension -Onone @/Users/veland/Library/Developer/Xcode/DerivedData/PiDay-axnnscpgdymittggsrzywssgspgw/Build/Intermediates.noindex/PiDay.build/Debug-watchsimulator/PiDayWatchExtension.build/Objects-normal/arm64/PiDay\ Watch\ Extension.SwiftFileList -DDEBUG -enable-experimental-feature DebugDescriptionMacro -sdk /Applications/Xcode-beta.app/Contents/Developer/Platforms/WatchSimulator.platform/Developer/SDKs/WatchSimulator26.4.sdk -target arm64-apple-watchos10.0-simulator -g -module-cache-path /Users/veland/Library/Developer/Xcode/DerivedData/ModuleCache.noindex -Xfrontend -serialize-debugging-options -application-extension -enable-testing -index-store-path /Users/veland/Library/Developer/Xcode/DerivedData/PiDay-axnnscpgdymittggsrzywssgspgw/Index.noindex/DataStore -Xcc -D_LIBCPP_HARDENING_MODE\=_LIBCPP_HARDENING_MODE_DEBUG -swift-version 6 -I /Users/veland/Library/Developer/Xcode/DerivedData/PiDay-axnnscpgdymittggsrzywssgspgw/Build/Products/Debug-watchsimulator -F /Users/veland/Library/Developer/Xcode/DerivedData/PiDay-axnnscpgdymittggsrzywssgspgw/Build/Products/Debug-watchsimulator -emit-localized-strings -emit-localized-strings-path /Users/veland/Library/Developer/Xcode/DerivedData/PiDay-axnnscpgdymittggsrzywssgspgw/Build/Intermediates.noindex/PiDay.build/Debug-watchsimulator/PiDayWatchExtension.build/Objects-normal/arm64 -c -j14 -enable-batch-mode -incremental -Xcc -ivfsstatcache -Xcc /Users/veland/Library/Developer/Xcode/DerivedData/SDKStatCaches.noindex/watchsimulator26.4-23T5235a-07cc7bb27374d4f60ba1ed986cf98d97.sdkstatcache -output-file-map /Users/veland/Library/Developer/Xcode/DerivedData/PiDay-axnnscpgdymittggsrzywssgspgw/Build/Intermediates.noindex/PiDay.build/Debug-watchsimulator/PiDayWatchExtension.build/Objects-normal/arm64/PiDayWatchExtension-OutputFileMap.json -use-frontend-parseable-output -save-temps -no-color-diagnostics -explicit-module-build -module-cache-path /Users/veland/Library/Developer/Xcode/DerivedData/PiDay-axnnscpgdymittggsrzywssgspgw/Build/Intermediates.noindex/SwiftExplicitPrecompiledModules -clang-scanner-module-cache-path /Users/veland/Library/Developer/Xcode/DerivedData/ModuleCache.noindex -sdk-module-cache-path /Users/veland/Library/Developer/Xcode/DerivedData/ModuleCache.noindex -serialize-diagnostics -emit-dependencies -emit-module -emit-module-path /Users/veland/Library/Developer/Xcode/DerivedData/PiDay-axnnscpgdymittggsrzywssgspgw/Build/Intermediates.noindex/PiDay.build/Debug-watchsimulator/PiDayWatchExtension.build/Objects-normal/arm64/PiDay_Watch_Extension.swiftmodule -validate-clang-modules-once -clang-build-session-file /Users/veland/Library/Developer/Xcode/DerivedData/ModuleCache.noindex/Session.modulevalidation -Xcc -I/Users/veland/Library/Developer/Xcode/DerivedData/PiDay-axnnscpgdymittggsrzywssgspgw/Build/Intermediates.noindex/PiDay.build/Debug-watchsimulator/PiDayWatchExtension.build/swift-overrides.hmap -emit-const-values -Xfrontend -const-gather-protocols-file -Xfrontend /Users/veland/Library/Developer/Xcode/DerivedData/PiDay-axnnscpgdymittggsrzywssgspgw/Build/Intermediates.noindex/PiDay.build/Debug-watchsimulator/PiDayWatchExtension.build/Objects-normal/arm64/PiDayWatchExtension_const_extract_protocols.json -Xcc -iquote -Xcc /Users/veland/Library/Developer/Xcode/DerivedData/PiDay-axnnscpgdymittggsrzywssgspgw/Build/Intermediates.noindex/PiDay.build/Debug-watchsimulator/PiDayWatchExtension.build/PiDay\ Watch\ Extension-generated-files.hmap -Xcc -I/Users/veland/Library/Developer/Xcode/DerivedData/PiDay-axnnscpgdymittggsrzywssgspgw/Build/Intermediates.noindex/PiDay.build/Debug-watchsimulator/PiDayWatchExtension.build/PiDay\ Watch\ Extension-own-target-headers.hmap -Xcc -I/Users/veland/Library/Developer/Xcode/DerivedData/PiDay-axnnscpgdymittggsrzywssgspgw/Build/Intermediates.noindex/PiDay.build/Debug-watchsimulator/PiDayWatchExtension.build/PiDay\ Watch\ Extension-all-target-headers.hmap -Xcc -iquote -Xcc /Users/veland/Library/Developer/Xcode/DerivedData/PiDay-axnnscpgdymittggsrzywssgspgw/Build/Intermediates.noindex/PiDay.build/Debug-watchsimulator/PiDayWatchExtension.build/PiDay\ Watch\ Extension-project-headers.hmap -Xcc -I/Users/veland/Library/Developer/Xcode/DerivedData/PiDay-axnnscpgdymittggsrzywssgspgw/Build/Products/Debug-watchsimulator/include -Xcc -I/Users/veland/Library/Developer/Xcode/DerivedData/PiDay-axnnscpgdymittggsrzywssgspgw/Build/Intermediates.noindex/PiDay.build/Debug-watchsimulator/PiDayWatchExtension.build/DerivedSources-normal/arm64 -Xcc -I/Users/veland/Library/Developer/Xcode/DerivedData/PiDay-axnnscpgdymittggsrzywssgspgw/Build/Intermediates.noindex/PiDay.build/Debug-watchsimulator/PiDayWatchExtension.build/DerivedSources/arm64 -Xcc -I/Users/veland/Library/Developer/Xcode/DerivedData/PiDay-axnnscpgdymittggsrzywssgspgw/Build/Intermediates.noindex/PiDay.build/Debug-watchsimulator/PiDayWatchExtension.build/DerivedSources -Xcc -DDEBUG\=1 -emit-objc-header -emit-objc-header-path /Users/veland/Library/Developer/Xcode/DerivedData/PiDay-axnnscpgdymittggsrzywssgspgw/Build/Intermediates.noindex/PiDay.build/Debug-watchsimulator/PiDayWatchExtension.build/Objects-normal/arm64/PiDay_Watch_Extension-Swift.h -working-directory /Users/veland/PiDay -experimental-emit-module-separately -disable-cmo

Copy /Users/veland/Library/Developer/Xcode/DerivedData/PiDay-axnnscpgdymittggsrzywssgspgw/Build/Products/Debug-watchsimulator/PiDay_Watch_Extension.swiftmodule/arm64-apple-watchos-simulator.swiftmodule /Users/veland/Library/Developer/Xcode/DerivedData/PiDay-axnnscpgdymittggsrzywssgspgw/Build/Intermediates.noindex/PiDay.build/Debug-watchsimulator/PiDayWatchExtension.build/Objects-normal/arm64/PiDay_Watch_Extension.swiftmodule (in target 'PiDayWatchExtension' from project 'PiDay')
    cd /Users/veland/PiDay
    builtin-copy -exclude .DS_Store -exclude CVS -exclude .svn -exclude .git -exclude .hg -resolve-src-symlinks -rename /Users/veland/Library/Developer/Xcode/DerivedData/PiDay-axnnscpgdymittggsrzywssgspgw/Build/Intermediates.noindex/PiDay.build/Debug-watchsimulator/PiDayWatchExtension.build/Objects-normal/arm64/PiDay_Watch_Extension.swiftmodule /Users/veland/Library/Developer/Xcode/DerivedData/PiDay-axnnscpgdymittggsrzywssgspgw/Build/Products/Debug-watchsimulator/PiDay_Watch_Extension.swiftmodule/arm64-apple-watchos-simulator.swiftmodule

Copy /Users/veland/Library/Developer/Xcode/DerivedData/PiDay-axnnscpgdymittggsrzywssgspgw/Build/Products/Debug-watchsimulator/PiDay_Watch_Extension.swiftmodule/arm64-apple-watchos-simulator.swiftdoc /Users/veland/Library/Developer/Xcode/DerivedData/PiDay-axnnscpgdymittggsrzywssgspgw/Build/Intermediates.noindex/PiDay.build/Debug-watchsimulator/PiDayWatchExtension.build/Objects-normal/arm64/PiDay_Watch_Extension.swiftdoc (in target 'PiDayWatchExtension' from project 'PiDay')
    cd /Users/veland/PiDay
    builtin-copy -exclude .DS_Store -exclude CVS -exclude .svn -exclude .git -exclude .hg -resolve-src-symlinks -rename /Users/veland/Library/Developer/Xcode/DerivedData/PiDay-axnnscpgdymittggsrzywssgspgw/Build/Intermediates.noindex/PiDay.build/Debug-watchsimulator/PiDayWatchExtension.build/Objects-normal/arm64/PiDay_Watch_Extension.swiftdoc /Users/veland/Library/Developer/Xcode/DerivedData/PiDay-axnnscpgdymittggsrzywssgspgw/Build/Products/Debug-watchsimulator/PiDay_Watch_Extension.swiftmodule/arm64-apple-watchos-simulator.swiftdoc

Copy /Users/veland/Library/Developer/Xcode/DerivedData/PiDay-axnnscpgdymittggsrzywssgspgw/Build/Products/Debug-watchsimulator/PiDay_Watch_Extension.swiftmodule/arm64-apple-watchos-simulator.abi.json /Users/veland/Library/Developer/Xcode/DerivedData/PiDay-axnnscpgdymittggsrzywssgspgw/Build/Intermediates.noindex/PiDay.build/Debug-watchsimulator/PiDayWatchExtension.build/Objects-normal/arm64/PiDay_Watch_Extension.abi.json (in target 'PiDayWatchExtension' from project 'PiDay')
    cd /Users/veland/PiDay
    builtin-copy -exclude .DS_Store -exclude CVS -exclude .svn -exclude .git -exclude .hg -resolve-src-symlinks -rename /Users/veland/Library/Developer/Xcode/DerivedData/PiDay-axnnscpgdymittggsrzywssgspgw/Build/Intermediates.noindex/PiDay.build/Debug-watchsimulator/PiDayWatchExtension.build/Objects-normal/arm64/PiDay_Watch_Extension.abi.json /Users/veland/Library/Developer/Xcode/DerivedData/PiDay-axnnscpgdymittggsrzywssgspgw/Build/Products/Debug-watchsimulator/PiDay_Watch_Extension.swiftmodule/arm64-apple-watchos-simulator.abi.json

Copy /Users/veland/Library/Developer/Xcode/DerivedData/PiDay-axnnscpgdymittggsrzywssgspgw/Build/Products/Debug-watchsimulator/PiDay_Watch_Extension.swiftmodule/Project/arm64-apple-watchos-simulator.swiftsourceinfo /Users/veland/Library/Developer/Xcode/DerivedData/PiDay-axnnscpgdymittggsrzywssgspgw/Build/Intermediates.noindex/PiDay.build/Debug-watchsimulator/PiDayWatchExtension.build/Objects-normal/arm64/PiDay_Watch_Extension.swiftsourceinfo (in target 'PiDayWatchExtension' from project 'PiDay')
    cd /Users/veland/PiDay
    builtin-copy -exclude .DS_Store -exclude CVS -exclude .svn -exclude .git -exclude .hg -resolve-src-symlinks -rename /Users/veland/Library/Developer/Xcode/DerivedData/PiDay-axnnscpgdymittggsrzywssgspgw/Build/Intermediates.noindex/PiDay.build/Debug-watchsimulator/PiDayWatchExtension.build/Objects-normal/arm64/PiDay_Watch_Extension.swiftsourceinfo /Users/veland/Library/Developer/Xcode/DerivedData/PiDay-axnnscpgdymittggsrzywssgspgw/Build/Products/Debug-watchsimulator/PiDay_Watch_Extension.swiftmodule/Project/arm64-apple-watchos-simulator.swiftsourceinfo

CodeSign /Users/veland/Library/Developer/Xcode/DerivedData/PiDay-axnnscpgdymittggsrzywssgspgw/Build/Products/Debug-iphonesimulator/PiDayWidget.appex/__preview.dylib (in target 'PiDayWidget' from project 'PiDay')
    cd /Users/veland/PiDay
    
    Signing Identity:     "Sign to Run Locally"
    
    /usr/bin/codesign --force --sign - --timestamp\=none --generate-entitlement-der /Users/veland/Library/Developer/Xcode/DerivedData/PiDay-axnnscpgdymittggsrzywssgspgw/Build/Products/Debug-iphonesimulator/PiDayWidget.appex/__preview.dylib

SwiftCompile normal x86_64 Compiling\ PiPalette.swift /Users/veland/PiDay/PiDay/Design/PiPalette.swift (in target 'PiDayWatchExtension' from project 'PiDay')

SwiftCompile normal x86_64 /Users/veland/PiDay/PiDay/Design/PiPalette.swift (in target 'PiDayWatchExtension' from project 'PiDay')
    cd /Users/veland/PiDay
    

SwiftCompile normal x86_64 Compiling\ PiStore.swift /Users/veland/PiDay/PiDay/Core/Repository/PiStore.swift (in target 'PiDayWatchExtension' from project 'PiDay')

SwiftCompile normal x86_64 /Users/veland/PiDay/PiDay/Core/Repository/PiStore.swift (in target 'PiDayWatchExtension' from project 'PiDay')
    cd /Users/veland/PiDay
    

CodeSign /Users/veland/Library/Developer/Xcode/DerivedData/PiDay-axnnscpgdymittggsrzywssgspgw/Build/Products/Debug-iphonesimulator/PiDayWidget.appex (in target 'PiDayWidget' from project 'PiDay')
    cd /Users/veland/PiDay
    
    Signing Identity:     "Sign to Run Locally"
    
    /usr/bin/codesign --force --sign - --entitlements /Users/veland/Library/Developer/Xcode/DerivedData/PiDay-axnnscpgdymittggsrzywssgspgw/Build/Intermediates.noindex/PiDay.build/Debug-iphonesimulator/PiDayWidget.build/PiDayWidget.appex.xcent --timestamp\=none --generate-entitlement-der /Users/veland/Library/Developer/Xcode/DerivedData/PiDay-axnnscpgdymittggsrzywssgspgw/Build/Products/Debug-iphonesimulator/PiDayWidget.appex

SwiftDriverJobDiscovery normal x86_64 Compiling PiRepository.swift (in target 'PiDayWatchExtension' from project 'PiDay')

SwiftDriverJobDiscovery normal x86_64 Compiling SearchFormatPreference.swift (in target 'PiDayWatchExtension' from project 'PiDay')

SwiftDriverJobDiscovery normal x86_64 Compiling PiPalette.swift (in target 'PiDayWatchExtension' from project 'PiDay')

SwiftDriverJobDiscovery normal x86_64 Compiling DateFormatOption.swift (in target 'PiDayWatchExtension' from project 'PiDay')

SwiftDriverJobDiscovery normal x86_64 Compiling DateStringGenerator.swift (in target 'PiDayWatchExtension' from project 'PiDay')

SwiftDriverJobDiscovery normal x86_64 Compiling PiMatch.swift (in target 'PiDayWatchExtension' from project 'PiDay')

SwiftDriverJobDiscovery normal x86_64 Compiling PiStore.swift (in target 'PiDayWatchExtension' from project 'PiDay')

SwiftDriverJobDiscovery normal x86_64 Compiling DefaultPiRepository.swift (in target 'PiDayWatchExtension' from project 'PiDay')

SwiftDriverJobDiscovery normal x86_64 Compiling PiIndexPayload.swift (in target 'PiDayWatchExtension' from project 'PiDay')

SwiftDriverJobDiscovery normal x86_64 Compiling PiDayWatchApp.swift (in target 'PiDayWatchExtension' from project 'PiDay')

SwiftDriverJobDiscovery normal x86_64 Compiling PiLiveLookupService.swift (in target 'PiDayWatchExtension' from project 'PiDay')

SwiftDriverJobDiscovery normal x86_64 Emitting module for PiDay_Watch_Extension (in target 'PiDayWatchExtension' from project 'PiDay')

SwiftDriver\ Compilation\ Requirements PiDayWatchExtension normal x86_64 com.apple.xcode.tools.swift.compiler (in target 'PiDayWatchExtension' from project 'PiDay')
    cd /Users/veland/PiDay
    builtin-Swift-Compilation-Requirements -- /Applications/Xcode-beta.app/Contents/Developer/Toolchains/XcodeDefault.xctoolchain/usr/bin/swiftc -module-name PiDay_Watch_Extension -Onone @/Users/veland/Library/Developer/Xcode/DerivedData/PiDay-axnnscpgdymittggsrzywssgspgw/Build/Intermediates.noindex/PiDay.build/Debug-watchsimulator/PiDayWatchExtension.build/Objects-normal/x86_64/PiDay\ Watch\ Extension.SwiftFileList -DDEBUG -enable-experimental-feature DebugDescriptionMacro -sdk /Applications/Xcode-beta.app/Contents/Developer/Platforms/WatchSimulator.platform/Developer/SDKs/WatchSimulator26.4.sdk -target x86_64-apple-watchos10.0-simulator -g -module-cache-path /Users/veland/Library/Developer/Xcode/DerivedData/ModuleCache.noindex -Xfrontend -serialize-debugging-options -application-extension -enable-testing -index-store-path /Users/veland/Library/Developer/Xcode/DerivedData/PiDay-axnnscpgdymittggsrzywssgspgw/Index.noindex/DataStore -Xcc -D_LIBCPP_HARDENING_MODE\=_LIBCPP_HARDENING_MODE_DEBUG -swift-version 6 -I /Users/veland/Library/Developer/Xcode/DerivedData/PiDay-axnnscpgdymittggsrzywssgspgw/Build/Products/Debug-watchsimulator -F /Users/veland/Library/Developer/Xcode/DerivedData/PiDay-axnnscpgdymittggsrzywssgspgw/Build/Products/Debug-watchsimulator -emit-localized-strings -emit-localized-strings-path /Users/veland/Library/Developer/Xcode/DerivedData/PiDay-axnnscpgdymittggsrzywssgspgw/Build/Intermediates.noindex/PiDay.build/Debug-watchsimulator/PiDayWatchExtension.build/Objects-normal/x86_64 -c -j14 -enable-batch-mode -incremental -Xcc -ivfsstatcache -Xcc /Users/veland/Library/Developer/Xcode/DerivedData/SDKStatCaches.noindex/watchsimulator26.4-23T5235a-07cc7bb27374d4f60ba1ed986cf98d97.sdkstatcache -output-file-map /Users/veland/Library/Developer/Xcode/DerivedData/PiDay-axnnscpgdymittggsrzywssgspgw/Build/Intermediates.noindex/PiDay.build/Debug-watchsimulator/PiDayWatchExtension.build/Objects-normal/x86_64/PiDayWatchExtension-OutputFileMap.json -use-frontend-parseable-output -save-temps -no-color-diagnostics -explicit-module-build -module-cache-path /Users/veland/Library/Developer/Xcode/DerivedData/PiDay-axnnscpgdymittggsrzywssgspgw/Build/Intermediates.noindex/SwiftExplicitPrecompiledModules -clang-scanner-module-cache-path /Users/veland/Library/Developer/Xcode/DerivedData/ModuleCache.noindex -sdk-module-cache-path /Users/veland/Library/Developer/Xcode/DerivedData/ModuleCache.noindex -serialize-diagnostics -emit-dependencies -emit-module -emit-module-path /Users/veland/Library/Developer/Xcode/DerivedData/PiDay-axnnscpgdymittggsrzywssgspgw/Build/Intermediates.noindex/PiDay.build/Debug-watchsimulator/PiDayWatchExtension.build/Objects-normal/x86_64/PiDay_Watch_Extension.swiftmodule -validate-clang-modules-once -clang-build-session-file /Users/veland/Library/Developer/Xcode/DerivedData/ModuleCache.noindex/Session.modulevalidation -Xcc -I/Users/veland/Library/Developer/Xcode/DerivedData/PiDay-axnnscpgdymittggsrzywssgspgw/Build/Intermediates.noindex/PiDay.build/Debug-watchsimulator/PiDayWatchExtension.build/swift-overrides.hmap -emit-const-values -Xfrontend -const-gather-protocols-file -Xfrontend /Users/veland/Library/Developer/Xcode/DerivedData/PiDay-axnnscpgdymittggsrzywssgspgw/Build/Intermediates.noindex/PiDay.build/Debug-watchsimulator/PiDayWatchExtension.build/Objects-normal/x86_64/PiDayWatchExtension_const_extract_protocols.json -Xcc -iquote -Xcc /Users/veland/Library/Developer/Xcode/DerivedData/PiDay-axnnscpgdymittggsrzywssgspgw/Build/Intermediates.noindex/PiDay.build/Debug-watchsimulator/PiDayWatchExtension.build/PiDay\ Watch\ Extension-generated-files.hmap -Xcc -I/Users/veland/Library/Developer/Xcode/DerivedData/PiDay-axnnscpgdymittggsrzywssgspgw/Build/Intermediates.noindex/PiDay.build/Debug-watchsimulator/PiDayWatchExtension.build/PiDay\ Watch\ Extension-own-target-headers.hmap -Xcc -I/Users/veland/Library/Developer/Xcode/DerivedData/PiDay-axnnscpgdymittggsrzywssgspgw/Build/Intermediates.noindex/PiDay.build/Debug-watchsimulator/PiDayWatchExtension.build/PiDay\ Watch\ Extension-all-target-headers.hmap -Xcc -iquote -Xcc /Users/veland/Library/Developer/Xcode/DerivedData/PiDay-axnnscpgdymittggsrzywssgspgw/Build/Intermediates.noindex/PiDay.build/Debug-watchsimulator/PiDayWatchExtension.build/PiDay\ Watch\ Extension-project-headers.hmap -Xcc -I/Users/veland/Library/Developer/Xcode/DerivedData/PiDay-axnnscpgdymittggsrzywssgspgw/Build/Products/Debug-watchsimulator/include -Xcc -I/Users/veland/Library/Developer/Xcode/DerivedData/PiDay-axnnscpgdymittggsrzywssgspgw/Build/Intermediates.noindex/PiDay.build/Debug-watchsimulator/PiDayWatchExtension.build/DerivedSources-normal/x86_64 -Xcc -I/Users/veland/Library/Developer/Xcode/DerivedData/PiDay-axnnscpgdymittggsrzywssgspgw/Build/Intermediates.noindex/PiDay.build/Debug-watchsimulator/PiDayWatchExtension.build/DerivedSources/x86_64 -Xcc -I/Users/veland/Library/Developer/Xcode/DerivedData/PiDay-axnnscpgdymittggsrzywssgspgw/Build/Intermediates.noindex/PiDay.build/Debug-watchsimulator/PiDayWatchExtension.build/DerivedSources -Xcc -DDEBUG\=1 -emit-objc-header -emit-objc-header-path /Users/veland/Library/Developer/Xcode/DerivedData/PiDay-axnnscpgdymittggsrzywssgspgw/Build/Intermediates.noindex/PiDay.build/Debug-watchsimulator/PiDayWatchExtension.build/Objects-normal/x86_64/PiDay_Watch_Extension-Swift.h -working-directory /Users/veland/PiDay -experimental-emit-module-separately -disable-cmo

SwiftMergeGeneratedHeaders /Users/veland/Library/Developer/Xcode/DerivedData/PiDay-axnnscpgdymittggsrzywssgspgw/Build/Intermediates.noindex/PiDay.build/Debug-watchsimulator/PiDayWatchExtension.build/DerivedSources/PiDay_Watch_Extension-Swift.h /Users/veland/Library/Developer/Xcode/DerivedData/PiDay-axnnscpgdymittggsrzywssgspgw/Build/Intermediates.noindex/PiDay.build/Debug-watchsimulator/PiDayWatchExtension.build/Objects-normal/arm64/PiDay_Watch_Extension-Swift.h /Users/veland/Library/Developer/Xcode/DerivedData/PiDay-axnnscpgdymittggsrzywssgspgw/Build/Intermediates.noindex/PiDay.build/Debug-watchsimulator/PiDayWatchExtension.build/Objects-normal/x86_64/PiDay_Watch_Extension-Swift.h (in target 'PiDayWatchExtension' from project 'PiDay')
    cd /Users/veland/PiDay
    builtin-swiftHeaderTool -arch arm64 /Users/veland/Library/Developer/Xcode/DerivedData/PiDay-axnnscpgdymittggsrzywssgspgw/Build/Intermediates.noindex/PiDay.build/Debug-watchsimulator/PiDayWatchExtension.build/Objects-normal/arm64/PiDay_Watch_Extension-Swift.h -arch x86_64 /Users/veland/Library/Developer/Xcode/DerivedData/PiDay-axnnscpgdymittggsrzywssgspgw/Build/Intermediates.noindex/PiDay.build/Debug-watchsimulator/PiDayWatchExtension.build/Objects-normal/x86_64/PiDay_Watch_Extension-Swift.h -o /Users/veland/Library/Developer/Xcode/DerivedData/PiDay-axnnscpgdymittggsrzywssgspgw/Build/Intermediates.noindex/PiDay.build/Debug-watchsimulator/PiDayWatchExtension.build/DerivedSources/PiDay_Watch_Extension-Swift.h

Copy /Users/veland/Library/Developer/Xcode/DerivedData/PiDay-axnnscpgdymittggsrzywssgspgw/Build/Products/Debug-watchsimulator/PiDay_Watch_Extension.swiftmodule/x86_64-apple-watchos-simulator.swiftmodule /Users/veland/Library/Developer/Xcode/DerivedData/PiDay-axnnscpgdymittggsrzywssgspgw/Build/Intermediates.noindex/PiDay.build/Debug-watchsimulator/PiDayWatchExtension.build/Objects-normal/x86_64/PiDay_Watch_Extension.swiftmodule (in target 'PiDayWatchExtension' from project 'PiDay')
    cd /Users/veland/PiDay
    builtin-copy -exclude .DS_Store -exclude CVS -exclude .svn -exclude .git -exclude .hg -resolve-src-symlinks -rename /Users/veland/Library/Developer/Xcode/DerivedData/PiDay-axnnscpgdymittggsrzywssgspgw/Build/Intermediates.noindex/PiDay.build/Debug-watchsimulator/PiDayWatchExtension.build/Objects-normal/x86_64/PiDay_Watch_Extension.swiftmodule /Users/veland/Library/Developer/Xcode/DerivedData/PiDay-axnnscpgdymittggsrzywssgspgw/Build/Products/Debug-watchsimulator/PiDay_Watch_Extension.swiftmodule/x86_64-apple-watchos-simulator.swiftmodule

Copy /Users/veland/Library/Developer/Xcode/DerivedData/PiDay-axnnscpgdymittggsrzywssgspgw/Build/Products/Debug-watchsimulator/PiDay_Watch_Extension.swiftmodule/x86_64-apple-watchos-simulator.swiftdoc /Users/veland/Library/Developer/Xcode/DerivedData/PiDay-axnnscpgdymittggsrzywssgspgw/Build/Intermediates.noindex/PiDay.build/Debug-watchsimulator/PiDayWatchExtension.build/Objects-normal/x86_64/PiDay_Watch_Extension.swiftdoc (in target 'PiDayWatchExtension' from project 'PiDay')
    cd /Users/veland/PiDay
    builtin-copy -exclude .DS_Store -exclude CVS -exclude .svn -exclude .git -exclude .hg -resolve-src-symlinks -rename /Users/veland/Library/Developer/Xcode/DerivedData/PiDay-axnnscpgdymittggsrzywssgspgw/Build/Intermediates.noindex/PiDay.build/Debug-watchsimulator/PiDayWatchExtension.build/Objects-normal/x86_64/PiDay_Watch_Extension.swiftdoc /Users/veland/Library/Developer/Xcode/DerivedData/PiDay-axnnscpgdymittggsrzywssgspgw/Build/Products/Debug-watchsimulator/PiDay_Watch_Extension.swiftmodule/x86_64-apple-watchos-simulator.swiftdoc

Copy /Users/veland/Library/Developer/Xcode/DerivedData/PiDay-axnnscpgdymittggsrzywssgspgw/Build/Products/Debug-watchsimulator/PiDay_Watch_Extension.swiftmodule/x86_64-apple-watchos-simulator.abi.json /Users/veland/Library/Developer/Xcode/DerivedData/PiDay-axnnscpgdymittggsrzywssgspgw/Build/Intermediates.noindex/PiDay.build/Debug-watchsimulator/PiDayWatchExtension.build/Objects-normal/x86_64/PiDay_Watch_Extension.abi.json (in target 'PiDayWatchExtension' from project 'PiDay')
    cd /Users/veland/PiDay
    builtin-copy -exclude .DS_Store -exclude CVS -exclude .svn -exclude .git -exclude .hg -resolve-src-symlinks -rename /Users/veland/Library/Developer/Xcode/DerivedData/PiDay-axnnscpgdymittggsrzywssgspgw/Build/Intermediates.noindex/PiDay.build/Debug-watchsimulator/PiDayWatchExtension.build/Objects-normal/x86_64/PiDay_Watch_Extension.abi.json /Users/veland/Library/Developer/Xcode/DerivedData/PiDay-axnnscpgdymittggsrzywssgspgw/Build/Products/Debug-watchsimulator/PiDay_Watch_Extension.swiftmodule/x86_64-apple-watchos-simulator.abi.json

Copy /Users/veland/Library/Developer/Xcode/DerivedData/PiDay-axnnscpgdymittggsrzywssgspgw/Build/Products/Debug-watchsimulator/PiDay_Watch_Extension.swiftmodule/Project/x86_64-apple-watchos-simulator.swiftsourceinfo /Users/veland/Library/Developer/Xcode/DerivedData/PiDay-axnnscpgdymittggsrzywssgspgw/Build/Intermediates.noindex/PiDay.build/Debug-watchsimulator/PiDayWatchExtension.build/Objects-normal/x86_64/PiDay_Watch_Extension.swiftsourceinfo (in target 'PiDayWatchExtension' from project 'PiDay')
    cd /Users/veland/PiDay
    builtin-copy -exclude .DS_Store -exclude CVS -exclude .svn -exclude .git -exclude .hg -resolve-src-symlinks -rename /Users/veland/Library/Developer/Xcode/DerivedData/PiDay-axnnscpgdymittggsrzywssgspgw/Build/Intermediates.noindex/PiDay.build/Debug-watchsimulator/PiDayWatchExtension.build/Objects-normal/x86_64/PiDay_Watch_Extension.swiftsourceinfo /Users/veland/Library/Developer/Xcode/DerivedData/PiDay-axnnscpgdymittggsrzywssgspgw/Build/Products/Debug-watchsimulator/PiDay_Watch_Extension.swiftmodule/Project/x86_64-apple-watchos-simulator.swiftsourceinfo

Ld /Users/veland/Library/Developer/Xcode/DerivedData/PiDay-axnnscpgdymittggsrzywssgspgw/Build/Intermediates.noindex/PiDay.build/Debug-watchsimulator/PiDayWatchExtension.build/Objects-normal/arm64/Binary/PiDay\ Watch\ Extension.debug.dylib normal arm64 (in target 'PiDayWatchExtension' from project 'PiDay')
    cd /Users/veland/PiDay
    /Applications/Xcode-beta.app/Contents/Developer/Toolchains/XcodeDefault.xctoolchain/usr/bin/clang -Xlinker -reproducible -target arm64-apple-watchos10.0-simulator -dynamiclib -isysroot /Applications/Xcode-beta.app/Contents/Developer/Platforms/WatchSimulator.platform/Developer/SDKs/WatchSimulator26.4.sdk -O0 -L/Users/veland/Library/Developer/Xcode/DerivedData/PiDay-axnnscpgdymittggsrzywssgspgw/Build/Intermediates.noindex/EagerLinkingTBDs/Debug-watchsimulator -L/Users/veland/Library/Developer/Xcode/DerivedData/PiDay-axnnscpgdymittggsrzywssgspgw/Build/Products/Debug-watchsimulator -F/Users/veland/Library/Developer/Xcode/DerivedData/PiDay-axnnscpgdymittggsrzywssgspgw/Build/Intermediates.noindex/EagerLinkingTBDs/Debug-watchsimulator -F/Users/veland/Library/Developer/Xcode/DerivedData/PiDay-axnnscpgdymittggsrzywssgspgw/Build/Products/Debug-watchsimulator -filelist /Users/veland/Library/Developer/Xcode/DerivedData/PiDay-axnnscpgdymittggsrzywssgspgw/Build/Intermediates.noindex/PiDay.build/Debug-watchsimulator/PiDayWatchExtension.build/Objects-normal/arm64/PiDay\ Watch\ Extension.LinkFileList -install_name @rpath/PiDay\ Watch\ Extension.debug.dylib -Xlinker -rpath -Xlinker /usr/lib/swift -Xlinker -dead_strip -Xlinker -object_path_lto -Xlinker /Users/veland/Library/Developer/Xcode/DerivedData/PiDay-axnnscpgdymittggsrzywssgspgw/Build/Intermediates.noindex/PiDay.build/Debug-watchsimulator/PiDayWatchExtension.build/Objects-normal/arm64/PiDay\ Watch\ Extension_lto.o -rdynamic -Xlinker -no_deduplicate -Xlinker -objc_abi_version -Xlinker 2 -Xlinker -dependency_info -Xlinker /Users/veland/Library/Developer/Xcode/DerivedData/PiDay-axnnscpgdymittggsrzywssgspgw/Build/Intermediates.noindex/PiDay.build/Debug-watchsimulator/PiDayWatchExtension.build/Objects-normal/arm64/PiDay\ Watch\ Extension_dependency_info.dat -fapplication-extension -fobjc-link-runtime -L/Applications/Xcode-beta.app/Contents/Developer/Toolchains/XcodeDefault.xctoolchain/usr/lib/swift/watchsimulator -L/usr/lib/swift -Xlinker -add_ast_path -Xlinker /Users/veland/Library/Developer/Xcode/DerivedData/PiDay-axnnscpgdymittggsrzywssgspgw/Build/Intermediates.noindex/PiDay.build/Debug-watchsimulator/PiDayWatchExtension.build/Objects-normal/arm64/PiDay_Watch_Extension.swiftmodule @/Users/veland/Library/Developer/Xcode/DerivedData/PiDay-axnnscpgdymittggsrzywssgspgw/Build/Intermediates.noindex/PiDay.build/Debug-watchsimulator/PiDayWatchExtension.build/Objects-normal/arm64/PiDay_Watch_Extension-linker-args.resp -Xlinker -alias -Xlinker _WKExtensionMain -Xlinker ___debug_main_executable_dylib_entry_point -framework WatchKit -framework Foundation -Xlinker -no_adhoc_codesign -o /Users/veland/Library/Developer/Xcode/DerivedData/PiDay-axnnscpgdymittggsrzywssgspgw/Build/Intermediates.noindex/PiDay.build/Debug-watchsimulator/PiDayWatchExtension.build/Objects-normal/arm64/Binary/PiDay\ Watch\ Extension.debug.dylib

ProcessProductPackaging "" /Users/veland/Library/Developer/Xcode/DerivedData/PiDay-axnnscpgdymittggsrzywssgspgw/Build/Intermediates.noindex/PiDay.build/Debug-watchsimulator/PiDayWatchApp.build/PiDay\ Watch\ App.app-Simulated.xcent (in target 'PiDayWatchApp' from project 'PiDay')
    cd /Users/veland/PiDay
    
    Entitlements:
    
    {
    "application-identifier" = "54WU29TRTY.academy.glasscode.piday.watchkitapp";
}
    
    builtin-productPackagingUtility -entitlements -format xml -o /Users/veland/Library/Developer/Xcode/DerivedData/PiDay-axnnscpgdymittggsrzywssgspgw/Build/Intermediates.noindex/PiDay.build/Debug-watchsimulator/PiDayWatchApp.build/PiDay\ Watch\ App.app-Simulated.xcent

ProcessProductPackaging /Users/veland/PiDay/PiDay/PiDay.entitlements /Users/veland/Library/Developer/Xcode/DerivedData/PiDay-axnnscpgdymittggsrzywssgspgw/Build/Intermediates.noindex/PiDay.build/Debug-iphonesimulator/PiDay.build/PiDay.app.xcent (in target 'PiDay' from project 'PiDay')
    cd /Users/veland/PiDay
    
    Entitlements:
    
    {
}
    
    builtin-productPackagingUtility /Users/veland/PiDay/PiDay/PiDay.entitlements -entitlements -format xml -o /Users/veland/Library/Developer/Xcode/DerivedData/PiDay-axnnscpgdymittggsrzywssgspgw/Build/Intermediates.noindex/PiDay.build/Debug-iphonesimulator/PiDay.build/PiDay.app.xcent

ProcessProductPackaging /Users/veland/PiDay/PiDay/PiDay.entitlements /Users/veland/Library/Developer/Xcode/DerivedData/PiDay-axnnscpgdymittggsrzywssgspgw/Build/Intermediates.noindex/PiDay.build/Debug-iphonesimulator/PiDay.build/PiDay.app-Simulated.xcent (in target 'PiDay' from project 'PiDay')
    cd /Users/veland/PiDay
    
    Entitlements:
    
    {
    "application-identifier" = "54WU29TRTY.academy.glasscode.piday";
    "com.apple.security.application-groups" =     (
        "group.academy.glasscode.piday"
    );
}
    
    builtin-productPackagingUtility /Users/veland/PiDay/PiDay/PiDay.entitlements -entitlements -format xml -o /Users/veland/Library/Developer/Xcode/DerivedData/PiDay-axnnscpgdymittggsrzywssgspgw/Build/Intermediates.noindex/PiDay.build/Debug-iphonesimulator/PiDay.build/PiDay.app-Simulated.xcent

ProcessProductPackagingDER /Users/veland/Library/Developer/Xcode/DerivedData/PiDay-axnnscpgdymittggsrzywssgspgw/Build/Intermediates.noindex/PiDay.build/Debug-watchsimulator/PiDayWatchApp.build/PiDay\ Watch\ App.app-Simulated.xcent /Users/veland/Library/Developer/Xcode/DerivedData/PiDay-axnnscpgdymittggsrzywssgspgw/Build/Intermediates.noindex/PiDay.build/Debug-watchsimulator/PiDayWatchApp.build/PiDay\ Watch\ App.app-Simulated.xcent.der (in target 'PiDayWatchApp' from project 'PiDay')
    cd /Users/veland/PiDay
    /usr/bin/derq query -f xml -i /Users/veland/Library/Developer/Xcode/DerivedData/PiDay-axnnscpgdymittggsrzywssgspgw/Build/Intermediates.noindex/PiDay.build/Debug-watchsimulator/PiDayWatchApp.build/PiDay\ Watch\ App.app-Simulated.xcent -o /Users/veland/Library/Developer/Xcode/DerivedData/PiDay-axnnscpgdymittggsrzywssgspgw/Build/Intermediates.noindex/PiDay.build/Debug-watchsimulator/PiDayWatchApp.build/PiDay\ Watch\ App.app-Simulated.xcent.der --raw

ProcessProductPackagingDER /Users/veland/Library/Developer/Xcode/DerivedData/PiDay-axnnscpgdymittggsrzywssgspgw/Build/Intermediates.noindex/PiDay.build/Debug-iphonesimulator/PiDay.build/PiDay.app.xcent /Users/veland/Library/Developer/Xcode/DerivedData/PiDay-axnnscpgdymittggsrzywssgspgw/Build/Intermediates.noindex/PiDay.build/Debug-iphonesimulator/PiDay.build/PiDay.app.xcent.der (in target 'PiDay' from project 'PiDay')
    cd /Users/veland/PiDay
    /usr/bin/derq query -f xml -i /Users/veland/Library/Developer/Xcode/DerivedData/PiDay-axnnscpgdymittggsrzywssgspgw/Build/Intermediates.noindex/PiDay.build/Debug-iphonesimulator/PiDay.build/PiDay.app.xcent -o /Users/veland/Library/Developer/Xcode/DerivedData/PiDay-axnnscpgdymittggsrzywssgspgw/Build/Intermediates.noindex/PiDay.build/Debug-iphonesimulator/PiDay.build/PiDay.app.xcent.der --raw

ProcessProductPackagingDER /Users/veland/Library/Developer/Xcode/DerivedData/PiDay-axnnscpgdymittggsrzywssgspgw/Build/Intermediates.noindex/PiDay.build/Debug-iphonesimulator/PiDay.build/PiDay.app-Simulated.xcent /Users/veland/Library/Developer/Xcode/DerivedData/PiDay-axnnscpgdymittggsrzywssgspgw/Build/Intermediates.noindex/PiDay.build/Debug-iphonesimulator/PiDay.build/PiDay.app-Simulated.xcent.der (in target 'PiDay' from project 'PiDay')
    cd /Users/veland/PiDay
    /usr/bin/derq query -f xml -i /Users/veland/Library/Developer/Xcode/DerivedData/PiDay-axnnscpgdymittggsrzywssgspgw/Build/Intermediates.noindex/PiDay.build/Debug-iphonesimulator/PiDay.build/PiDay.app-Simulated.xcent -o /Users/veland/Library/Developer/Xcode/DerivedData/PiDay-axnnscpgdymittggsrzywssgspgw/Build/Intermediates.noindex/PiDay.build/Debug-iphonesimulator/PiDay.build/PiDay.app-Simulated.xcent.der --raw

CopyAndPreserveArchs /Users/veland/Library/Developer/Xcode/DerivedData/PiDay-axnnscpgdymittggsrzywssgspgw/Build/Products/Debug-watchsimulator/PiDay\ Watch\ App.app/_WatchKitStub/WK (in target 'PiDayWatchApp' from project 'PiDay')
    cd /Users/veland/PiDay
    /Applications/Xcode-beta.app/Contents/Developer/Toolchains/XcodeDefault.xctoolchain/usr/bin/lipo /Applications/Xcode-beta.app/Contents/Developer/Platforms/WatchSimulator.platform/Developer/SDKs/WatchSimulator26.4.sdk/Library/Application\ Support/WatchKit/WK -output /Users/veland/Library/Developer/Xcode/DerivedData/PiDay-axnnscpgdymittggsrzywssgspgw/Build/Products/Debug-watchsimulator/PiDay\ Watch\ App.app/_WatchKitStub/WK -extract arm64 -extract x86_64

CopyAndPreserveArchs /Users/veland/Library/Developer/Xcode/DerivedData/PiDay-axnnscpgdymittggsrzywssgspgw/Build/Products/Debug-watchsimulator/PiDay\ Watch\ App.app/PiDay\ Watch\ App (in target 'PiDayWatchApp' from project 'PiDay')
    cd /Users/veland/PiDay
    /Applications/Xcode-beta.app/Contents/Developer/Toolchains/XcodeDefault.xctoolchain/usr/bin/lipo /Applications/Xcode-beta.app/Contents/Developer/Platforms/WatchSimulator.platform/Developer/SDKs/WatchSimulator26.4.sdk/Library/Application\ Support/WatchKit/WK -output /Users/veland/Library/Developer/Xcode/DerivedData/PiDay-axnnscpgdymittggsrzywssgspgw/Build/Products/Debug-watchsimulator/PiDay\ Watch\ App.app/PiDay\ Watch\ App -extract arm64 -extract x86_64

Copy /Users/veland/Library/Developer/Xcode/DerivedData/PiDay-axnnscpgdymittggsrzywssgspgw/Build/Products/Debug-iphonesimulator/PiDay.swiftmodule/arm64-apple-ios-simulator.swiftmodule /Users/veland/Library/Developer/Xcode/DerivedData/PiDay-axnnscpgdymittggsrzywssgspgw/Build/Intermediates.noindex/PiDay.build/Debug-iphonesimulator/PiDay.build/Objects-normal/arm64/PiDay.swiftmodule (in target 'PiDay' from project 'PiDay')
    cd /Users/veland/PiDay
    builtin-copy -exclude .DS_Store -exclude CVS -exclude .svn -exclude .git -exclude .hg -resolve-src-symlinks -rename /Users/veland/Library/Developer/Xcode/DerivedData/PiDay-axnnscpgdymittggsrzywssgspgw/Build/Intermediates.noindex/PiDay.build/Debug-iphonesimulator/PiDay.build/Objects-normal/arm64/PiDay.swiftmodule /Users/veland/Library/Developer/Xcode/DerivedData/PiDay-axnnscpgdymittggsrzywssgspgw/Build/Products/Debug-iphonesimulator/PiDay.swiftmodule/arm64-apple-ios-simulator.swiftmodule

SwiftMergeGeneratedHeaders /Users/veland/Library/Developer/Xcode/DerivedData/PiDay-axnnscpgdymittggsrzywssgspgw/Build/Intermediates.noindex/PiDay.build/Debug-iphonesimulator/PiDay.build/DerivedSources/PiDay-Swift.h /Users/veland/Library/Developer/Xcode/DerivedData/PiDay-axnnscpgdymittggsrzywssgspgw/Build/Intermediates.noindex/PiDay.build/Debug-iphonesimulator/PiDay.build/Objects-normal/arm64/PiDay-Swift.h (in target 'PiDay' from project 'PiDay')
    cd /Users/veland/PiDay
    builtin-swiftHeaderTool -arch arm64 /Users/veland/Library/Developer/Xcode/DerivedData/PiDay-axnnscpgdymittggsrzywssgspgw/Build/Intermediates.noindex/PiDay.build/Debug-iphonesimulator/PiDay.build/Objects-normal/arm64/PiDay-Swift.h -o /Users/veland/Library/Developer/Xcode/DerivedData/PiDay-axnnscpgdymittggsrzywssgspgw/Build/Intermediates.noindex/PiDay.build/Debug-iphonesimulator/PiDay.build/DerivedSources/PiDay-Swift.h

Copy /Users/veland/Library/Developer/Xcode/DerivedData/PiDay-axnnscpgdymittggsrzywssgspgw/Build/Products/Debug-iphonesimulator/PiDay.swiftmodule/arm64-apple-ios-simulator.swiftdoc /Users/veland/Library/Developer/Xcode/DerivedData/PiDay-axnnscpgdymittggsrzywssgspgw/Build/Intermediates.noindex/PiDay.build/Debug-iphonesimulator/PiDay.build/Objects-normal/arm64/PiDay.swiftdoc (in target 'PiDay' from project 'PiDay')
    cd /Users/veland/PiDay
    builtin-copy -exclude .DS_Store -exclude CVS -exclude .svn -exclude .git -exclude .hg -resolve-src-symlinks -rename /Users/veland/Library/Developer/Xcode/DerivedData/PiDay-axnnscpgdymittggsrzywssgspgw/Build/Intermediates.noindex/PiDay.build/Debug-iphonesimulator/PiDay.build/Objects-normal/arm64/PiDay.swiftdoc /Users/veland/Library/Developer/Xcode/DerivedData/PiDay-axnnscpgdymittggsrzywssgspgw/Build/Products/Debug-iphonesimulator/PiDay.swiftmodule/arm64-apple-ios-simulator.swiftdoc

Copy /Users/veland/Library/Developer/Xcode/DerivedData/PiDay-axnnscpgdymittggsrzywssgspgw/Build/Products/Debug-iphonesimulator/PiDay.swiftmodule/arm64-apple-ios-simulator.abi.json /Users/veland/Library/Developer/Xcode/DerivedData/PiDay-axnnscpgdymittggsrzywssgspgw/Build/Intermediates.noindex/PiDay.build/Debug-iphonesimulator/PiDay.build/Objects-normal/arm64/PiDay.abi.json (in target 'PiDay' from project 'PiDay')
    cd /Users/veland/PiDay
    builtin-copy -exclude .DS_Store -exclude CVS -exclude .svn -exclude .git -exclude .hg -resolve-src-symlinks -rename /Users/veland/Library/Developer/Xcode/DerivedData/PiDay-axnnscpgdymittggsrzywssgspgw/Build/Intermediates.noindex/PiDay.build/Debug-iphonesimulator/PiDay.build/Objects-normal/arm64/PiDay.abi.json /Users/veland/Library/Developer/Xcode/DerivedData/PiDay-axnnscpgdymittggsrzywssgspgw/Build/Products/Debug-iphonesimulator/PiDay.swiftmodule/arm64-apple-ios-simulator.abi.json

Copy /Users/veland/Library/Developer/Xcode/DerivedData/PiDay-axnnscpgdymittggsrzywssgspgw/Build/Products/Debug-iphonesimulator/PiDay.swiftmodule/Project/arm64-apple-ios-simulator.swiftsourceinfo /Users/veland/Library/Developer/Xcode/DerivedData/PiDay-axnnscpgdymittggsrzywssgspgw/Build/Intermediates.noindex/PiDay.build/Debug-iphonesimulator/PiDay.build/Objects-normal/arm64/PiDay.swiftsourceinfo (in target 'PiDay' from project 'PiDay')
    cd /Users/veland/PiDay
    builtin-copy -exclude .DS_Store -exclude CVS -exclude .svn -exclude .git -exclude .hg -resolve-src-symlinks -rename /Users/veland/Library/Developer/Xcode/DerivedData/PiDay-axnnscpgdymittggsrzywssgspgw/Build/Intermediates.noindex/PiDay.build/Debug-iphonesimulator/PiDay.build/Objects-normal/arm64/PiDay.swiftsourceinfo /Users/veland/Library/Developer/Xcode/DerivedData/PiDay-axnnscpgdymittggsrzywssgspgw/Build/Products/Debug-iphonesimulator/PiDay.swiftmodule/Project/arm64-apple-ios-simulator.swiftsourceinfo

CompileAssetCatalogVariant thinned /Users/veland/Library/Developer/Xcode/DerivedData/PiDay-axnnscpgdymittggsrzywssgspgw/Build/Products/Debug-iphonesimulator/PiDay.app /Users/veland/PiDay/AppIcon.icon /Users/veland/PiDay/PiDay/Assets.xcassets (in target 'PiDay' from project 'PiDay')
    cd /Users/veland/PiDay
    /Applications/Xcode-beta.app/Contents/Developer/usr/bin/actool /Users/veland/PiDay/AppIcon.icon /Users/veland/PiDay/PiDay/Assets.xcassets --compile /Users/veland/Library/Developer/Xcode/DerivedData/PiDay-axnnscpgdymittggsrzywssgspgw/Build/Intermediates.noindex/PiDay.build/Debug-iphonesimulator/PiDay.build/assetcatalog_output/thinned --output-format human-readable-text --notices --warnings --export-dependency-info /Users/veland/Library/Developer/Xcode/DerivedData/PiDay-axnnscpgdymittggsrzywssgspgw/Build/Intermediates.noindex/PiDay.build/Debug-iphonesimulator/PiDay.build/assetcatalog_dependencies_thinned --output-partial-info-plist /Users/veland/Library/Developer/Xcode/DerivedData/PiDay-axnnscpgdymittggsrzywssgspgw/Build/Intermediates.noindex/PiDay.build/Debug-iphonesimulator/PiDay.build/assetcatalog_generated_info.plist_thinned --app-icon AppIcon --include-all-app-icons --compress-pngs --enable-on-demand-resources YES --filter-for-thinning-device-configuration iPhone17,3 --filter-for-device-os-version 26.0 --development-region en --target-device iphone --target-device ipad --minimum-deployment-target 17.0 --platform iphonesimulator
2026-03-24 13:59:44.489 AssetCatalogSimulatorAgent[76514:204236] The filter 'CIPortraitEffectSpillCorrection' is not implemented in the bundle at /Library/Developer/CoreSimulator/Volumes/iOS_23E5234a/Library/Developer/CoreSimulator/Profiles/Runtimes/iOS 26.4.simruntime/Contents/Resources/RuntimeRoot/System/Library/CoreImage/PortraitFilters.cifilter.
/* com.apple.actool.compilation-results */
/Users/veland/Library/Developer/Xcode/DerivedData/PiDay-axnnscpgdymittggsrzywssgspgw/Build/Intermediates.noindex/PiDay.build/Debug-iphonesimulator/PiDay.build/assetcatalog_generated_info.plist_thinned
/Users/veland/Library/Developer/Xcode/DerivedData/PiDay-axnnscpgdymittggsrzywssgspgw/Build/Intermediates.noindex/PiDay.build/Debug-iphonesimulator/PiDay.build/assetcatalog_output/thinned/AppIcon60x60@2x.png
/Users/veland/Library/Developer/Xcode/DerivedData/PiDay-axnnscpgdymittggsrzywssgspgw/Build/Intermediates.noindex/PiDay.build/Debug-iphonesimulator/PiDay.build/assetcatalog_output/thinned/AppIcon76x76@2x~ipad.png
/Users/veland/Library/Developer/Xcode/DerivedData/PiDay-axnnscpgdymittggsrzywssgspgw/Build/Intermediates.noindex/PiDay.build/Debug-iphonesimulator/PiDay.build/assetcatalog_output/thinned/Assets.car


SwiftDriver PiDayTests normal arm64 com.apple.xcode.tools.swift.compiler (in target 'PiDayTests' from project 'PiDay')
    cd /Users/veland/PiDay
    builtin-SwiftDriver -- /Applications/Xcode-beta.app/Contents/Developer/Toolchains/XcodeDefault.xctoolchain/usr/bin/swiftc -module-name PiDayTests -Onone @/Users/veland/Library/Developer/Xcode/DerivedData/PiDay-axnnscpgdymittggsrzywssgspgw/Build/Intermediates.noindex/PiDay.build/Debug-iphonesimulator/PiDayTests.build/Objects-normal/arm64/PiDayTests.SwiftFileList -DDEBUG -plugin-path /Applications/Xcode-beta.app/Contents/Developer/Toolchains/XcodeDefault.xctoolchain/usr/lib/swift/host/plugins/testing -enable-experimental-feature DebugDescriptionMacro -sdk /Applications/Xcode-beta.app/Contents/Developer/Platforms/iPhoneSimulator.platform/Developer/SDKs/iPhoneSimulator26.4.sdk -target arm64-apple-ios17.0-simulator -g -module-cache-path /Users/veland/Library/Developer/Xcode/DerivedData/ModuleCache.noindex -Xfrontend -serialize-debugging-options -enable-testing -index-store-path /Users/veland/Library/Developer/Xcode/DerivedData/PiDay-axnnscpgdymittggsrzywssgspgw/Index.noindex/DataStore -Xcc -D_LIBCPP_HARDENING_MODE\=_LIBCPP_HARDENING_MODE_DEBUG -swift-version 6 -I /Users/veland/Library/Developer/Xcode/DerivedData/PiDay-axnnscpgdymittggsrzywssgspgw/Build/Products/Debug-iphonesimulator -Isystem /Applications/Xcode-beta.app/Contents/Developer/Platforms/iPhoneSimulator.platform/Developer/usr/lib -F /Users/veland/Library/Developer/Xcode/DerivedData/PiDay-axnnscpgdymittggsrzywssgspgw/Build/Products/Debug-iphonesimulator -F /Applications/Xcode-beta.app/Contents/Developer/Platforms/iPhoneSimulator.platform/Developer/Library/Frameworks -F /Applications/Xcode-beta.app/Contents/Developer/Platforms/iPhoneSimulator.platform/Developer/SDKs/iPhoneSimulator26.4.sdk/Developer/Library/Frameworks -parse-as-library -emit-localized-strings -emit-localized-strings-path /Users/veland/Library/Developer/Xcode/DerivedData/PiDay-axnnscpgdymittggsrzywssgspgw/Build/Intermediates.noindex/PiDay.build/Debug-iphonesimulator/PiDayTests.build/Objects-normal/arm64 -c -j14 -enable-batch-mode -incremental -Xcc -ivfsstatcache -Xcc /Users/veland/Library/Developer/Xcode/DerivedData/SDKStatCaches.noindex/iphonesimulator26.4-23E5233a-522d393b86523a4c66aebdad38e386fc.sdkstatcache -output-file-map /Users/veland/Library/Developer/Xcode/DerivedData/PiDay-axnnscpgdymittggsrzywssgspgw/Build/Intermediates.noindex/PiDay.build/Debug-iphonesimulator/PiDayTests.build/Objects-normal/arm64/PiDayTests-OutputFileMap.json -use-frontend-parseable-output -save-temps -no-color-diagnostics -explicit-module-build -module-cache-path /Users/veland/Library/Developer/Xcode/DerivedData/PiDay-axnnscpgdymittggsrzywssgspgw/Build/Intermediates.noindex/SwiftExplicitPrecompiledModules -clang-scanner-module-cache-path /Users/veland/Library/Developer/Xcode/DerivedData/ModuleCache.noindex -sdk-module-cache-path /Users/veland/Library/Developer/Xcode/DerivedData/ModuleCache.noindex -serialize-diagnostics -emit-dependencies -emit-module -emit-module-path /Users/veland/Library/Developer/Xcode/DerivedData/PiDay-axnnscpgdymittggsrzywssgspgw/Build/Intermediates.noindex/PiDay.build/Debug-iphonesimulator/PiDayTests.build/Objects-normal/arm64/PiDayTests.swiftmodule -validate-clang-modules-once -clang-build-session-file /Users/veland/Library/Developer/Xcode/DerivedData/ModuleCache.noindex/Session.modulevalidation -Xcc -I/Users/veland/Library/Developer/Xcode/DerivedData/PiDay-axnnscpgdymittggsrzywssgspgw/Build/Intermediates.noindex/PiDay.build/Debug-iphonesimulator/PiDayTests.build/swift-overrides.hmap -emit-const-values -Xfrontend -const-gather-protocols-file -Xfrontend /Users/veland/Library/Developer/Xcode/DerivedData/PiDay-axnnscpgdymittggsrzywssgspgw/Build/Intermediates.noindex/PiDay.build/Debug-iphonesimulator/PiDayTests.build/Objects-normal/arm64/PiDayTests_const_extract_protocols.json -Xcc -iquote -Xcc /Users/veland/Library/Developer/Xcode/DerivedData/PiDay-axnnscpgdymittggsrzywssgspgw/Build/Intermediates.noindex/PiDay.build/Debug-iphonesimulator/PiDayTests.build/PiDayTests-generated-files.hmap -Xcc -I/Users/veland/Library/Developer/Xcode/DerivedData/PiDay-axnnscpgdymittggsrzywssgspgw/Build/Intermediates.noindex/PiDay.build/Debug-iphonesimulator/PiDayTests.build/PiDayTests-own-target-headers.hmap -Xcc -I/Users/veland/Library/Developer/Xcode/DerivedData/PiDay-axnnscpgdymittggsrzywssgspgw/Build/Intermediates.noindex/PiDay.build/Debug-iphonesimulator/PiDayTests.build/PiDayTests-all-target-headers.hmap -Xcc -iquote -Xcc /Users/veland/Library/Developer/Xcode/DerivedData/PiDay-axnnscpgdymittggsrzywssgspgw/Build/Intermediates.noindex/PiDay.build/Debug-iphonesimulator/PiDayTests.build/PiDayTests-project-headers.hmap -Xcc -I/Users/veland/Library/Developer/Xcode/DerivedData/PiDay-axnnscpgdymittggsrzywssgspgw/Build/Products/Debug-iphonesimulator/include -Xcc -I/Users/veland/Library/Developer/Xcode/DerivedData/PiDay-axnnscpgdymittggsrzywssgspgw/Build/Intermediates.noindex/PiDay.build/Debug-iphonesimulator/PiDayTests.build/DerivedSources-normal/arm64 -Xcc -I/Users/veland/Library/Developer/Xcode/DerivedData/PiDay-axnnscpgdymittggsrzywssgspgw/Build/Intermediates.noindex/PiDay.build/Debug-iphonesimulator/PiDayTests.build/DerivedSources/arm64 -Xcc -I/Users/veland/Library/Developer/Xcode/DerivedData/PiDay-axnnscpgdymittggsrzywssgspgw/Build/Intermediates.noindex/PiDay.build/Debug-iphonesimulator/PiDayTests.build/DerivedSources -Xcc -DDEBUG\=1 -emit-objc-header -emit-objc-header-path /Users/veland/Library/Developer/Xcode/DerivedData/PiDay-axnnscpgdymittggsrzywssgspgw/Build/Intermediates.noindex/PiDay.build/Debug-iphonesimulator/PiDayTests.build/Objects-normal/arm64/PiDayTests-Swift.h -working-directory /Users/veland/PiDay -experimental-emit-module-separately -disable-cmo

SwiftDriverJobDiscovery normal x86_64 Compiling WatchAppModel.swift (in target 'PiDayWatchExtension' from project 'PiDay')

ConstructStubExecutorLinkFileList /Users/veland/Library/Developer/Xcode/DerivedData/PiDay-axnnscpgdymittggsrzywssgspgw/Build/Intermediates.noindex/PiDay.build/Debug-watchsimulator/PiDayWatchExtension.build/PiDay\ Watch\ Extension-ExecutorLinkFileList-normal-arm64.txt (in target 'PiDayWatchExtension' from project 'PiDay')
    cd /Users/veland/PiDay
    construct-stub-executor-link-file-list /Users/veland/Library/Developer/Xcode/DerivedData/PiDay-axnnscpgdymittggsrzywssgspgw/Build/Intermediates.noindex/PiDay.build/Debug-watchsimulator/PiDayWatchExtension.build/Objects-normal/arm64/Binary/PiDay\ Watch\ Extension.debug.dylib /Applications/Xcode-beta.app/Contents/Developer/Platforms/WatchSimulator.platform/Developer/usr/lib/libPreviewsJITStubExecutor_no_swift_entry_point.a /Applications/Xcode-beta.app/Contents/Developer/Platforms/WatchSimulator.platform/Developer/usr/lib/libPreviewsJITStubExecutor.a --output /Users/veland/Library/Developer/Xcode/DerivedData/PiDay-axnnscpgdymittggsrzywssgspgw/Build/Intermediates.noindex/PiDay.build/Debug-watchsimulator/PiDayWatchExtension.build/PiDay\ Watch\ Extension-ExecutorLinkFileList-normal-arm64.txt
note: Using stub executor library with Swift entry point. (in target 'PiDayWatchExtension' from project 'PiDay')

Ld /Users/veland/Library/Developer/Xcode/DerivedData/PiDay-axnnscpgdymittggsrzywssgspgw/Build/Intermediates.noindex/PiDay.build/Debug-watchsimulator/PiDayWatchExtension.build/Objects-normal/arm64/Binary/PiDay\ Watch\ Extension normal arm64 (in target 'PiDayWatchExtension' from project 'PiDay')
    cd /Users/veland/PiDay
    /Applications/Xcode-beta.app/Contents/Developer/Toolchains/XcodeDefault.xctoolchain/usr/bin/clang -Xlinker -reproducible -target arm64-apple-watchos10.0-simulator -isysroot /Applications/Xcode-beta.app/Contents/Developer/Platforms/WatchSimulator.platform/Developer/SDKs/WatchSimulator26.4.sdk -O0 -L/Users/veland/Library/Developer/Xcode/DerivedData/PiDay-axnnscpgdymittggsrzywssgspgw/Build/Products/Debug-watchsimulator -F/Users/veland/Library/Developer/Xcode/DerivedData/PiDay-axnnscpgdymittggsrzywssgspgw/Build/Products/Debug-watchsimulator -Xlinker -rpath -Xlinker @executable_path -rdynamic -Xlinker -no_deduplicate -Xlinker -objc_abi_version -Xlinker 2 -e ___debug_blank_executor_main -Xlinker -sectcreate -Xlinker __TEXT -Xlinker __debug_dylib -Xlinker /Users/veland/Library/Developer/Xcode/DerivedData/PiDay-axnnscpgdymittggsrzywssgspgw/Build/Intermediates.noindex/PiDay.build/Debug-watchsimulator/PiDayWatchExtension.build/PiDay\ Watch\ Extension-DebugDylibPath-normal-arm64.txt -Xlinker -sectcreate -Xlinker __TEXT -Xlinker __debug_entry -Xlinker /Users/veland/Library/Developer/Xcode/DerivedData/PiDay-axnnscpgdymittggsrzywssgspgw/Build/Intermediates.noindex/PiDay.build/Debug-watchsimulator/PiDayWatchExtension.build/PiDay\ Watch\ Extension-DebugEntryPoint-normal-arm64.txt -Xlinker -sectcreate -Xlinker __TEXT -Xlinker __debug_instlnm -Xlinker /Users/veland/Library/Developer/Xcode/DerivedData/PiDay-axnnscpgdymittggsrzywssgspgw/Build/Intermediates.noindex/PiDay.build/Debug-watchsimulator/PiDayWatchExtension.build/PiDay\ Watch\ Extension-DebugDylibInstallName-normal-arm64.txt -Xlinker -filelist -Xlinker /Users/veland/Library/Developer/Xcode/DerivedData/PiDay-axnnscpgdymittggsrzywssgspgw/Build/Intermediates.noindex/PiDay.build/Debug-watchsimulator/PiDayWatchExtension.build/PiDay\ Watch\ Extension-ExecutorLinkFileList-normal-arm64.txt -framework WatchKit -Xlinker -sectcreate -Xlinker __TEXT -Xlinker __entitlements -Xlinker /Users/veland/Library/Developer/Xcode/DerivedData/PiDay-axnnscpgdymittggsrzywssgspgw/Build/Intermediates.noindex/PiDay.build/Debug-watchsimulator/PiDayWatchExtension.build/PiDay\ Watch\ Extension.appex-Simulated.xcent -Xlinker -sectcreate -Xlinker __TEXT -Xlinker __ents_der -Xlinker /Users/veland/Library/Developer/Xcode/DerivedData/PiDay-axnnscpgdymittggsrzywssgspgw/Build/Intermediates.noindex/PiDay.build/Debug-watchsimulator/PiDayWatchExtension.build/PiDay\ Watch\ Extension.appex-Simulated.xcent.der /Users/veland/Library/Developer/Xcode/DerivedData/PiDay-axnnscpgdymittggsrzywssgspgw/Build/Intermediates.noindex/PiDay.build/Debug-watchsimulator/PiDayWatchExtension.build/Objects-normal/arm64/Binary/PiDay\ Watch\ Extension.debug.dylib -Xlinker -no_adhoc_codesign -o /Users/veland/Library/Developer/Xcode/DerivedData/PiDay-axnnscpgdymittggsrzywssgspgw/Build/Intermediates.noindex/PiDay.build/Debug-watchsimulator/PiDayWatchExtension.build/Objects-normal/arm64/Binary/PiDay\ Watch\ Extension

SwiftDriverJobDiscovery normal x86_64 Compiling WatchRootView.swift (in target 'PiDayWatchExtension' from project 'PiDay')

SwiftDriver\ Compilation PiDayWatchExtension normal x86_64 com.apple.xcode.tools.swift.compiler (in target 'PiDayWatchExtension' from project 'PiDay')
    cd /Users/veland/PiDay
    builtin-Swift-Compilation -- /Applications/Xcode-beta.app/Contents/Developer/Toolchains/XcodeDefault.xctoolchain/usr/bin/swiftc -module-name PiDay_Watch_Extension -Onone @/Users/veland/Library/Developer/Xcode/DerivedData/PiDay-axnnscpgdymittggsrzywssgspgw/Build/Intermediates.noindex/PiDay.build/Debug-watchsimulator/PiDayWatchExtension.build/Objects-normal/x86_64/PiDay\ Watch\ Extension.SwiftFileList -DDEBUG -enable-experimental-feature DebugDescriptionMacro -sdk /Applications/Xcode-beta.app/Contents/Developer/Platforms/WatchSimulator.platform/Developer/SDKs/WatchSimulator26.4.sdk -target x86_64-apple-watchos10.0-simulator -g -module-cache-path /Users/veland/Library/Developer/Xcode/DerivedData/ModuleCache.noindex -Xfrontend -serialize-debugging-options -application-extension -enable-testing -index-store-path /Users/veland/Library/Developer/Xcode/DerivedData/PiDay-axnnscpgdymittggsrzywssgspgw/Index.noindex/DataStore -Xcc -D_LIBCPP_HARDENING_MODE\=_LIBCPP_HARDENING_MODE_DEBUG -swift-version 6 -I /Users/veland/Library/Developer/Xcode/DerivedData/PiDay-axnnscpgdymittggsrzywssgspgw/Build/Products/Debug-watchsimulator -F /Users/veland/Library/Developer/Xcode/DerivedData/PiDay-axnnscpgdymittggsrzywssgspgw/Build/Products/Debug-watchsimulator -emit-localized-strings -emit-localized-strings-path /Users/veland/Library/Developer/Xcode/DerivedData/PiDay-axnnscpgdymittggsrzywssgspgw/Build/Intermediates.noindex/PiDay.build/Debug-watchsimulator/PiDayWatchExtension.build/Objects-normal/x86_64 -c -j14 -enable-batch-mode -incremental -Xcc -ivfsstatcache -Xcc /Users/veland/Library/Developer/Xcode/DerivedData/SDKStatCaches.noindex/watchsimulator26.4-23T5235a-07cc7bb27374d4f60ba1ed986cf98d97.sdkstatcache -output-file-map /Users/veland/Library/Developer/Xcode/DerivedData/PiDay-axnnscpgdymittggsrzywssgspgw/Build/Intermediates.noindex/PiDay.build/Debug-watchsimulator/PiDayWatchExtension.build/Objects-normal/x86_64/PiDayWatchExtension-OutputFileMap.json -use-frontend-parseable-output -save-temps -no-color-diagnostics -explicit-module-build -module-cache-path /Users/veland/Library/Developer/Xcode/DerivedData/PiDay-axnnscpgdymittggsrzywssgspgw/Build/Intermediates.noindex/SwiftExplicitPrecompiledModules -clang-scanner-module-cache-path /Users/veland/Library/Developer/Xcode/DerivedData/ModuleCache.noindex -sdk-module-cache-path /Users/veland/Library/Developer/Xcode/DerivedData/ModuleCache.noindex -serialize-diagnostics -emit-dependencies -emit-module -emit-module-path /Users/veland/Library/Developer/Xcode/DerivedData/PiDay-axnnscpgdymittggsrzywssgspgw/Build/Intermediates.noindex/PiDay.build/Debug-watchsimulator/PiDayWatchExtension.build/Objects-normal/x86_64/PiDay_Watch_Extension.swiftmodule -validate-clang-modules-once -clang-build-session-file /Users/veland/Library/Developer/Xcode/DerivedData/ModuleCache.noindex/Session.modulevalidation -Xcc -I/Users/veland/Library/Developer/Xcode/DerivedData/PiDay-axnnscpgdymittggsrzywssgspgw/Build/Intermediates.noindex/PiDay.build/Debug-watchsimulator/PiDayWatchExtension.build/swift-overrides.hmap -emit-const-values -Xfrontend -const-gather-protocols-file -Xfrontend /Users/veland/Library/Developer/Xcode/DerivedData/PiDay-axnnscpgdymittggsrzywssgspgw/Build/Intermediates.noindex/PiDay.build/Debug-watchsimulator/PiDayWatchExtension.build/Objects-normal/x86_64/PiDayWatchExtension_const_extract_protocols.json -Xcc -iquote -Xcc /Users/veland/Library/Developer/Xcode/DerivedData/PiDay-axnnscpgdymittggsrzywssgspgw/Build/Intermediates.noindex/PiDay.build/Debug-watchsimulator/PiDayWatchExtension.build/PiDay\ Watch\ Extension-generated-files.hmap -Xcc -I/Users/veland/Library/Developer/Xcode/DerivedData/PiDay-axnnscpgdymittggsrzywssgspgw/Build/Intermediates.noindex/PiDay.build/Debug-watchsimulator/PiDayWatchExtension.build/PiDay\ Watch\ Extension-own-target-headers.hmap -Xcc -I/Users/veland/Library/Developer/Xcode/DerivedData/PiDay-axnnscpgdymittggsrzywssgspgw/Build/Intermediates.noindex/PiDay.build/Debug-watchsimulator/PiDayWatchExtension.build/PiDay\ Watch\ Extension-all-target-headers.hmap -Xcc -iquote -Xcc /Users/veland/Library/Developer/Xcode/DerivedData/PiDay-axnnscpgdymittggsrzywssgspgw/Build/Intermediates.noindex/PiDay.build/Debug-watchsimulator/PiDayWatchExtension.build/PiDay\ Watch\ Extension-project-headers.hmap -Xcc -I/Users/veland/Library/Developer/Xcode/DerivedData/PiDay-axnnscpgdymittggsrzywssgspgw/Build/Products/Debug-watchsimulator/include -Xcc -I/Users/veland/Library/Developer/Xcode/DerivedData/PiDay-axnnscpgdymittggsrzywssgspgw/Build/Intermediates.noindex/PiDay.build/Debug-watchsimulator/PiDayWatchExtension.build/DerivedSources-normal/x86_64 -Xcc -I/Users/veland/Library/Developer/Xcode/DerivedData/PiDay-axnnscpgdymittggsrzywssgspgw/Build/Intermediates.noindex/PiDay.build/Debug-watchsimulator/PiDayWatchExtension.build/DerivedSources/x86_64 -Xcc -I/Users/veland/Library/Developer/Xcode/DerivedData/PiDay-axnnscpgdymittggsrzywssgspgw/Build/Intermediates.noindex/PiDay.build/Debug-watchsimulator/PiDayWatchExtension.build/DerivedSources -Xcc -DDEBUG\=1 -emit-objc-header -emit-objc-header-path /Users/veland/Library/Developer/Xcode/DerivedData/PiDay-axnnscpgdymittggsrzywssgspgw/Build/Intermediates.noindex/PiDay.build/Debug-watchsimulator/PiDayWatchExtension.build/Objects-normal/x86_64/PiDay_Watch_Extension-Swift.h -working-directory /Users/veland/PiDay -experimental-emit-module-separately -disable-cmo

Ld /Users/veland/Library/Developer/Xcode/DerivedData/PiDay-axnnscpgdymittggsrzywssgspgw/Build/Intermediates.noindex/PiDay.build/Debug-watchsimulator/PiDayWatchExtension.build/Objects-normal/x86_64/Binary/PiDay\ Watch\ Extension.debug.dylib normal x86_64 (in target 'PiDayWatchExtension' from project 'PiDay')
    cd /Users/veland/PiDay
    /Applications/Xcode-beta.app/Contents/Developer/Toolchains/XcodeDefault.xctoolchain/usr/bin/clang -Xlinker -reproducible -target x86_64-apple-watchos10.0-simulator -dynamiclib -isysroot /Applications/Xcode-beta.app/Contents/Developer/Platforms/WatchSimulator.platform/Developer/SDKs/WatchSimulator26.4.sdk -O0 -L/Users/veland/Library/Developer/Xcode/DerivedData/PiDay-axnnscpgdymittggsrzywssgspgw/Build/Intermediates.noindex/EagerLinkingTBDs/Debug-watchsimulator -L/Users/veland/Library/Developer/Xcode/DerivedData/PiDay-axnnscpgdymittggsrzywssgspgw/Build/Products/Debug-watchsimulator -F/Users/veland/Library/Developer/Xcode/DerivedData/PiDay-axnnscpgdymittggsrzywssgspgw/Build/Intermediates.noindex/EagerLinkingTBDs/Debug-watchsimulator -F/Users/veland/Library/Developer/Xcode/DerivedData/PiDay-axnnscpgdymittggsrzywssgspgw/Build/Products/Debug-watchsimulator -filelist /Users/veland/Library/Developer/Xcode/DerivedData/PiDay-axnnscpgdymittggsrzywssgspgw/Build/Intermediates.noindex/PiDay.build/Debug-watchsimulator/PiDayWatchExtension.build/Objects-normal/x86_64/PiDay\ Watch\ Extension.LinkFileList -install_name @rpath/PiDay\ Watch\ Extension.debug.dylib -Xlinker -rpath -Xlinker /usr/lib/swift -Xlinker -dead_strip -Xlinker -object_path_lto -Xlinker /Users/veland/Library/Developer/Xcode/DerivedData/PiDay-axnnscpgdymittggsrzywssgspgw/Build/Intermediates.noindex/PiDay.build/Debug-watchsimulator/PiDayWatchExtension.build/Objects-normal/x86_64/PiDay\ Watch\ Extension_lto.o -rdynamic -Xlinker -no_deduplicate -Xlinker -objc_abi_version -Xlinker 2 -Xlinker -dependency_info -Xlinker /Users/veland/Library/Developer/Xcode/DerivedData/PiDay-axnnscpgdymittggsrzywssgspgw/Build/Intermediates.noindex/PiDay.build/Debug-watchsimulator/PiDayWatchExtension.build/Objects-normal/x86_64/PiDay\ Watch\ Extension_dependency_info.dat -fapplication-extension -fobjc-link-runtime -L/Applications/Xcode-beta.app/Contents/Developer/Toolchains/XcodeDefault.xctoolchain/usr/lib/swift/watchsimulator -L/usr/lib/swift -Xlinker -add_ast_path -Xlinker /Users/veland/Library/Developer/Xcode/DerivedData/PiDay-axnnscpgdymittggsrzywssgspgw/Build/Intermediates.noindex/PiDay.build/Debug-watchsimulator/PiDayWatchExtension.build/Objects-normal/x86_64/PiDay_Watch_Extension.swiftmodule @/Users/veland/Library/Developer/Xcode/DerivedData/PiDay-axnnscpgdymittggsrzywssgspgw/Build/Intermediates.noindex/PiDay.build/Debug-watchsimulator/PiDayWatchExtension.build/Objects-normal/x86_64/PiDay_Watch_Extension-linker-args.resp -Xlinker -alias -Xlinker _WKExtensionMain -Xlinker ___debug_main_executable_dylib_entry_point -framework WatchKit -framework Foundation -Xlinker -no_adhoc_codesign -o /Users/veland/Library/Developer/Xcode/DerivedData/PiDay-axnnscpgdymittggsrzywssgspgw/Build/Intermediates.noindex/PiDay.build/Debug-watchsimulator/PiDayWatchExtension.build/Objects-normal/x86_64/Binary/PiDay\ Watch\ Extension.debug.dylib

SwiftExplicitDependencyGeneratePcm arm64 /Users/veland/Library/Developer/Xcode/DerivedData/PiDay-axnnscpgdymittggsrzywssgspgw/Build/Intermediates.noindex/SwiftExplicitPrecompiledModules/XCUIAutomation-35VOC1SLAFCUPCA6XLBRVCJZG.pcm

CreateUniversalBinary /Users/veland/Library/Developer/Xcode/DerivedData/PiDay-axnnscpgdymittggsrzywssgspgw/Build/Products/Debug-watchsimulator/PiDay\ Watch\ Extension.appex/PiDay\ Watch\ Extension.debug.dylib normal arm64\ x86_64 (in target 'PiDayWatchExtension' from project 'PiDay')
    cd /Users/veland/PiDay
    /Applications/Xcode-beta.app/Contents/Developer/Toolchains/XcodeDefault.xctoolchain/usr/bin/lipo -create /Users/veland/Library/Developer/Xcode/DerivedData/PiDay-axnnscpgdymittggsrzywssgspgw/Build/Intermediates.noindex/PiDay.build/Debug-watchsimulator/PiDayWatchExtension.build/Objects-normal/arm64/Binary/PiDay\ Watch\ Extension.debug.dylib /Users/veland/Library/Developer/Xcode/DerivedData/PiDay-axnnscpgdymittggsrzywssgspgw/Build/Intermediates.noindex/PiDay.build/Debug-watchsimulator/PiDayWatchExtension.build/Objects-normal/x86_64/Binary/PiDay\ Watch\ Extension.debug.dylib -output /Users/veland/Library/Developer/Xcode/DerivedData/PiDay-axnnscpgdymittggsrzywssgspgw/Build/Products/Debug-watchsimulator/PiDay\ Watch\ Extension.appex/PiDay\ Watch\ Extension.debug.dylib

ConstructStubExecutorLinkFileList /Users/veland/Library/Developer/Xcode/DerivedData/PiDay-axnnscpgdymittggsrzywssgspgw/Build/Intermediates.noindex/PiDay.build/Debug-watchsimulator/PiDayWatchExtension.build/PiDay\ Watch\ Extension-ExecutorLinkFileList-normal-x86_64.txt (in target 'PiDayWatchExtension' from project 'PiDay')
    cd /Users/veland/PiDay
    construct-stub-executor-link-file-list /Users/veland/Library/Developer/Xcode/DerivedData/PiDay-axnnscpgdymittggsrzywssgspgw/Build/Intermediates.noindex/PiDay.build/Debug-watchsimulator/PiDayWatchExtension.build/Objects-normal/x86_64/Binary/PiDay\ Watch\ Extension.debug.dylib /Applications/Xcode-beta.app/Contents/Developer/Platforms/WatchSimulator.platform/Developer/usr/lib/libPreviewsJITStubExecutor_no_swift_entry_point.a /Applications/Xcode-beta.app/Contents/Developer/Platforms/WatchSimulator.platform/Developer/usr/lib/libPreviewsJITStubExecutor.a --output /Users/veland/Library/Developer/Xcode/DerivedData/PiDay-axnnscpgdymittggsrzywssgspgw/Build/Intermediates.noindex/PiDay.build/Debug-watchsimulator/PiDayWatchExtension.build/PiDay\ Watch\ Extension-ExecutorLinkFileList-normal-x86_64.txt
note: Using stub executor library with Swift entry point. (in target 'PiDayWatchExtension' from project 'PiDay')

Ld /Users/veland/Library/Developer/Xcode/DerivedData/PiDay-axnnscpgdymittggsrzywssgspgw/Build/Intermediates.noindex/PiDay.build/Debug-watchsimulator/PiDayWatchExtension.build/Objects-normal/x86_64/Binary/PiDay\ Watch\ Extension normal x86_64 (in target 'PiDayWatchExtension' from project 'PiDay')
    cd /Users/veland/PiDay
    /Applications/Xcode-beta.app/Contents/Developer/Toolchains/XcodeDefault.xctoolchain/usr/bin/clang -Xlinker -reproducible -target x86_64-apple-watchos10.0-simulator -isysroot /Applications/Xcode-beta.app/Contents/Developer/Platforms/WatchSimulator.platform/Developer/SDKs/WatchSimulator26.4.sdk -O0 -L/Users/veland/Library/Developer/Xcode/DerivedData/PiDay-axnnscpgdymittggsrzywssgspgw/Build/Products/Debug-watchsimulator -F/Users/veland/Library/Developer/Xcode/DerivedData/PiDay-axnnscpgdymittggsrzywssgspgw/Build/Products/Debug-watchsimulator -Xlinker -rpath -Xlinker @executable_path -rdynamic -Xlinker -no_deduplicate -Xlinker -objc_abi_version -Xlinker 2 -e ___debug_blank_executor_main -Xlinker -sectcreate -Xlinker __TEXT -Xlinker __debug_dylib -Xlinker /Users/veland/Library/Developer/Xcode/DerivedData/PiDay-axnnscpgdymittggsrzywssgspgw/Build/Intermediates.noindex/PiDay.build/Debug-watchsimulator/PiDayWatchExtension.build/PiDay\ Watch\ Extension-DebugDylibPath-normal-x86_64.txt -Xlinker -sectcreate -Xlinker __TEXT -Xlinker __debug_entry -Xlinker /Users/veland/Library/Developer/Xcode/DerivedData/PiDay-axnnscpgdymittggsrzywssgspgw/Build/Intermediates.noindex/PiDay.build/Debug-watchsimulator/PiDayWatchExtension.build/PiDay\ Watch\ Extension-DebugEntryPoint-normal-x86_64.txt -Xlinker -sectcreate -Xlinker __TEXT -Xlinker __debug_instlnm -Xlinker /Users/veland/Library/Developer/Xcode/DerivedData/PiDay-axnnscpgdymittggsrzywssgspgw/Build/Intermediates.noindex/PiDay.build/Debug-watchsimulator/PiDayWatchExtension.build/PiDay\ Watch\ Extension-DebugDylibInstallName-normal-x86_64.txt -Xlinker -filelist -Xlinker /Users/veland/Library/Developer/Xcode/DerivedData/PiDay-axnnscpgdymittggsrzywssgspgw/Build/Intermediates.noindex/PiDay.build/Debug-watchsimulator/PiDayWatchExtension.build/PiDay\ Watch\ Extension-ExecutorLinkFileList-normal-x86_64.txt -framework WatchKit -Xlinker -sectcreate -Xlinker __TEXT -Xlinker __entitlements -Xlinker /Users/veland/Library/Developer/Xcode/DerivedData/PiDay-axnnscpgdymittggsrzywssgspgw/Build/Intermediates.noindex/PiDay.build/Debug-watchsimulator/PiDayWatchExtension.build/PiDay\ Watch\ Extension.appex-Simulated.xcent -Xlinker -sectcreate -Xlinker __TEXT -Xlinker __ents_der -Xlinker /Users/veland/Library/Developer/Xcode/DerivedData/PiDay-axnnscpgdymittggsrzywssgspgw/Build/Intermediates.noindex/PiDay.build/Debug-watchsimulator/PiDayWatchExtension.build/PiDay\ Watch\ Extension.appex-Simulated.xcent.der /Users/veland/Library/Developer/Xcode/DerivedData/PiDay-axnnscpgdymittggsrzywssgspgw/Build/Intermediates.noindex/PiDay.build/Debug-watchsimulator/PiDayWatchExtension.build/Objects-normal/x86_64/Binary/PiDay\ Watch\ Extension.debug.dylib -Xlinker -no_adhoc_codesign -o /Users/veland/Library/Developer/Xcode/DerivedData/PiDay-axnnscpgdymittggsrzywssgspgw/Build/Intermediates.noindex/PiDay.build/Debug-watchsimulator/PiDayWatchExtension.build/Objects-normal/x86_64/Binary/PiDay\ Watch\ Extension

CreateUniversalBinary /Users/veland/Library/Developer/Xcode/DerivedData/PiDay-axnnscpgdymittggsrzywssgspgw/Build/Products/Debug-watchsimulator/PiDay\ Watch\ Extension.appex/PiDay\ Watch\ Extension normal arm64\ x86_64 (in target 'PiDayWatchExtension' from project 'PiDay')
    cd /Users/veland/PiDay
    /Applications/Xcode-beta.app/Contents/Developer/Toolchains/XcodeDefault.xctoolchain/usr/bin/lipo -create /Users/veland/Library/Developer/Xcode/DerivedData/PiDay-axnnscpgdymittggsrzywssgspgw/Build/Intermediates.noindex/PiDay.build/Debug-watchsimulator/PiDayWatchExtension.build/Objects-normal/arm64/Binary/PiDay\ Watch\ Extension /Users/veland/Library/Developer/Xcode/DerivedData/PiDay-axnnscpgdymittggsrzywssgspgw/Build/Intermediates.noindex/PiDay.build/Debug-watchsimulator/PiDayWatchExtension.build/Objects-normal/x86_64/Binary/PiDay\ Watch\ Extension -output /Users/veland/Library/Developer/Xcode/DerivedData/PiDay-axnnscpgdymittggsrzywssgspgw/Build/Products/Debug-watchsimulator/PiDay\ Watch\ Extension.appex/PiDay\ Watch\ Extension

ExtractAppIntentsMetadata (in target 'PiDayWatchExtension' from project 'PiDay')
    cd /Users/veland/PiDay
    /Applications/Xcode-beta.app/Contents/Developer/Toolchains/XcodeDefault.xctoolchain/usr/bin/appintentsmetadataprocessor --toolchain-dir /Applications/Xcode-beta.app/Contents/Developer/Toolchains/XcodeDefault.xctoolchain --module-name PiDay_Watch_Extension --sdk-root /Applications/Xcode-beta.app/Contents/Developer/Platforms/WatchSimulator.platform/Developer/SDKs/WatchSimulator26.4.sdk --xcode-version 17E5179g --platform-family watchOS --deployment-target 10.0 --bundle-identifier academy.glasscode.piday.watchkitapp.watchkitextension --output /Users/veland/Library/Developer/Xcode/DerivedData/PiDay-axnnscpgdymittggsrzywssgspgw/Build/Products/Debug-watchsimulator/PiDay\ Watch\ Extension.appex --target-triple arm64-apple-watchos10.0-simulator --target-triple x86_64-apple-watchos10.0-simulator --binary-file /Users/veland/Library/Developer/Xcode/DerivedData/PiDay-axnnscpgdymittggsrzywssgspgw/Build/Products/Debug-watchsimulator/PiDay\ Watch\ Extension.appex/PiDay\ Watch\ Extension --dependency-file /Users/veland/Library/Developer/Xcode/DerivedData/PiDay-axnnscpgdymittggsrzywssgspgw/Build/Intermediates.noindex/PiDay.build/Debug-watchsimulator/PiDayWatchExtension.build/Objects-normal/arm64/PiDay\ Watch\ Extension_dependency_info.dat --dependency-file /Users/veland/Library/Developer/Xcode/DerivedData/PiDay-axnnscpgdymittggsrzywssgspgw/Build/Intermediates.noindex/PiDay.build/Debug-watchsimulator/PiDayWatchExtension.build/Objects-normal/x86_64/PiDay\ Watch\ Extension_dependency_info.dat --stringsdata-file /Users/veland/Library/Developer/Xcode/DerivedData/PiDay-axnnscpgdymittggsrzywssgspgw/Build/Intermediates.noindex/PiDay.build/Debug-watchsimulator/PiDayWatchExtension.build/Objects-normal/arm64/ExtractedAppShortcutsMetadata.stringsdata --stringsdata-file /Users/veland/Library/Developer/Xcode/DerivedData/PiDay-axnnscpgdymittggsrzywssgspgw/Build/Intermediates.noindex/PiDay.build/Debug-watchsimulator/PiDayWatchExtension.build/Objects-normal/x86_64/ExtractedAppShortcutsMetadata.stringsdata --source-file-list /Users/veland/Library/Developer/Xcode/DerivedData/PiDay-axnnscpgdymittggsrzywssgspgw/Build/Intermediates.noindex/PiDay.build/Debug-watchsimulator/PiDayWatchExtension.build/Objects-normal/arm64/PiDay\ Watch\ Extension.SwiftFileList --source-file-list /Users/veland/Library/Developer/Xcode/DerivedData/PiDay-axnnscpgdymittggsrzywssgspgw/Build/Intermediates.noindex/PiDay.build/Debug-watchsimulator/PiDayWatchExtension.build/Objects-normal/x86_64/PiDay\ Watch\ Extension.SwiftFileList --metadata-file-list /Users/veland/Library/Developer/Xcode/DerivedData/PiDay-axnnscpgdymittggsrzywssgspgw/Build/Intermediates.noindex/PiDay.build/Debug-watchsimulator/PiDayWatchExtension.build/PiDay\ Watch\ Extension.DependencyMetadataFileList --static-metadata-file-list /Users/veland/Library/Developer/Xcode/DerivedData/PiDay-axnnscpgdymittggsrzywssgspgw/Build/Intermediates.noindex/PiDay.build/Debug-watchsimulator/PiDayWatchExtension.build/PiDay\ Watch\ Extension.DependencyStaticMetadataFileList --swift-const-vals-list /Users/veland/Library/Developer/Xcode/DerivedData/PiDay-axnnscpgdymittggsrzywssgspgw/Build/Intermediates.noindex/PiDay.build/Debug-watchsimulator/PiDayWatchExtension.build/Objects-normal/arm64/PiDay\ Watch\ Extension.SwiftConstValuesFileList --swift-const-vals-list /Users/veland/Library/Developer/Xcode/DerivedData/PiDay-axnnscpgdymittggsrzywssgspgw/Build/Intermediates.noindex/PiDay.build/Debug-watchsimulator/PiDayWatchExtension.build/Objects-normal/x86_64/PiDay\ Watch\ Extension.SwiftConstValuesFileList --compile-time-extraction --deployment-aware-processing --validate-assistant-intents --no-app-shortcuts-localization
2026-03-24 13:59:40.295 appintentsmetadataprocessor[76516:203962] Starting appintentsmetadataprocessor export
2026-03-24 13:59:40.296 appintentsmetadataprocessor[76516:203962] warning: Metadata extraction skipped. No AppIntents.framework dependency found.

CodeSign /Users/veland/Library/Developer/Xcode/DerivedData/PiDay-axnnscpgdymittggsrzywssgspgw/Build/Products/Debug-watchsimulator/PiDay\ Watch\ Extension.appex/PiDay\ Watch\ Extension.debug.dylib (in target 'PiDayWatchExtension' from project 'PiDay')
    cd /Users/veland/PiDay
    
    Signing Identity:     "Sign to Run Locally"
    
    /usr/bin/codesign --force --sign - --timestamp\=none --generate-entitlement-der /Users/veland/Library/Developer/Xcode/DerivedData/PiDay-axnnscpgdymittggsrzywssgspgw/Build/Products/Debug-watchsimulator/PiDay\ Watch\ Extension.appex/PiDay\ Watch\ Extension.debug.dylib

CodeSign /Users/veland/Library/Developer/Xcode/DerivedData/PiDay-axnnscpgdymittggsrzywssgspgw/Build/Products/Debug-watchsimulator/PiDay\ Watch\ Extension.appex/__preview.dylib (in target 'PiDayWatchExtension' from project 'PiDay')
    cd /Users/veland/PiDay
    
    Signing Identity:     "Sign to Run Locally"
    
    /usr/bin/codesign --force --sign - --timestamp\=none --generate-entitlement-der /Users/veland/Library/Developer/Xcode/DerivedData/PiDay-axnnscpgdymittggsrzywssgspgw/Build/Products/Debug-watchsimulator/PiDay\ Watch\ Extension.appex/__preview.dylib

CodeSign /Users/veland/Library/Developer/Xcode/DerivedData/PiDay-axnnscpgdymittggsrzywssgspgw/Build/Products/Debug-watchsimulator/PiDay\ Watch\ Extension.appex (in target 'PiDayWatchExtension' from project 'PiDay')
    cd /Users/veland/PiDay
    
    Signing Identity:     "Sign to Run Locally"
    
    /usr/bin/codesign --force --sign - --timestamp\=none --generate-entitlement-der /Users/veland/Library/Developer/Xcode/DerivedData/PiDay-axnnscpgdymittggsrzywssgspgw/Build/Products/Debug-watchsimulator/PiDay\ Watch\ Extension.appex

SwiftExplicitDependencyGeneratePcm arm64 /Users/veland/Library/Developer/Xcode/DerivedData/PiDay-axnnscpgdymittggsrzywssgspgw/Build/Intermediates.noindex/SwiftExplicitPrecompiledModules/XCTest-EC7U1HHQZ8LZYHJF4CJKCCWH6.pcm

SwiftExplicitDependencyCompileModuleFromInterface arm64 /Users/veland/Library/Developer/Xcode/DerivedData/PiDay-axnnscpgdymittggsrzywssgspgw/Build/Intermediates.noindex/SwiftExplicitPrecompiledModules/XCUIAutomation-367PETXBUL8UG.swiftmodule

RegisterExecutionPolicyException /Users/veland/Library/Developer/Xcode/DerivedData/PiDay-axnnscpgdymittggsrzywssgspgw/Build/Products/Debug-watchsimulator/PiDay\ Watch\ Extension.appex (in target 'PiDayWatchExtension' from project 'PiDay')
    cd /Users/veland/PiDay
    builtin-RegisterExecutionPolicyException /Users/veland/Library/Developer/Xcode/DerivedData/PiDay-axnnscpgdymittggsrzywssgspgw/Build/Products/Debug-watchsimulator/PiDay\ Watch\ Extension.appex

Touch /Users/veland/Library/Developer/Xcode/DerivedData/PiDay-axnnscpgdymittggsrzywssgspgw/Build/Products/Debug-watchsimulator/PiDay\ Watch\ Extension.appex (in target 'PiDayWatchExtension' from project 'PiDay')
    cd /Users/veland/PiDay
    /usr/bin/touch -c /Users/veland/Library/Developer/Xcode/DerivedData/PiDay-axnnscpgdymittggsrzywssgspgw/Build/Products/Debug-watchsimulator/PiDay\ Watch\ Extension.appex

CpResource /Users/veland/Library/Developer/Xcode/DerivedData/PiDay-axnnscpgdymittggsrzywssgspgw/Build/Products/Debug-watchsimulator/PiDay\ Watch\ App.app/icon.json /Users/veland/PiDay/PiDayWatchAppIcon/icon.json (in target 'PiDayWatchApp' from project 'PiDay')
    cd /Users/veland/PiDay
    builtin-copy -exclude .DS_Store -exclude CVS -exclude .svn -exclude .git -exclude .hg -resolve-src-symlinks /Users/veland/PiDay/PiDayWatchAppIcon/icon.json /Users/veland/Library/Developer/Xcode/DerivedData/PiDay-axnnscpgdymittggsrzywssgspgw/Build/Products/Debug-watchsimulator/PiDay\ Watch\ App.app

Copy /Users/veland/Library/Developer/Xcode/DerivedData/PiDay-axnnscpgdymittggsrzywssgspgw/Build/Products/Debug-watchsimulator/PiDay\ Watch\ App.app/PlugIns/PiDay\ Watch\ Extension.appex /Users/veland/Library/Developer/Xcode/DerivedData/PiDay-axnnscpgdymittggsrzywssgspgw/Build/Products/Debug-watchsimulator/PiDay\ Watch\ Extension.appex (in target 'PiDayWatchApp' from project 'PiDay')
    cd /Users/veland/PiDay
    builtin-copy -exclude .DS_Store -exclude CVS -exclude .svn -exclude .git -exclude .hg -exclude Headers -exclude PrivateHeaders -exclude Modules -exclude \*.tbd -resolve-src-symlinks -remove-static-executable /Users/veland/Library/Developer/Xcode/DerivedData/PiDay-axnnscpgdymittggsrzywssgspgw/Build/Products/Debug-watchsimulator/PiDay\ Watch\ Extension.appex /Users/veland/Library/Developer/Xcode/DerivedData/PiDay-axnnscpgdymittggsrzywssgspgw/Build/Products/Debug-watchsimulator/PiDay\ Watch\ App.app/PlugIns

ProcessInfoPlistFile /Users/veland/Library/Developer/Xcode/DerivedData/PiDay-axnnscpgdymittggsrzywssgspgw/Build/Products/Debug-watchsimulator/PiDay\ Watch\ App.app/Info.plist /Users/veland/PiDay/PiDayWatchApp/Info.plist (in target 'PiDayWatchApp' from project 'PiDay')
    cd /Users/veland/PiDay
    builtin-infoPlistUtility /Users/veland/PiDay/PiDayWatchApp/Info.plist -producttype com.apple.product-type.application.watchapp2 -genpkginfo /Users/veland/Library/Developer/Xcode/DerivedData/PiDay-axnnscpgdymittggsrzywssgspgw/Build/Products/Debug-watchsimulator/PiDay\ Watch\ App.app/PkgInfo -expandbuildsettings -format binary -platform watchsimulator -scanforprivacyfile /Users/veland/Library/Developer/Xcode/DerivedData/PiDay-axnnscpgdymittggsrzywssgspgw/Build/Products/Debug-watchsimulator/PiDay\ Watch\ App.app/PlugIns/PiDay\ Watch\ Extension.appex -o /Users/veland/Library/Developer/Xcode/DerivedData/PiDay-axnnscpgdymittggsrzywssgspgw/Build/Products/Debug-watchsimulator/PiDay\ Watch\ App.app/Info.plist

CodeSign /Users/veland/Library/Developer/Xcode/DerivedData/PiDay-axnnscpgdymittggsrzywssgspgw/Build/Products/Debug-watchsimulator/PiDay\ Watch\ App.app (in target 'PiDayWatchApp' from project 'PiDay')
    cd /Users/veland/PiDay
    
    Signing Identity:     "Sign to Run Locally"
    
    /usr/bin/codesign --force --sign - --timestamp\=none --generate-entitlement-der /Users/veland/Library/Developer/Xcode/DerivedData/PiDay-axnnscpgdymittggsrzywssgspgw/Build/Products/Debug-watchsimulator/PiDay\ Watch\ App.app
/Users/veland/Library/Developer/Xcode/DerivedData/PiDay-axnnscpgdymittggsrzywssgspgw/Build/Products/Debug-watchsimulator/PiDay Watch App.app: replacing existing signature

ValidateEmbeddedBinary /Users/veland/Library/Developer/Xcode/DerivedData/PiDay-axnnscpgdymittggsrzywssgspgw/Build/Products/Debug-watchsimulator/PiDay\ Watch\ App.app/PlugIns/PiDay\ Watch\ Extension.appex (in target 'PiDayWatchApp' from project 'PiDay')
    cd /Users/veland/PiDay
    /Applications/Xcode-beta.app/Contents/Developer/usr/bin/embeddedBinaryValidationUtility /Users/veland/Library/Developer/Xcode/DerivedData/PiDay-axnnscpgdymittggsrzywssgspgw/Build/Products/Debug-watchsimulator/PiDay\ Watch\ App.app/PlugIns/PiDay\ Watch\ Extension.appex -signing-cert - -info-plist-path /Users/veland/Library/Developer/Xcode/DerivedData/PiDay-axnnscpgdymittggsrzywssgspgw/Build/Products/Debug-watchsimulator/PiDay\ Watch\ App.app/Info.plist

Validate /Users/veland/Library/Developer/Xcode/DerivedData/PiDay-axnnscpgdymittggsrzywssgspgw/Build/Products/Debug-watchsimulator/PiDay\ Watch\ App.app (in target 'PiDayWatchApp' from project 'PiDay')
    cd /Users/veland/PiDay
    builtin-validationUtility /Users/veland/Library/Developer/Xcode/DerivedData/PiDay-axnnscpgdymittggsrzywssgspgw/Build/Products/Debug-watchsimulator/PiDay\ Watch\ App.app -shallow-bundle -infoplist-subpath Info.plist

SwiftExplicitDependencyCompileModuleFromInterface arm64 /Users/veland/Library/Developer/Xcode/DerivedData/PiDay-axnnscpgdymittggsrzywssgspgw/Build/Intermediates.noindex/SwiftExplicitPrecompiledModules/XCTest-2IPVTUWUQDGNO.swiftmodule

SwiftEmitModule normal arm64 Emitting\ module\ for\ PiDayTests (in target 'PiDayTests' from project 'PiDay')

SwiftCompile normal arm64 /Users/veland/PiDay/PiDayTests/PiDayCoreTests.swift (in target 'PiDayTests' from project 'PiDay')
    cd /Users/veland/PiDay
    

SwiftCompile normal arm64 Compiling\ PiDayCoreTests.swift /Users/veland/PiDay/PiDayTests/PiDayCoreTests.swift (in target 'PiDayTests' from project 'PiDay')

SwiftCompile normal arm64 /Users/veland/PiDay/PiDayTests/PiDayCoreTests.swift (in target 'PiDayTests' from project 'PiDay')
    cd /Users/veland/PiDay
    

SwiftDriverJobDiscovery normal arm64 Emitting module for PiDayTests (in target 'PiDayTests' from project 'PiDay')

SwiftDriver\ Compilation\ Requirements PiDayTests normal arm64 com.apple.xcode.tools.swift.compiler (in target 'PiDayTests' from project 'PiDay')
    cd /Users/veland/PiDay
    builtin-Swift-Compilation-Requirements -- /Applications/Xcode-beta.app/Contents/Developer/Toolchains/XcodeDefault.xctoolchain/usr/bin/swiftc -module-name PiDayTests -Onone @/Users/veland/Library/Developer/Xcode/DerivedData/PiDay-axnnscpgdymittggsrzywssgspgw/Build/Intermediates.noindex/PiDay.build/Debug-iphonesimulator/PiDayTests.build/Objects-normal/arm64/PiDayTests.SwiftFileList -DDEBUG -plugin-path /Applications/Xcode-beta.app/Contents/Developer/Toolchains/XcodeDefault.xctoolchain/usr/lib/swift/host/plugins/testing -enable-experimental-feature DebugDescriptionMacro -sdk /Applications/Xcode-beta.app/Contents/Developer/Platforms/iPhoneSimulator.platform/Developer/SDKs/iPhoneSimulator26.4.sdk -target arm64-apple-ios17.0-simulator -g -module-cache-path /Users/veland/Library/Developer/Xcode/DerivedData/ModuleCache.noindex -Xfrontend -serialize-debugging-options -enable-testing -index-store-path /Users/veland/Library/Developer/Xcode/DerivedData/PiDay-axnnscpgdymittggsrzywssgspgw/Index.noindex/DataStore -Xcc -D_LIBCPP_HARDENING_MODE\=_LIBCPP_HARDENING_MODE_DEBUG -swift-version 6 -I /Users/veland/Library/Developer/Xcode/DerivedData/PiDay-axnnscpgdymittggsrzywssgspgw/Build/Products/Debug-iphonesimulator -Isystem /Applications/Xcode-beta.app/Contents/Developer/Platforms/iPhoneSimulator.platform/Developer/usr/lib -F /Users/veland/Library/Developer/Xcode/DerivedData/PiDay-axnnscpgdymittggsrzywssgspgw/Build/Products/Debug-iphonesimulator -F /Applications/Xcode-beta.app/Contents/Developer/Platforms/iPhoneSimulator.platform/Developer/Library/Frameworks -F /Applications/Xcode-beta.app/Contents/Developer/Platforms/iPhoneSimulator.platform/Developer/SDKs/iPhoneSimulator26.4.sdk/Developer/Library/Frameworks -parse-as-library -emit-localized-strings -emit-localized-strings-path /Users/veland/Library/Developer/Xcode/DerivedData/PiDay-axnnscpgdymittggsrzywssgspgw/Build/Intermediates.noindex/PiDay.build/Debug-iphonesimulator/PiDayTests.build/Objects-normal/arm64 -c -j14 -enable-batch-mode -incremental -Xcc -ivfsstatcache -Xcc /Users/veland/Library/Developer/Xcode/DerivedData/SDKStatCaches.noindex/iphonesimulator26.4-23E5233a-522d393b86523a4c66aebdad38e386fc.sdkstatcache -output-file-map /Users/veland/Library/Developer/Xcode/DerivedData/PiDay-axnnscpgdymittggsrzywssgspgw/Build/Intermediates.noindex/PiDay.build/Debug-iphonesimulator/PiDayTests.build/Objects-normal/arm64/PiDayTests-OutputFileMap.json -use-frontend-parseable-output -save-temps -no-color-diagnostics -explicit-module-build -module-cache-path /Users/veland/Library/Developer/Xcode/DerivedData/PiDay-axnnscpgdymittggsrzywssgspgw/Build/Intermediates.noindex/SwiftExplicitPrecompiledModules -clang-scanner-module-cache-path /Users/veland/Library/Developer/Xcode/DerivedData/ModuleCache.noindex -sdk-module-cache-path /Users/veland/Library/Developer/Xcode/DerivedData/ModuleCache.noindex -serialize-diagnostics -emit-dependencies -emit-module -emit-module-path /Users/veland/Library/Developer/Xcode/DerivedData/PiDay-axnnscpgdymittggsrzywssgspgw/Build/Intermediates.noindex/PiDay.build/Debug-iphonesimulator/PiDayTests.build/Objects-normal/arm64/PiDayTests.swiftmodule -validate-clang-modules-once -clang-build-session-file /Users/veland/Library/Developer/Xcode/DerivedData/ModuleCache.noindex/Session.modulevalidation -Xcc -I/Users/veland/Library/Developer/Xcode/DerivedData/PiDay-axnnscpgdymittggsrzywssgspgw/Build/Intermediates.noindex/PiDay.build/Debug-iphonesimulator/PiDayTests.build/swift-overrides.hmap -emit-const-values -Xfrontend -const-gather-protocols-file -Xfrontend /Users/veland/Library/Developer/Xcode/DerivedData/PiDay-axnnscpgdymittggsrzywssgspgw/Build/Intermediates.noindex/PiDay.build/Debug-iphonesimulator/PiDayTests.build/Objects-normal/arm64/PiDayTests_const_extract_protocols.json -Xcc -iquote -Xcc /Users/veland/Library/Developer/Xcode/DerivedData/PiDay-axnnscpgdymittggsrzywssgspgw/Build/Intermediates.noindex/PiDay.build/Debug-iphonesimulator/PiDayTests.build/PiDayTests-generated-files.hmap -Xcc -I/Users/veland/Library/Developer/Xcode/DerivedData/PiDay-axnnscpgdymittggsrzywssgspgw/Build/Intermediates.noindex/PiDay.build/Debug-iphonesimulator/PiDayTests.build/PiDayTests-own-target-headers.hmap -Xcc -I/Users/veland/Library/Developer/Xcode/DerivedData/PiDay-axnnscpgdymittggsrzywssgspgw/Build/Intermediates.noindex/PiDay.build/Debug-iphonesimulator/PiDayTests.build/PiDayTests-all-target-headers.hmap -Xcc -iquote -Xcc /Users/veland/Library/Developer/Xcode/DerivedData/PiDay-axnnscpgdymittggsrzywssgspgw/Build/Intermediates.noindex/PiDay.build/Debug-iphonesimulator/PiDayTests.build/PiDayTests-project-headers.hmap -Xcc -I/Users/veland/Library/Developer/Xcode/DerivedData/PiDay-axnnscpgdymittggsrzywssgspgw/Build/Products/Debug-iphonesimulator/include -Xcc -I/Users/veland/Library/Developer/Xcode/DerivedData/PiDay-axnnscpgdymittggsrzywssgspgw/Build/Intermediates.noindex/PiDay.build/Debug-iphonesimulator/PiDayTests.build/DerivedSources-normal/arm64 -Xcc -I/Users/veland/Library/Developer/Xcode/DerivedData/PiDay-axnnscpgdymittggsrzywssgspgw/Build/Intermediates.noindex/PiDay.build/Debug-iphonesimulator/PiDayTests.build/DerivedSources/arm64 -Xcc -I/Users/veland/Library/Developer/Xcode/DerivedData/PiDay-axnnscpgdymittggsrzywssgspgw/Build/Intermediates.noindex/PiDay.build/Debug-iphonesimulator/PiDayTests.build/DerivedSources -Xcc -DDEBUG\=1 -emit-objc-header -emit-objc-header-path /Users/veland/Library/Developer/Xcode/DerivedData/PiDay-axnnscpgdymittggsrzywssgspgw/Build/Intermediates.noindex/PiDay.build/Debug-iphonesimulator/PiDayTests.build/Objects-normal/arm64/PiDayTests-Swift.h -working-directory /Users/veland/PiDay -experimental-emit-module-separately -disable-cmo

SwiftMergeGeneratedHeaders /Users/veland/Library/Developer/Xcode/DerivedData/PiDay-axnnscpgdymittggsrzywssgspgw/Build/Intermediates.noindex/PiDay.build/Debug-iphonesimulator/PiDayTests.build/DerivedSources/PiDayTests-Swift.h /Users/veland/Library/Developer/Xcode/DerivedData/PiDay-axnnscpgdymittggsrzywssgspgw/Build/Intermediates.noindex/PiDay.build/Debug-iphonesimulator/PiDayTests.build/Objects-normal/arm64/PiDayTests-Swift.h (in target 'PiDayTests' from project 'PiDay')
    cd /Users/veland/PiDay
    builtin-swiftHeaderTool -arch arm64 /Users/veland/Library/Developer/Xcode/DerivedData/PiDay-axnnscpgdymittggsrzywssgspgw/Build/Intermediates.noindex/PiDay.build/Debug-iphonesimulator/PiDayTests.build/Objects-normal/arm64/PiDayTests-Swift.h -o /Users/veland/Library/Developer/Xcode/DerivedData/PiDay-axnnscpgdymittggsrzywssgspgw/Build/Intermediates.noindex/PiDay.build/Debug-iphonesimulator/PiDayTests.build/DerivedSources/PiDayTests-Swift.h

Copy /Users/veland/Library/Developer/Xcode/DerivedData/PiDay-axnnscpgdymittggsrzywssgspgw/Build/Products/Debug-iphonesimulator/PiDayTests.swiftmodule/arm64-apple-ios-simulator.abi.json /Users/veland/Library/Developer/Xcode/DerivedData/PiDay-axnnscpgdymittggsrzywssgspgw/Build/Intermediates.noindex/PiDay.build/Debug-iphonesimulator/PiDayTests.build/Objects-normal/arm64/PiDayTests.abi.json (in target 'PiDayTests' from project 'PiDay')
    cd /Users/veland/PiDay
    builtin-copy -exclude .DS_Store -exclude CVS -exclude .svn -exclude .git -exclude .hg -resolve-src-symlinks -rename /Users/veland/Library/Developer/Xcode/DerivedData/PiDay-axnnscpgdymittggsrzywssgspgw/Build/Intermediates.noindex/PiDay.build/Debug-iphonesimulator/PiDayTests.build/Objects-normal/arm64/PiDayTests.abi.json /Users/veland/Library/Developer/Xcode/DerivedData/PiDay-axnnscpgdymittggsrzywssgspgw/Build/Products/Debug-iphonesimulator/PiDayTests.swiftmodule/arm64-apple-ios-simulator.abi.json

Copy /Users/veland/Library/Developer/Xcode/DerivedData/PiDay-axnnscpgdymittggsrzywssgspgw/Build/Products/Debug-iphonesimulator/PiDayTests.swiftmodule/arm64-apple-ios-simulator.swiftmodule /Users/veland/Library/Developer/Xcode/DerivedData/PiDay-axnnscpgdymittggsrzywssgspgw/Build/Intermediates.noindex/PiDay.build/Debug-iphonesimulator/PiDayTests.build/Objects-normal/arm64/PiDayTests.swiftmodule (in target 'PiDayTests' from project 'PiDay')
    cd /Users/veland/PiDay
    builtin-copy -exclude .DS_Store -exclude CVS -exclude .svn -exclude .git -exclude .hg -resolve-src-symlinks -rename /Users/veland/Library/Developer/Xcode/DerivedData/PiDay-axnnscpgdymittggsrzywssgspgw/Build/Intermediates.noindex/PiDay.build/Debug-iphonesimulator/PiDayTests.build/Objects-normal/arm64/PiDayTests.swiftmodule /Users/veland/Library/Developer/Xcode/DerivedData/PiDay-axnnscpgdymittggsrzywssgspgw/Build/Products/Debug-iphonesimulator/PiDayTests.swiftmodule/arm64-apple-ios-simulator.swiftmodule

Copy /Users/veland/Library/Developer/Xcode/DerivedData/PiDay-axnnscpgdymittggsrzywssgspgw/Build/Products/Debug-iphonesimulator/PiDayTests.swiftmodule/arm64-apple-ios-simulator.swiftdoc /Users/veland/Library/Developer/Xcode/DerivedData/PiDay-axnnscpgdymittggsrzywssgspgw/Build/Intermediates.noindex/PiDay.build/Debug-iphonesimulator/PiDayTests.build/Objects-normal/arm64/PiDayTests.swiftdoc (in target 'PiDayTests' from project 'PiDay')
    cd /Users/veland/PiDay
    builtin-copy -exclude .DS_Store -exclude CVS -exclude .svn -exclude .git -exclude .hg -resolve-src-symlinks -rename /Users/veland/Library/Developer/Xcode/DerivedData/PiDay-axnnscpgdymittggsrzywssgspgw/Build/Intermediates.noindex/PiDay.build/Debug-iphonesimulator/PiDayTests.build/Objects-normal/arm64/PiDayTests.swiftdoc /Users/veland/Library/Developer/Xcode/DerivedData/PiDay-axnnscpgdymittggsrzywssgspgw/Build/Products/Debug-iphonesimulator/PiDayTests.swiftmodule/arm64-apple-ios-simulator.swiftdoc

Copy /Users/veland/Library/Developer/Xcode/DerivedData/PiDay-axnnscpgdymittggsrzywssgspgw/Build/Products/Debug-iphonesimulator/PiDayTests.swiftmodule/Project/arm64-apple-ios-simulator.swiftsourceinfo /Users/veland/Library/Developer/Xcode/DerivedData/PiDay-axnnscpgdymittggsrzywssgspgw/Build/Intermediates.noindex/PiDay.build/Debug-iphonesimulator/PiDayTests.build/Objects-normal/arm64/PiDayTests.swiftsourceinfo (in target 'PiDayTests' from project 'PiDay')
    cd /Users/veland/PiDay
    builtin-copy -exclude .DS_Store -exclude CVS -exclude .svn -exclude .git -exclude .hg -resolve-src-symlinks -rename /Users/veland/Library/Developer/Xcode/DerivedData/PiDay-axnnscpgdymittggsrzywssgspgw/Build/Intermediates.noindex/PiDay.build/Debug-iphonesimulator/PiDayTests.build/Objects-normal/arm64/PiDayTests.swiftsourceinfo /Users/veland/Library/Developer/Xcode/DerivedData/PiDay-axnnscpgdymittggsrzywssgspgw/Build/Products/Debug-iphonesimulator/PiDayTests.swiftmodule/Project/arm64-apple-ios-simulator.swiftsourceinfo

Copy /Users/veland/Library/Developer/Xcode/DerivedData/PiDay-axnnscpgdymittggsrzywssgspgw/Build/Products/Debug-iphonesimulator/PiDay.app/Frameworks/libXCTestSwiftSupport.dylib /Applications/Xcode-beta.app/Contents/Developer/Platforms/iPhoneSimulator.platform/Developer/usr/lib/libXCTestSwiftSupport.dylib (in target 'PiDay' from project 'PiDay')
    cd /Users/veland/PiDay
    builtin-copy -exclude .DS_Store -exclude CVS -exclude .svn -exclude .git -exclude .hg -exclude Headers -exclude PrivateHeaders -exclude Modules -exclude \*.tbd -resolve-src-symlinks /Applications/Xcode-beta.app/Contents/Developer/Platforms/iPhoneSimulator.platform/Developer/usr/lib/libXCTestSwiftSupport.dylib /Users/veland/Library/Developer/Xcode/DerivedData/PiDay-axnnscpgdymittggsrzywssgspgw/Build/Products/Debug-iphonesimulator/PiDay.app/Frameworks

CpResource /Users/veland/Library/Developer/Xcode/DerivedData/PiDay-axnnscpgdymittggsrzywssgspgw/Build/Products/Debug-iphonesimulator/PiDay.app/pi_2026_2035_index.json /Users/veland/PiDay/PiDay/Resources/pi_2026_2035_index.json (in target 'PiDay' from project 'PiDay')
    cd /Users/veland/PiDay
    builtin-copy -exclude .DS_Store -exclude CVS -exclude .svn -exclude .git -exclude .hg -resolve-src-symlinks /Users/veland/PiDay/PiDay/Resources/pi_2026_2035_index.json /Users/veland/Library/Developer/Xcode/DerivedData/PiDay-axnnscpgdymittggsrzywssgspgw/Build/Products/Debug-iphonesimulator/PiDay.app

Copy /Users/veland/Library/Developer/Xcode/DerivedData/PiDay-axnnscpgdymittggsrzywssgspgw/Build/Products/Debug-iphonesimulator/PiDay.app/Frameworks/libXCTestBundleInject.dylib /Applications/Xcode-beta.app/Contents/Developer/Platforms/iPhoneSimulator.platform/Developer/usr/lib/libXCTestBundleInject.dylib (in target 'PiDay' from project 'PiDay')
    cd /Users/veland/PiDay
    builtin-copy -exclude .DS_Store -exclude CVS -exclude .svn -exclude .git -exclude .hg -exclude Headers -exclude PrivateHeaders -exclude Modules -exclude \*.tbd -resolve-src-symlinks /Applications/Xcode-beta.app/Contents/Developer/Platforms/iPhoneSimulator.platform/Developer/usr/lib/libXCTestBundleInject.dylib /Users/veland/Library/Developer/Xcode/DerivedData/PiDay-axnnscpgdymittggsrzywssgspgw/Build/Products/Debug-iphonesimulator/PiDay.app/Frameworks

CpResource /Users/veland/Library/Developer/Xcode/DerivedData/PiDay-axnnscpgdymittggsrzywssgspgw/Build/Products/Debug-iphonesimulator/PiDay.app/PrivacyInfo.xcprivacy /Users/veland/PiDay/PiDay/PrivacyInfo.xcprivacy (in target 'PiDay' from project 'PiDay')
    cd /Users/veland/PiDay
    builtin-copy -exclude .DS_Store -exclude CVS -exclude .svn -exclude .git -exclude .hg -resolve-src-symlinks /Users/veland/PiDay/PiDay/PrivacyInfo.xcprivacy /Users/veland/Library/Developer/Xcode/DerivedData/PiDay-axnnscpgdymittggsrzywssgspgw/Build/Products/Debug-iphonesimulator/PiDay.app

Copy /Users/veland/Library/Developer/Xcode/DerivedData/PiDay-axnnscpgdymittggsrzywssgspgw/Build/Products/Debug-iphonesimulator/PiDay.app/Frameworks/XCUnit.framework /Applications/Xcode-beta.app/Contents/Developer/Platforms/iPhoneSimulator.platform/Developer/Library/PrivateFrameworks/XCUnit.framework (in target 'PiDay' from project 'PiDay')
    cd /Users/veland/PiDay
    builtin-copy -exclude .DS_Store -exclude CVS -exclude .svn -exclude .git -exclude .hg -exclude Headers -exclude PrivateHeaders -exclude Modules -exclude \*.tbd -resolve-src-symlinks /Applications/Xcode-beta.app/Contents/Developer/Platforms/iPhoneSimulator.platform/Developer/Library/PrivateFrameworks/XCUnit.framework /Users/veland/Library/Developer/Xcode/DerivedData/PiDay-axnnscpgdymittggsrzywssgspgw/Build/Products/Debug-iphonesimulator/PiDay.app/Frameworks

Copy /Users/veland/Library/Developer/Xcode/DerivedData/PiDay-axnnscpgdymittggsrzywssgspgw/Build/Products/Debug-iphonesimulator/PiDay.app/Frameworks/XCUIAutomation.framework /Applications/Xcode-beta.app/Contents/Developer/Platforms/iPhoneSimulator.platform/Developer/Library/Frameworks/XCUIAutomation.framework (in target 'PiDay' from project 'PiDay')
    cd /Users/veland/PiDay
    builtin-copy -exclude .DS_Store -exclude CVS -exclude .svn -exclude .git -exclude .hg -exclude Headers -exclude PrivateHeaders -exclude Modules -exclude \*.tbd -resolve-src-symlinks /Applications/Xcode-beta.app/Contents/Developer/Platforms/iPhoneSimulator.platform/Developer/Library/Frameworks/XCUIAutomation.framework /Users/veland/Library/Developer/Xcode/DerivedData/PiDay-axnnscpgdymittggsrzywssgspgw/Build/Products/Debug-iphonesimulator/PiDay.app/Frameworks

Copy /Users/veland/Library/Developer/Xcode/DerivedData/PiDay-axnnscpgdymittggsrzywssgspgw/Build/Products/Debug-iphonesimulator/PiDay.app/Frameworks/XCTestCore.framework /Applications/Xcode-beta.app/Contents/Developer/Platforms/iPhoneSimulator.platform/Developer/Library/PrivateFrameworks/XCTestCore.framework (in target 'PiDay' from project 'PiDay')
    cd /Users/veland/PiDay
    builtin-copy -exclude .DS_Store -exclude CVS -exclude .svn -exclude .git -exclude .hg -exclude Headers -exclude PrivateHeaders -exclude Modules -exclude \*.tbd -resolve-src-symlinks /Applications/Xcode-beta.app/Contents/Developer/Platforms/iPhoneSimulator.platform/Developer/Library/PrivateFrameworks/XCTestCore.framework /Users/veland/Library/Developer/Xcode/DerivedData/PiDay-axnnscpgdymittggsrzywssgspgw/Build/Products/Debug-iphonesimulator/PiDay.app/Frameworks

Ld /Users/veland/Library/Developer/Xcode/DerivedData/PiDay-axnnscpgdymittggsrzywssgspgw/Build/Products/Debug-iphonesimulator/PiDay.app/__preview.dylib normal (in target 'PiDay' from project 'PiDay')
    cd /Users/veland/PiDay
    /Applications/Xcode-beta.app/Contents/Developer/Toolchains/XcodeDefault.xctoolchain/usr/bin/clang -Xlinker -reproducible -target arm64-apple-ios17.0-simulator -dynamiclib -isysroot /Applications/Xcode-beta.app/Contents/Developer/Platforms/iPhoneSimulator.platform/Developer/SDKs/iPhoneSimulator26.4.sdk -O0 -L/Users/veland/Library/Developer/Xcode/DerivedData/PiDay-axnnscpgdymittggsrzywssgspgw/Build/Products/Debug-iphonesimulator -F/Users/veland/Library/Developer/Xcode/DerivedData/PiDay-axnnscpgdymittggsrzywssgspgw/Build/Products/Debug-iphonesimulator -install_name @rpath/PiDay.debug.dylib -Xlinker -dead_strip -rdynamic -Xlinker -no_deduplicate -Xlinker -objc_abi_version -Xlinker 2 -Xlinker -dependency_info -Xlinker /Users/veland/Library/Developer/Xcode/DerivedData/PiDay-axnnscpgdymittggsrzywssgspgw/Build/Intermediates.noindex/PiDay.build/Debug-iphonesimulator/PiDay.build/Objects-normal/arm64/PiDay_dependency_info.dat -Xlinker -sectcreate -Xlinker __TEXT -Xlinker __entitlements -Xlinker /Users/veland/Library/Developer/Xcode/DerivedData/PiDay-axnnscpgdymittggsrzywssgspgw/Build/Intermediates.noindex/PiDay.build/Debug-iphonesimulator/PiDay.build/PiDay.app-Simulated.xcent -Xlinker -sectcreate -Xlinker __TEXT -Xlinker __ents_der -Xlinker /Users/veland/Library/Developer/Xcode/DerivedData/PiDay-axnnscpgdymittggsrzywssgspgw/Build/Intermediates.noindex/PiDay.build/Debug-iphonesimulator/PiDay.build/PiDay.app-Simulated.xcent.der -Xlinker -no_adhoc_codesign -o /Users/veland/Library/Developer/Xcode/DerivedData/PiDay-axnnscpgdymittggsrzywssgspgw/Build/Products/Debug-iphonesimulator/PiDay.app/__preview.dylib

Copy /Users/veland/Library/Developer/Xcode/DerivedData/PiDay-axnnscpgdymittggsrzywssgspgw/Build/Products/Debug-iphonesimulator/PiDay.app/Frameworks/XCTest.framework /Applications/Xcode-beta.app/Contents/Developer/Platforms/iPhoneSimulator.platform/Developer/Library/Frameworks/XCTest.framework (in target 'PiDay' from project 'PiDay')
    cd /Users/veland/PiDay
    builtin-copy -exclude .DS_Store -exclude CVS -exclude .svn -exclude .git -exclude .hg -exclude Headers -exclude PrivateHeaders -exclude Modules -exclude \*.tbd -resolve-src-symlinks /Applications/Xcode-beta.app/Contents/Developer/Platforms/iPhoneSimulator.platform/Developer/Library/Frameworks/XCTest.framework /Users/veland/Library/Developer/Xcode/DerivedData/PiDay-axnnscpgdymittggsrzywssgspgw/Build/Products/Debug-iphonesimulator/PiDay.app/Frameworks

Copy /Users/veland/Library/Developer/Xcode/DerivedData/PiDay-axnnscpgdymittggsrzywssgspgw/Build/Products/Debug-iphonesimulator/PiDay.app/Frameworks/XCTestSupport.framework /Applications/Xcode-beta.app/Contents/Developer/Platforms/iPhoneSimulator.platform/Developer/Library/PrivateFrameworks/XCTestSupport.framework (in target 'PiDay' from project 'PiDay')
    cd /Users/veland/PiDay
    builtin-copy -exclude .DS_Store -exclude CVS -exclude .svn -exclude .git -exclude .hg -exclude Headers -exclude PrivateHeaders -exclude Modules -exclude \*.tbd -resolve-src-symlinks /Applications/Xcode-beta.app/Contents/Developer/Platforms/iPhoneSimulator.platform/Developer/Library/PrivateFrameworks/XCTestSupport.framework /Users/veland/Library/Developer/Xcode/DerivedData/PiDay-axnnscpgdymittggsrzywssgspgw/Build/Products/Debug-iphonesimulator/PiDay.app/Frameworks

Ld /Users/veland/Library/Developer/Xcode/DerivedData/PiDay-axnnscpgdymittggsrzywssgspgw/Build/Products/Debug-iphonesimulator/PiDay.app/PiDay.debug.dylib normal (in target 'PiDay' from project 'PiDay')
    cd /Users/veland/PiDay
    /Applications/Xcode-beta.app/Contents/Developer/Toolchains/XcodeDefault.xctoolchain/usr/bin/clang -Xlinker -reproducible -target arm64-apple-ios17.0-simulator -dynamiclib -isysroot /Applications/Xcode-beta.app/Contents/Developer/Platforms/iPhoneSimulator.platform/Developer/SDKs/iPhoneSimulator26.4.sdk -O0 -L/Users/veland/Library/Developer/Xcode/DerivedData/PiDay-axnnscpgdymittggsrzywssgspgw/Build/Intermediates.noindex/EagerLinkingTBDs/Debug-iphonesimulator -L/Users/veland/Library/Developer/Xcode/DerivedData/PiDay-axnnscpgdymittggsrzywssgspgw/Build/Products/Debug-iphonesimulator -F/Users/veland/Library/Developer/Xcode/DerivedData/PiDay-axnnscpgdymittggsrzywssgspgw/Build/Intermediates.noindex/EagerLinkingTBDs/Debug-iphonesimulator -F/Users/veland/Library/Developer/Xcode/DerivedData/PiDay-axnnscpgdymittggsrzywssgspgw/Build/Products/Debug-iphonesimulator -filelist /Users/veland/Library/Developer/Xcode/DerivedData/PiDay-axnnscpgdymittggsrzywssgspgw/Build/Intermediates.noindex/PiDay.build/Debug-iphonesimulator/PiDay.build/Objects-normal/arm64/PiDay.LinkFileList -install_name @rpath/PiDay.debug.dylib -Xlinker -rpath -Xlinker /usr/lib/swift -Xlinker -rpath -Xlinker @executable_path/Frameworks -Xlinker -dead_strip -Xlinker -object_path_lto -Xlinker /Users/veland/Library/Developer/Xcode/DerivedData/PiDay-axnnscpgdymittggsrzywssgspgw/Build/Intermediates.noindex/PiDay.build/Debug-iphonesimulator/PiDay.build/Objects-normal/arm64/PiDay_lto.o -rdynamic -Xlinker -no_deduplicate -Xlinker -objc_abi_version -Xlinker 2 -Xlinker -dependency_info -Xlinker /Users/veland/Library/Developer/Xcode/DerivedData/PiDay-axnnscpgdymittggsrzywssgspgw/Build/Intermediates.noindex/PiDay.build/Debug-iphonesimulator/PiDay.build/Objects-normal/arm64/PiDay_dependency_info.dat -fobjc-link-runtime -L/Applications/Xcode-beta.app/Contents/Developer/Toolchains/XcodeDefault.xctoolchain/usr/lib/swift/iphonesimulator -L/usr/lib/swift -Xlinker -add_ast_path -Xlinker /Users/veland/Library/Developer/Xcode/DerivedData/PiDay-axnnscpgdymittggsrzywssgspgw/Build/Intermediates.noindex/PiDay.build/Debug-iphonesimulator/PiDay.build/Objects-normal/arm64/PiDay.swiftmodule @/Users/veland/Library/Developer/Xcode/DerivedData/PiDay-axnnscpgdymittggsrzywssgspgw/Build/Intermediates.noindex/PiDay.build/Debug-iphonesimulator/PiDay.build/Objects-normal/arm64/PiDay-linker-args.resp -Xlinker -alias -Xlinker _main -Xlinker ___debug_main_executable_dylib_entry_point -framework ContactsUI -Xlinker -no_adhoc_codesign -o /Users/veland/Library/Developer/Xcode/DerivedData/PiDay-axnnscpgdymittggsrzywssgspgw/Build/Products/Debug-iphonesimulator/PiDay.app/PiDay.debug.dylib

Copy /Users/veland/Library/Developer/Xcode/DerivedData/PiDay-axnnscpgdymittggsrzywssgspgw/Build/Products/Debug-iphonesimulator/PiDay.app/Frameworks/XCTAutomationSupport.framework /Applications/Xcode-beta.app/Contents/Developer/Platforms/iPhoneSimulator.platform/Developer/Library/PrivateFrameworks/XCTAutomationSupport.framework (in target 'PiDay' from project 'PiDay')
    cd /Users/veland/PiDay
    builtin-copy -exclude .DS_Store -exclude CVS -exclude .svn -exclude .git -exclude .hg -exclude Headers -exclude PrivateHeaders -exclude Modules -exclude \*.tbd -resolve-src-symlinks /Applications/Xcode-beta.app/Contents/Developer/Platforms/iPhoneSimulator.platform/Developer/Library/PrivateFrameworks/XCTAutomationSupport.framework /Users/veland/Library/Developer/Xcode/DerivedData/PiDay-axnnscpgdymittggsrzywssgspgw/Build/Products/Debug-iphonesimulator/PiDay.app/Frameworks

Copy /Users/veland/Library/Developer/Xcode/DerivedData/PiDay-axnnscpgdymittggsrzywssgspgw/Build/Products/Debug-iphonesimulator/PiDay.app/Frameworks/Testing.framework /Applications/Xcode-beta.app/Contents/Developer/Platforms/iPhoneSimulator.platform/Developer/Library/Frameworks/Testing.framework (in target 'PiDay' from project 'PiDay')
    cd /Users/veland/PiDay
    builtin-copy -exclude .DS_Store -exclude CVS -exclude .svn -exclude .git -exclude .hg -exclude Headers -exclude PrivateHeaders -exclude Modules -exclude \*.tbd -resolve-src-symlinks /Applications/Xcode-beta.app/Contents/Developer/Platforms/iPhoneSimulator.platform/Developer/Library/Frameworks/Testing.framework /Users/veland/Library/Developer/Xcode/DerivedData/PiDay-axnnscpgdymittggsrzywssgspgw/Build/Products/Debug-iphonesimulator/PiDay.app/Frameworks

SwiftDriverJobDiscovery normal arm64 Compiling PiDayCoreTests.swift (in target 'PiDayTests' from project 'PiDay')

SwiftDriver\ Compilation PiDayTests normal arm64 com.apple.xcode.tools.swift.compiler (in target 'PiDayTests' from project 'PiDay')
    cd /Users/veland/PiDay
    builtin-Swift-Compilation -- /Applications/Xcode-beta.app/Contents/Developer/Toolchains/XcodeDefault.xctoolchain/usr/bin/swiftc -module-name PiDayTests -Onone @/Users/veland/Library/Developer/Xcode/DerivedData/PiDay-axnnscpgdymittggsrzywssgspgw/Build/Intermediates.noindex/PiDay.build/Debug-iphonesimulator/PiDayTests.build/Objects-normal/arm64/PiDayTests.SwiftFileList -DDEBUG -plugin-path /Applications/Xcode-beta.app/Contents/Developer/Toolchains/XcodeDefault.xctoolchain/usr/lib/swift/host/plugins/testing -enable-experimental-feature DebugDescriptionMacro -sdk /Applications/Xcode-beta.app/Contents/Developer/Platforms/iPhoneSimulator.platform/Developer/SDKs/iPhoneSimulator26.4.sdk -target arm64-apple-ios17.0-simulator -g -module-cache-path /Users/veland/Library/Developer/Xcode/DerivedData/ModuleCache.noindex -Xfrontend -serialize-debugging-options -enable-testing -index-store-path /Users/veland/Library/Developer/Xcode/DerivedData/PiDay-axnnscpgdymittggsrzywssgspgw/Index.noindex/DataStore -Xcc -D_LIBCPP_HARDENING_MODE\=_LIBCPP_HARDENING_MODE_DEBUG -swift-version 6 -I /Users/veland/Library/Developer/Xcode/DerivedData/PiDay-axnnscpgdymittggsrzywssgspgw/Build/Products/Debug-iphonesimulator -Isystem /Applications/Xcode-beta.app/Contents/Developer/Platforms/iPhoneSimulator.platform/Developer/usr/lib -F /Users/veland/Library/Developer/Xcode/DerivedData/PiDay-axnnscpgdymittggsrzywssgspgw/Build/Products/Debug-iphonesimulator -F /Applications/Xcode-beta.app/Contents/Developer/Platforms/iPhoneSimulator.platform/Developer/Library/Frameworks -F /Applications/Xcode-beta.app/Contents/Developer/Platforms/iPhoneSimulator.platform/Developer/SDKs/iPhoneSimulator26.4.sdk/Developer/Library/Frameworks -parse-as-library -emit-localized-strings -emit-localized-strings-path /Users/veland/Library/Developer/Xcode/DerivedData/PiDay-axnnscpgdymittggsrzywssgspgw/Build/Intermediates.noindex/PiDay.build/Debug-iphonesimulator/PiDayTests.build/Objects-normal/arm64 -c -j14 -enable-batch-mode -incremental -Xcc -ivfsstatcache -Xcc /Users/veland/Library/Developer/Xcode/DerivedData/SDKStatCaches.noindex/iphonesimulator26.4-23E5233a-522d393b86523a4c66aebdad38e386fc.sdkstatcache -output-file-map /Users/veland/Library/Developer/Xcode/DerivedData/PiDay-axnnscpgdymittggsrzywssgspgw/Build/Intermediates.noindex/PiDay.build/Debug-iphonesimulator/PiDayTests.build/Objects-normal/arm64/PiDayTests-OutputFileMap.json -use-frontend-parseable-output -save-temps -no-color-diagnostics -explicit-module-build -module-cache-path /Users/veland/Library/Developer/Xcode/DerivedData/PiDay-axnnscpgdymittggsrzywssgspgw/Build/Intermediates.noindex/SwiftExplicitPrecompiledModules -clang-scanner-module-cache-path /Users/veland/Library/Developer/Xcode/DerivedData/ModuleCache.noindex -sdk-module-cache-path /Users/veland/Library/Developer/Xcode/DerivedData/ModuleCache.noindex -serialize-diagnostics -emit-dependencies -emit-module -emit-module-path /Users/veland/Library/Developer/Xcode/DerivedData/PiDay-axnnscpgdymittggsrzywssgspgw/Build/Intermediates.noindex/PiDay.build/Debug-iphonesimulator/PiDayTests.build/Objects-normal/arm64/PiDayTests.swiftmodule -validate-clang-modules-once -clang-build-session-file /Users/veland/Library/Developer/Xcode/DerivedData/ModuleCache.noindex/Session.modulevalidation -Xcc -I/Users/veland/Library/Developer/Xcode/DerivedData/PiDay-axnnscpgdymittggsrzywssgspgw/Build/Intermediates.noindex/PiDay.build/Debug-iphonesimulator/PiDayTests.build/swift-overrides.hmap -emit-const-values -Xfrontend -const-gather-protocols-file -Xfrontend /Users/veland/Library/Developer/Xcode/DerivedData/PiDay-axnnscpgdymittggsrzywssgspgw/Build/Intermediates.noindex/PiDay.build/Debug-iphonesimulator/PiDayTests.build/Objects-normal/arm64/PiDayTests_const_extract_protocols.json -Xcc -iquote -Xcc /Users/veland/Library/Developer/Xcode/DerivedData/PiDay-axnnscpgdymittggsrzywssgspgw/Build/Intermediates.noindex/PiDay.build/Debug-iphonesimulator/PiDayTests.build/PiDayTests-generated-files.hmap -Xcc -I/Users/veland/Library/Developer/Xcode/DerivedData/PiDay-axnnscpgdymittggsrzywssgspgw/Build/Intermediates.noindex/PiDay.build/Debug-iphonesimulator/PiDayTests.build/PiDayTests-own-target-headers.hmap -Xcc -I/Users/veland/Library/Developer/Xcode/DerivedData/PiDay-axnnscpgdymittggsrzywssgspgw/Build/Intermediates.noindex/PiDay.build/Debug-iphonesimulator/PiDayTests.build/PiDayTests-all-target-headers.hmap -Xcc -iquote -Xcc /Users/veland/Library/Developer/Xcode/DerivedData/PiDay-axnnscpgdymittggsrzywssgspgw/Build/Intermediates.noindex/PiDay.build/Debug-iphonesimulator/PiDayTests.build/PiDayTests-project-headers.hmap -Xcc -I/Users/veland/Library/Developer/Xcode/DerivedData/PiDay-axnnscpgdymittggsrzywssgspgw/Build/Products/Debug-iphonesimulator/include -Xcc -I/Users/veland/Library/Developer/Xcode/DerivedData/PiDay-axnnscpgdymittggsrzywssgspgw/Build/Intermediates.noindex/PiDay.build/Debug-iphonesimulator/PiDayTests.build/DerivedSources-normal/arm64 -Xcc -I/Users/veland/Library/Developer/Xcode/DerivedData/PiDay-axnnscpgdymittggsrzywssgspgw/Build/Intermediates.noindex/PiDay.build/Debug-iphonesimulator/PiDayTests.build/DerivedSources/arm64 -Xcc -I/Users/veland/Library/Developer/Xcode/DerivedData/PiDay-axnnscpgdymittggsrzywssgspgw/Build/Intermediates.noindex/PiDay.build/Debug-iphonesimulator/PiDayTests.build/DerivedSources -Xcc -DDEBUG\=1 -emit-objc-header -emit-objc-header-path /Users/veland/Library/Developer/Xcode/DerivedData/PiDay-axnnscpgdymittggsrzywssgspgw/Build/Intermediates.noindex/PiDay.build/Debug-iphonesimulator/PiDayTests.build/Objects-normal/arm64/PiDayTests-Swift.h -working-directory /Users/veland/PiDay -experimental-emit-module-separately -disable-cmo

ConstructStubExecutorLinkFileList /Users/veland/Library/Developer/Xcode/DerivedData/PiDay-axnnscpgdymittggsrzywssgspgw/Build/Intermediates.noindex/PiDay.build/Debug-iphonesimulator/PiDay.build/PiDay-ExecutorLinkFileList-normal-arm64.txt (in target 'PiDay' from project 'PiDay')
    cd /Users/veland/PiDay
    construct-stub-executor-link-file-list /Users/veland/Library/Developer/Xcode/DerivedData/PiDay-axnnscpgdymittggsrzywssgspgw/Build/Products/Debug-iphonesimulator/PiDay.app/PiDay.debug.dylib /Applications/Xcode-beta.app/Contents/Developer/Platforms/iPhoneSimulator.platform/Developer/usr/lib/libPreviewsJITStubExecutor_no_swift_entry_point.a /Applications/Xcode-beta.app/Contents/Developer/Platforms/iPhoneSimulator.platform/Developer/usr/lib/libPreviewsJITStubExecutor.a --output /Users/veland/Library/Developer/Xcode/DerivedData/PiDay-axnnscpgdymittggsrzywssgspgw/Build/Intermediates.noindex/PiDay.build/Debug-iphonesimulator/PiDay.build/PiDay-ExecutorLinkFileList-normal-arm64.txt
note: Using stub executor library with Swift entry point. (in target 'PiDay' from project 'PiDay')

Ld /Users/veland/Library/Developer/Xcode/DerivedData/PiDay-axnnscpgdymittggsrzywssgspgw/Build/Products/Debug-iphonesimulator/PiDay.app/PiDay normal (in target 'PiDay' from project 'PiDay')
    cd /Users/veland/PiDay
    /Applications/Xcode-beta.app/Contents/Developer/Toolchains/XcodeDefault.xctoolchain/usr/bin/clang -Xlinker -reproducible -target arm64-apple-ios17.0-simulator -isysroot /Applications/Xcode-beta.app/Contents/Developer/Platforms/iPhoneSimulator.platform/Developer/SDKs/iPhoneSimulator26.4.sdk -O0 -L/Users/veland/Library/Developer/Xcode/DerivedData/PiDay-axnnscpgdymittggsrzywssgspgw/Build/Products/Debug-iphonesimulator -F/Users/veland/Library/Developer/Xcode/DerivedData/PiDay-axnnscpgdymittggsrzywssgspgw/Build/Products/Debug-iphonesimulator -Xlinker -rpath -Xlinker @executable_path -Xlinker -rpath -Xlinker @executable_path/Frameworks -rdynamic -Xlinker -no_deduplicate -Xlinker -objc_abi_version -Xlinker 2 -e ___debug_blank_executor_main -Xlinker -sectcreate -Xlinker __TEXT -Xlinker __debug_dylib -Xlinker /Users/veland/Library/Developer/Xcode/DerivedData/PiDay-axnnscpgdymittggsrzywssgspgw/Build/Intermediates.noindex/PiDay.build/Debug-iphonesimulator/PiDay.build/PiDay-DebugDylibPath-normal-arm64.txt -Xlinker -sectcreate -Xlinker __TEXT -Xlinker __debug_instlnm -Xlinker /Users/veland/Library/Developer/Xcode/DerivedData/PiDay-axnnscpgdymittggsrzywssgspgw/Build/Intermediates.noindex/PiDay.build/Debug-iphonesimulator/PiDay.build/PiDay-DebugDylibInstallName-normal-arm64.txt -Xlinker -filelist -Xlinker /Users/veland/Library/Developer/Xcode/DerivedData/PiDay-axnnscpgdymittggsrzywssgspgw/Build/Intermediates.noindex/PiDay.build/Debug-iphonesimulator/PiDay.build/PiDay-ExecutorLinkFileList-normal-arm64.txt -Xlinker -sectcreate -Xlinker __TEXT -Xlinker __entitlements -Xlinker /Users/veland/Library/Developer/Xcode/DerivedData/PiDay-axnnscpgdymittggsrzywssgspgw/Build/Intermediates.noindex/PiDay.build/Debug-iphonesimulator/PiDay.build/PiDay.app-Simulated.xcent -Xlinker -sectcreate -Xlinker __TEXT -Xlinker __ents_der -Xlinker /Users/veland/Library/Developer/Xcode/DerivedData/PiDay-axnnscpgdymittggsrzywssgspgw/Build/Intermediates.noindex/PiDay.build/Debug-iphonesimulator/PiDay.build/PiDay.app-Simulated.xcent.der /Users/veland/Library/Developer/Xcode/DerivedData/PiDay-axnnscpgdymittggsrzywssgspgw/Build/Products/Debug-iphonesimulator/PiDay.app/PiDay.debug.dylib -Xlinker -no_adhoc_codesign -o /Users/veland/Library/Developer/Xcode/DerivedData/PiDay-axnnscpgdymittggsrzywssgspgw/Build/Products/Debug-iphonesimulator/PiDay.app/PiDay

LinkAssetCatalog /Users/veland/PiDay/AppIcon.icon /Users/veland/PiDay/PiDay/Assets.xcassets (in target 'PiDay' from project 'PiDay')
    cd /Users/veland/PiDay
    builtin-linkAssetCatalog --thinned /Users/veland/Library/Developer/Xcode/DerivedData/PiDay-axnnscpgdymittggsrzywssgspgw/Build/Intermediates.noindex/PiDay.build/Debug-iphonesimulator/PiDay.build/assetcatalog_output/thinned --thinned-dependencies /Users/veland/Library/Developer/Xcode/DerivedData/PiDay-axnnscpgdymittggsrzywssgspgw/Build/Intermediates.noindex/PiDay.build/Debug-iphonesimulator/PiDay.build/assetcatalog_dependencies_thinned --thinned-info-plist-content /Users/veland/Library/Developer/Xcode/DerivedData/PiDay-axnnscpgdymittggsrzywssgspgw/Build/Intermediates.noindex/PiDay.build/Debug-iphonesimulator/PiDay.build/assetcatalog_generated_info.plist_thinned --unthinned /Users/veland/Library/Developer/Xcode/DerivedData/PiDay-axnnscpgdymittggsrzywssgspgw/Build/Intermediates.noindex/PiDay.build/Debug-iphonesimulator/PiDay.build/assetcatalog_output/unthinned --unthinned-dependencies /Users/veland/Library/Developer/Xcode/DerivedData/PiDay-axnnscpgdymittggsrzywssgspgw/Build/Intermediates.noindex/PiDay.build/Debug-iphonesimulator/PiDay.build/assetcatalog_dependencies_unthinned --unthinned-info-plist-content /Users/veland/Library/Developer/Xcode/DerivedData/PiDay-axnnscpgdymittggsrzywssgspgw/Build/Intermediates.noindex/PiDay.build/Debug-iphonesimulator/PiDay.build/assetcatalog_generated_info.plist_unthinned --output /Users/veland/Library/Developer/Xcode/DerivedData/PiDay-axnnscpgdymittggsrzywssgspgw/Build/Products/Debug-iphonesimulator/PiDay.app --plist-output /Users/veland/Library/Developer/Xcode/DerivedData/PiDay-axnnscpgdymittggsrzywssgspgw/Build/Intermediates.noindex/PiDay.build/Debug-iphonesimulator/PiDay.build/assetcatalog_generated_info.plist
note: Emplaced /Users/veland/Library/Developer/Xcode/DerivedData/PiDay-axnnscpgdymittggsrzywssgspgw/Build/Products/Debug-iphonesimulator/PiDay.app/AppIcon76x76@2x~ipad.png (in target 'PiDay' from project 'PiDay')
note: Emplaced /Users/veland/Library/Developer/Xcode/DerivedData/PiDay-axnnscpgdymittggsrzywssgspgw/Build/Products/Debug-iphonesimulator/PiDay.app/AppIcon60x60@2x.png (in target 'PiDay' from project 'PiDay')
note: Emplaced /Users/veland/Library/Developer/Xcode/DerivedData/PiDay-axnnscpgdymittggsrzywssgspgw/Build/Products/Debug-iphonesimulator/PiDay.app/Assets.car (in target 'PiDay' from project 'PiDay')

Copy /Users/veland/Library/Developer/Xcode/DerivedData/PiDay-axnnscpgdymittggsrzywssgspgw/Build/Products/Debug-iphonesimulator/PiDay.app/PlugIns/PiDayWidget.appex /Users/veland/Library/Developer/Xcode/DerivedData/PiDay-axnnscpgdymittggsrzywssgspgw/Build/Products/Debug-iphonesimulator/PiDayWidget.appex (in target 'PiDay' from project 'PiDay')
    cd /Users/veland/PiDay
    builtin-copy -exclude .DS_Store -exclude CVS -exclude .svn -exclude .git -exclude .hg -exclude Headers -exclude PrivateHeaders -exclude Modules -exclude \*.tbd -resolve-src-symlinks -remove-static-executable /Users/veland/Library/Developer/Xcode/DerivedData/PiDay-axnnscpgdymittggsrzywssgspgw/Build/Products/Debug-iphonesimulator/PiDayWidget.appex /Users/veland/Library/Developer/Xcode/DerivedData/PiDay-axnnscpgdymittggsrzywssgspgw/Build/Products/Debug-iphonesimulator/PiDay.app/PlugIns

Copy /Users/veland/Library/Developer/Xcode/DerivedData/PiDay-axnnscpgdymittggsrzywssgspgw/Build/Products/Debug-iphonesimulator/PiDay.app/PiDay.app/Watch/PiDay\ Watch\ App.app /Users/veland/Library/Developer/Xcode/DerivedData/PiDay-axnnscpgdymittggsrzywssgspgw/Build/Products/Debug-watchsimulator/PiDay\ Watch\ App.app (in target 'PiDay' from project 'PiDay')
    cd /Users/veland/PiDay
    builtin-copy -exclude .DS_Store -exclude CVS -exclude .svn -exclude .git -exclude .hg -exclude Headers -exclude PrivateHeaders -exclude Modules -exclude \*.tbd -resolve-src-symlinks -remove-static-executable /Users/veland/Library/Developer/Xcode/DerivedData/PiDay-axnnscpgdymittggsrzywssgspgw/Build/Products/Debug-watchsimulator/PiDay\ Watch\ App.app /Users/veland/Library/Developer/Xcode/DerivedData/PiDay-axnnscpgdymittggsrzywssgspgw/Build/Products/Debug-iphonesimulator/PiDay.app/PiDay.app/Watch

CopySwiftLibs /Users/veland/Library/Developer/Xcode/DerivedData/PiDay-axnnscpgdymittggsrzywssgspgw/Build/Products/Debug-iphonesimulator/PiDay.app (in target 'PiDay' from project 'PiDay')
    cd /Users/veland/PiDay
    builtin-swiftStdLibTool --copy --verbose --sign - --scan-executable /Users/veland/Library/Developer/Xcode/DerivedData/PiDay-axnnscpgdymittggsrzywssgspgw/Build/Products/Debug-iphonesimulator/PiDay.app/PiDay.debug.dylib --scan-folder /Users/veland/Library/Developer/Xcode/DerivedData/PiDay-axnnscpgdymittggsrzywssgspgw/Build/Products/Debug-iphonesimulator/PiDay.app/Frameworks --scan-folder /Users/veland/Library/Developer/Xcode/DerivedData/PiDay-axnnscpgdymittggsrzywssgspgw/Build/Products/Debug-iphonesimulator/PiDay.app/PlugIns --scan-folder /Users/veland/Library/Developer/Xcode/DerivedData/PiDay-axnnscpgdymittggsrzywssgspgw/Build/Products/Debug-iphonesimulator/PiDay.app/SystemExtensions --scan-folder /Users/veland/Library/Developer/Xcode/DerivedData/PiDay-axnnscpgdymittggsrzywssgspgw/Build/Products/Debug-iphonesimulator/PiDay.app/Extensions --scan-folder /Applications/Xcode-beta.app/Contents/Developer/Platforms/iPhoneSimulator.platform/Developer/SDKs/iPhoneSimulator26.4.sdk/System/Library/Frameworks/ContactsUI.framework --platform iphonesimulator --toolchain /Applications/Xcode-beta.app/Contents/Developer/Toolchains/XcodeDefault.xctoolchain --destination /Users/veland/Library/Developer/Xcode/DerivedData/PiDay-axnnscpgdymittggsrzywssgspgw/Build/Products/Debug-iphonesimulator/PiDay.app/Frameworks --strip-bitcode --strip-bitcode-tool /Applications/Xcode-beta.app/Contents/Developer/Toolchains/XcodeDefault.xctoolchain/usr/bin/bitcode_strip --emit-dependency-info /Users/veland/Library/Developer/Xcode/DerivedData/PiDay-axnnscpgdymittggsrzywssgspgw/Build/Intermediates.noindex/PiDay.build/Debug-iphonesimulator/PiDay.build/SwiftStdLibToolInputDependencies.dep --filter-for-swift-os

ProcessInfoPlistFile /Users/veland/Library/Developer/Xcode/DerivedData/PiDay-axnnscpgdymittggsrzywssgspgw/Build/Products/Debug-iphonesimulator/PiDay.app/Info.plist /Users/veland/Library/Developer/Xcode/DerivedData/PiDay-axnnscpgdymittggsrzywssgspgw/Build/Intermediates.noindex/PiDay.build/Debug-iphonesimulator/PiDay.build/empty-PiDay.plist (in target 'PiDay' from project 'PiDay')
    cd /Users/veland/PiDay
    builtin-infoPlistUtility /Users/veland/Library/Developer/Xcode/DerivedData/PiDay-axnnscpgdymittggsrzywssgspgw/Build/Intermediates.noindex/PiDay.build/Debug-iphonesimulator/PiDay.build/empty-PiDay.plist -producttype com.apple.product-type.application -genpkginfo /Users/veland/Library/Developer/Xcode/DerivedData/PiDay-axnnscpgdymittggsrzywssgspgw/Build/Products/Debug-iphonesimulator/PiDay.app/PkgInfo -expandbuildsettings -format binary -platform iphonesimulator -additionalcontentfile /Users/veland/Library/Developer/Xcode/DerivedData/PiDay-axnnscpgdymittggsrzywssgspgw/Build/Intermediates.noindex/PiDay.build/Debug-iphonesimulator/PiDay.build/assetcatalog_generated_info.plist -scanforprivacyfile /Users/veland/Library/Developer/Xcode/DerivedData/PiDay-axnnscpgdymittggsrzywssgspgw/Build/Products/Debug-iphonesimulator/PiDay.app/PiDay.app/Watch/PiDay\ Watch\ App.app -scanforprivacyfile /Users/veland/Library/Developer/Xcode/DerivedData/PiDay-axnnscpgdymittggsrzywssgspgw/Build/Products/Debug-iphonesimulator/PiDay.app/PlugIns/PiDayWidget.appex -o /Users/veland/Library/Developer/Xcode/DerivedData/PiDay-axnnscpgdymittggsrzywssgspgw/Build/Products/Debug-iphonesimulator/PiDay.app/Info.plist

ExtractAppIntentsMetadata (in target 'PiDay' from project 'PiDay')
    cd /Users/veland/PiDay
    /Applications/Xcode-beta.app/Contents/Developer/Toolchains/XcodeDefault.xctoolchain/usr/bin/appintentsmetadataprocessor --toolchain-dir /Applications/Xcode-beta.app/Contents/Developer/Toolchains/XcodeDefault.xctoolchain --module-name PiDay --sdk-root /Applications/Xcode-beta.app/Contents/Developer/Platforms/iPhoneSimulator.platform/Developer/SDKs/iPhoneSimulator26.4.sdk --xcode-version 17E5179g --platform-family iOS --deployment-target 17.0 --bundle-identifier academy.glasscode.piday --output /Users/veland/Library/Developer/Xcode/DerivedData/PiDay-axnnscpgdymittggsrzywssgspgw/Build/Products/Debug-iphonesimulator/PiDay.app --target-triple arm64-apple-ios17.0-simulator --binary-file /Users/veland/Library/Developer/Xcode/DerivedData/PiDay-axnnscpgdymittggsrzywssgspgw/Build/Products/Debug-iphonesimulator/PiDay.app/PiDay --dependency-file /Users/veland/Library/Developer/Xcode/DerivedData/PiDay-axnnscpgdymittggsrzywssgspgw/Build/Intermediates.noindex/PiDay.build/Debug-iphonesimulator/PiDay.build/Objects-normal/arm64/PiDay_dependency_info.dat --stringsdata-file /Users/veland/Library/Developer/Xcode/DerivedData/PiDay-axnnscpgdymittggsrzywssgspgw/Build/Intermediates.noindex/PiDay.build/Debug-iphonesimulator/PiDay.build/Objects-normal/arm64/ExtractedAppShortcutsMetadata.stringsdata --source-file-list /Users/veland/Library/Developer/Xcode/DerivedData/PiDay-axnnscpgdymittggsrzywssgspgw/Build/Intermediates.noindex/PiDay.build/Debug-iphonesimulator/PiDay.build/Objects-normal/arm64/PiDay.SwiftFileList --metadata-file-list /Users/veland/Library/Developer/Xcode/DerivedData/PiDay-axnnscpgdymittggsrzywssgspgw/Build/Intermediates.noindex/PiDay.build/Debug-iphonesimulator/PiDay.build/PiDay.DependencyMetadataFileList --static-metadata-file-list /Users/veland/Library/Developer/Xcode/DerivedData/PiDay-axnnscpgdymittggsrzywssgspgw/Build/Intermediates.noindex/PiDay.build/Debug-iphonesimulator/PiDay.build/PiDay.DependencyStaticMetadataFileList --swift-const-vals-list /Users/veland/Library/Developer/Xcode/DerivedData/PiDay-axnnscpgdymittggsrzywssgspgw/Build/Intermediates.noindex/PiDay.build/Debug-iphonesimulator/PiDay.build/Objects-normal/arm64/PiDay.SwiftConstValuesFileList --compile-time-extraction --deployment-aware-processing --validate-assistant-intents --no-app-shortcuts-localization
2026-03-24 13:59:46.770 appintentsmetadataprocessor[76556:204346] Starting appintentsmetadataprocessor export
2026-03-24 13:59:46.787 appintentsmetadataprocessor[76556:204346] Extracted no relevant App Intents symbols, skipping writing output

ProcessInfoPlistFile /Users/veland/Library/Developer/Xcode/DerivedData/PiDay-axnnscpgdymittggsrzywssgspgw/Build/Products/Debug-iphonesimulator/PiDay.app/PlugIns/PiDayTests.xctest/Info.plist /Users/veland/Library/Developer/Xcode/DerivedData/PiDay-axnnscpgdymittggsrzywssgspgw/Build/Intermediates.noindex/PiDay.build/Debug-iphonesimulator/PiDayTests.build/empty-PiDayTests.plist (in target 'PiDayTests' from project 'PiDay')
    cd /Users/veland/PiDay
    builtin-infoPlistUtility /Users/veland/Library/Developer/Xcode/DerivedData/PiDay-axnnscpgdymittggsrzywssgspgw/Build/Intermediates.noindex/PiDay.build/Debug-iphonesimulator/PiDayTests.build/empty-PiDayTests.plist -producttype com.apple.product-type.bundle.unit-test -expandbuildsettings -format binary -platform iphonesimulator -o /Users/veland/Library/Developer/Xcode/DerivedData/PiDay-axnnscpgdymittggsrzywssgspgw/Build/Products/Debug-iphonesimulator/PiDay.app/PlugIns/PiDayTests.xctest/Info.plist

CpResource /Users/veland/Library/Developer/Xcode/DerivedData/PiDay-axnnscpgdymittggsrzywssgspgw/Build/Products/Debug-iphonesimulator/PiDay.app/PlugIns/PiDayTests.xctest/pi_2026_2035_index.json /Users/veland/PiDay/PiDay/Resources/pi_2026_2035_index.json (in target 'PiDayTests' from project 'PiDay')
    cd /Users/veland/PiDay
    builtin-copy -exclude .DS_Store -exclude CVS -exclude .svn -exclude .git -exclude .hg -resolve-src-symlinks /Users/veland/PiDay/PiDay/Resources/pi_2026_2035_index.json /Users/veland/Library/Developer/Xcode/DerivedData/PiDay-axnnscpgdymittggsrzywssgspgw/Build/Products/Debug-iphonesimulator/PiDay.app/PlugIns/PiDayTests.xctest

Ld /Users/veland/Library/Developer/Xcode/DerivedData/PiDay-axnnscpgdymittggsrzywssgspgw/Build/Products/Debug-iphonesimulator/PiDay.app/PlugIns/PiDayTests.xctest/PiDayTests normal (in target 'PiDayTests' from project 'PiDay')
    cd /Users/veland/PiDay
    /Applications/Xcode-beta.app/Contents/Developer/Toolchains/XcodeDefault.xctoolchain/usr/bin/clang -Xlinker -reproducible -target arm64-apple-ios17.0-simulator -bundle -isysroot /Applications/Xcode-beta.app/Contents/Developer/Platforms/iPhoneSimulator.platform/Developer/SDKs/iPhoneSimulator26.4.sdk -O0 -L/Users/veland/Library/Developer/Xcode/DerivedData/PiDay-axnnscpgdymittggsrzywssgspgw/Build/Intermediates.noindex/EagerLinkingTBDs/Debug-iphonesimulator -L/Users/veland/Library/Developer/Xcode/DerivedData/PiDay-axnnscpgdymittggsrzywssgspgw/Build/Products/Debug-iphonesimulator -L/Applications/Xcode-beta.app/Contents/Developer/Platforms/iPhoneSimulator.platform/Developer/usr/lib -F/Users/veland/Library/Developer/Xcode/DerivedData/PiDay-axnnscpgdymittggsrzywssgspgw/Build/Intermediates.noindex/EagerLinkingTBDs/Debug-iphonesimulator -F/Users/veland/Library/Developer/Xcode/DerivedData/PiDay-axnnscpgdymittggsrzywssgspgw/Build/Products/Debug-iphonesimulator -iframework /Applications/Xcode-beta.app/Contents/Developer/Platforms/iPhoneSimulator.platform/Developer/Library/Frameworks -iframework /Applications/Xcode-beta.app/Contents/Developer/Platforms/iPhoneSimulator.platform/Developer/SDKs/iPhoneSimulator26.4.sdk/Developer/Library/Frameworks -filelist /Users/veland/Library/Developer/Xcode/DerivedData/PiDay-axnnscpgdymittggsrzywssgspgw/Build/Intermediates.noindex/PiDay.build/Debug-iphonesimulator/PiDayTests.build/Objects-normal/arm64/PiDayTests.LinkFileList -Xlinker -rpath -Xlinker /usr/lib/swift -Xlinker -rpath -Xlinker @loader_path/Frameworks -Xlinker -rpath -Xlinker @executable_path/Frameworks -Xlinker -dead_strip -bundle_loader /Users/veland/Library/Developer/Xcode/DerivedData/PiDay-axnnscpgdymittggsrzywssgspgw/Build/Products/Debug-iphonesimulator/PiDay.app/PiDay -Xlinker -object_path_lto -Xlinker /Users/veland/Library/Developer/Xcode/DerivedData/PiDay-axnnscpgdymittggsrzywssgspgw/Build/Intermediates.noindex/PiDay.build/Debug-iphonesimulator/PiDayTests.build/Objects-normal/arm64/PiDayTests_lto.o -rdynamic -Xlinker -no_deduplicate -Xlinker -objc_abi_version -Xlinker 2 -Xlinker -dependency_info -Xlinker /Users/veland/Library/Developer/Xcode/DerivedData/PiDay-axnnscpgdymittggsrzywssgspgw/Build/Intermediates.noindex/PiDay.build/Debug-iphonesimulator/PiDayTests.build/Objects-normal/arm64/PiDayTests_dependency_info.dat -fobjc-link-runtime -L/Applications/Xcode-beta.app/Contents/Developer/Toolchains/XcodeDefault.xctoolchain/usr/lib/swift/iphonesimulator -L/usr/lib/swift -Xlinker -add_ast_path -Xlinker /Users/veland/Library/Developer/Xcode/DerivedData/PiDay-axnnscpgdymittggsrzywssgspgw/Build/Intermediates.noindex/PiDay.build/Debug-iphonesimulator/PiDayTests.build/Objects-normal/arm64/PiDayTests.swiftmodule @/Users/veland/Library/Developer/Xcode/DerivedData/PiDay-axnnscpgdymittggsrzywssgspgw/Build/Intermediates.noindex/PiDay.build/Debug-iphonesimulator/PiDayTests.build/Objects-normal/arm64/PiDayTests-linker-args.resp -Xlinker -needed_framework -Xlinker XCTest -framework XCTest -Xlinker -needed-lXCTestSwiftSupport -lXCTestSwiftSupport /Users/veland/Library/Developer/Xcode/DerivedData/PiDay-axnnscpgdymittggsrzywssgspgw/Build/Products/Debug-iphonesimulator/PiDay.app/PiDay.debug.dylib -Xlinker -no_adhoc_codesign -o /Users/veland/Library/Developer/Xcode/DerivedData/PiDay-axnnscpgdymittggsrzywssgspgw/Build/Products/Debug-iphonesimulator/PiDay.app/PlugIns/PiDayTests.xctest/PiDayTests

CopySwiftLibs /Users/veland/Library/Developer/Xcode/DerivedData/PiDay-axnnscpgdymittggsrzywssgspgw/Build/Products/Debug-iphonesimulator/PiDay.app/PlugIns/PiDayTests.xctest (in target 'PiDayTests' from project 'PiDay')
    cd /Users/veland/PiDay
    builtin-swiftStdLibTool --copy --verbose --sign - --scan-executable /Users/veland/Library/Developer/Xcode/DerivedData/PiDay-axnnscpgdymittggsrzywssgspgw/Build/Products/Debug-iphonesimulator/PiDay.app/PlugIns/PiDayTests.xctest/PiDayTests --scan-folder /Users/veland/Library/Developer/Xcode/DerivedData/PiDay-axnnscpgdymittggsrzywssgspgw/Build/Products/Debug-iphonesimulator/PiDay.app/PlugIns/PiDayTests.xctest/Frameworks --scan-folder /Users/veland/Library/Developer/Xcode/DerivedData/PiDay-axnnscpgdymittggsrzywssgspgw/Build/Products/Debug-iphonesimulator/PiDay.app/PlugIns/PiDayTests.xctest/PlugIns --scan-folder /Users/veland/Library/Developer/Xcode/DerivedData/PiDay-axnnscpgdymittggsrzywssgspgw/Build/Products/Debug-iphonesimulator/PiDay.app/PlugIns/PiDayTests.xctest/SystemExtensions --scan-folder /Users/veland/Library/Developer/Xcode/DerivedData/PiDay-axnnscpgdymittggsrzywssgspgw/Build/Products/Debug-iphonesimulator/PiDay.app/PlugIns/PiDayTests.xctest/Extensions --platform iphonesimulator --toolchain /Applications/Xcode-beta.app/Contents/Developer/Toolchains/XcodeDefault.xctoolchain --destination /Users/veland/Library/Developer/Xcode/DerivedData/PiDay-axnnscpgdymittggsrzywssgspgw/Build/Products/Debug-iphonesimulator/PiDay.app/PlugIns/PiDayTests.xctest/Frameworks --strip-bitcode --scan-executable /Applications/Xcode-beta.app/Contents/Developer/Platforms/iPhoneSimulator.platform/Developer/usr/lib/libXCTestSwiftSupport.dylib --strip-bitcode-tool /Applications/Xcode-beta.app/Contents/Developer/Toolchains/XcodeDefault.xctoolchain/usr/bin/bitcode_strip --emit-dependency-info /Users/veland/Library/Developer/Xcode/DerivedData/PiDay-axnnscpgdymittggsrzywssgspgw/Build/Intermediates.noindex/PiDay.build/Debug-iphonesimulator/PiDayTests.build/SwiftStdLibToolInputDependencies.dep --filter-for-swift-os

ExtractAppIntentsMetadata (in target 'PiDayTests' from project 'PiDay')
    cd /Users/veland/PiDay
    /Applications/Xcode-beta.app/Contents/Developer/Toolchains/XcodeDefault.xctoolchain/usr/bin/appintentsmetadataprocessor --toolchain-dir /Applications/Xcode-beta.app/Contents/Developer/Toolchains/XcodeDefault.xctoolchain --module-name PiDayTests --sdk-root /Applications/Xcode-beta.app/Contents/Developer/Platforms/iPhoneSimulator.platform/Developer/SDKs/iPhoneSimulator26.4.sdk --xcode-version 17E5179g --platform-family iOS --deployment-target 17.0 --bundle-identifier academy.glasscode.piday.tests --output /Users/veland/Library/Developer/Xcode/DerivedData/PiDay-axnnscpgdymittggsrzywssgspgw/Build/Products/Debug-iphonesimulator/PiDay.app/PlugIns/PiDayTests.xctest --target-triple arm64-apple-ios17.0-simulator --binary-file /Users/veland/Library/Developer/Xcode/DerivedData/PiDay-axnnscpgdymittggsrzywssgspgw/Build/Products/Debug-iphonesimulator/PiDay.app/PlugIns/PiDayTests.xctest/PiDayTests --dependency-file /Users/veland/Library/Developer/Xcode/DerivedData/PiDay-axnnscpgdymittggsrzywssgspgw/Build/Intermediates.noindex/PiDay.build/Debug-iphonesimulator/PiDayTests.build/Objects-normal/arm64/PiDayTests_dependency_info.dat --stringsdata-file /Users/veland/Library/Developer/Xcode/DerivedData/PiDay-axnnscpgdymittggsrzywssgspgw/Build/Intermediates.noindex/PiDay.build/Debug-iphonesimulator/PiDayTests.build/Objects-normal/arm64/ExtractedAppShortcutsMetadata.stringsdata --source-file-list /Users/veland/Library/Developer/Xcode/DerivedData/PiDay-axnnscpgdymittggsrzywssgspgw/Build/Intermediates.noindex/PiDay.build/Debug-iphonesimulator/PiDayTests.build/Objects-normal/arm64/PiDayTests.SwiftFileList --metadata-file-list /Users/veland/Library/Developer/Xcode/DerivedData/PiDay-axnnscpgdymittggsrzywssgspgw/Build/Intermediates.noindex/PiDay.build/Debug-iphonesimulator/PiDayTests.build/PiDayTests.DependencyMetadataFileList --static-metadata-file-list /Users/veland/Library/Developer/Xcode/DerivedData/PiDay-axnnscpgdymittggsrzywssgspgw/Build/Intermediates.noindex/PiDay.build/Debug-iphonesimulator/PiDayTests.build/PiDayTests.DependencyStaticMetadataFileList --swift-const-vals-list /Users/veland/Library/Developer/Xcode/DerivedData/PiDay-axnnscpgdymittggsrzywssgspgw/Build/Intermediates.noindex/PiDay.build/Debug-iphonesimulator/PiDayTests.build/Objects-normal/arm64/PiDayTests.SwiftConstValuesFileList --compile-time-extraction --deployment-aware-processing --validate-assistant-intents --no-app-shortcuts-localization
2026-03-24 13:59:47.113 appintentsmetadataprocessor[76559:204376] Starting appintentsmetadataprocessor export
2026-03-24 13:59:47.121 appintentsmetadataprocessor[76559:204376] Extracted no relevant App Intents symbols, skipping writing output

AppIntentsSSUTraining (in target 'PiDayTests' from project 'PiDay')
    cd /Users/veland/PiDay
    /Applications/Xcode-beta.app/Contents/Developer/Toolchains/XcodeDefault.xctoolchain/usr/bin/appintentsnltrainingprocessor --infoplist-path /Users/veland/Library/Developer/Xcode/DerivedData/PiDay-axnnscpgdymittggsrzywssgspgw/Build/Products/Debug-iphonesimulator/PiDay.app/PlugIns/PiDayTests.xctest/Info.plist --temp-dir-path /Users/veland/Library/Developer/Xcode/DerivedData/PiDay-axnnscpgdymittggsrzywssgspgw/Build/Intermediates.noindex/PiDay.build/Debug-iphonesimulator/PiDayTests.build/ssu --bundle-id academy.glasscode.piday.tests --product-path /Users/veland/Library/Developer/Xcode/DerivedData/PiDay-axnnscpgdymittggsrzywssgspgw/Build/Products/Debug-iphonesimulator/PiDay.app/PlugIns/PiDayTests.xctest --extracted-metadata-path /Users/veland/Library/Developer/Xcode/DerivedData/PiDay-axnnscpgdymittggsrzywssgspgw/Build/Products/Debug-iphonesimulator/PiDay.app/PlugIns/PiDayTests.xctest/Metadata.appintents --metadata-file-list /Users/veland/Library/Developer/Xcode/DerivedData/PiDay-axnnscpgdymittggsrzywssgspgw/Build/Intermediates.noindex/PiDay.build/Debug-iphonesimulator/PiDayTests.build/PiDayTests.DependencyMetadataFileList --source-file /Users/veland/Library/Developer/Xcode/DerivedData/PiDay-axnnscpgdymittggsrzywssgspgw/Build/Products/Debug-iphonesimulator/PiDay.app/PlugIns/PiDayTests.xctest/Info.plist --archive-ssu-assets
2026-03-24 13:59:47.138 appintentsnltrainingprocessor[76560:204379] Parsing options for appintentsnltrainingprocessor
2026-03-24 13:59:47.138 appintentsnltrainingprocessor[76560:204379] Starting AppIntents SSU YAML Generation
2026-03-24 13:59:47.140 appintentsnltrainingprocessor[76560:204379] No AppShortcuts found - Skipping.

CodeSign /Users/veland/Library/Developer/Xcode/DerivedData/PiDay-axnnscpgdymittggsrzywssgspgw/Build/Products/Debug-iphonesimulator/PiDay.app/PlugIns/PiDayTests.xctest (in target 'PiDayTests' from project 'PiDay')
    cd /Users/veland/PiDay
    
    Signing Identity:     "Sign to Run Locally"
    
    /usr/bin/codesign --force --sign - --timestamp\=none --generate-entitlement-der /Users/veland/Library/Developer/Xcode/DerivedData/PiDay-axnnscpgdymittggsrzywssgspgw/Build/Products/Debug-iphonesimulator/PiDay.app/PlugIns/PiDayTests.xctest

RegisterExecutionPolicyException /Users/veland/Library/Developer/Xcode/DerivedData/PiDay-axnnscpgdymittggsrzywssgspgw/Build/Products/Debug-iphonesimulator/PiDay.app/PlugIns/PiDayTests.xctest (in target 'PiDayTests' from project 'PiDay')
    cd /Users/veland/PiDay
    builtin-RegisterExecutionPolicyException /Users/veland/Library/Developer/Xcode/DerivedData/PiDay-axnnscpgdymittggsrzywssgspgw/Build/Products/Debug-iphonesimulator/PiDay.app/PlugIns/PiDayTests.xctest

Touch /Users/veland/Library/Developer/Xcode/DerivedData/PiDay-axnnscpgdymittggsrzywssgspgw/Build/Products/Debug-iphonesimulator/PiDay.app/PlugIns/PiDayTests.xctest (in target 'PiDayTests' from project 'PiDay')
    cd /Users/veland/PiDay
    /usr/bin/touch -c /Users/veland/Library/Developer/Xcode/DerivedData/PiDay-axnnscpgdymittggsrzywssgspgw/Build/Products/Debug-iphonesimulator/PiDay.app/PlugIns/PiDayTests.xctest

CodeSign /Users/veland/Library/Developer/Xcode/DerivedData/PiDay-axnnscpgdymittggsrzywssgspgw/Build/Products/Debug-iphonesimulator/PiDay.app/PiDay.debug.dylib (in target 'PiDay' from project 'PiDay')
    cd /Users/veland/PiDay
    
    Signing Identity:     "Sign to Run Locally"
    
    /usr/bin/codesign --force --sign - --timestamp\=none --generate-entitlement-der /Users/veland/Library/Developer/Xcode/DerivedData/PiDay-axnnscpgdymittggsrzywssgspgw/Build/Products/Debug-iphonesimulator/PiDay.app/PiDay.debug.dylib

CodeSign /Users/veland/Library/Developer/Xcode/DerivedData/PiDay-axnnscpgdymittggsrzywssgspgw/Build/Products/Debug-iphonesimulator/PiDay.app/__preview.dylib (in target 'PiDay' from project 'PiDay')
    cd /Users/veland/PiDay
    
    Signing Identity:     "Sign to Run Locally"
    
    /usr/bin/codesign --force --sign - --timestamp\=none --generate-entitlement-der /Users/veland/Library/Developer/Xcode/DerivedData/PiDay-axnnscpgdymittggsrzywssgspgw/Build/Products/Debug-iphonesimulator/PiDay.app/__preview.dylib

CodeSign /Users/veland/Library/Developer/Xcode/DerivedData/PiDay-axnnscpgdymittggsrzywssgspgw/Build/Products/Debug-iphonesimulator/PiDay.app (in target 'PiDay' from project 'PiDay')
    cd /Users/veland/PiDay
    
    Signing Identity:     "Sign to Run Locally"
    
    /usr/bin/codesign --force --sign - --entitlements /Users/veland/Library/Developer/Xcode/DerivedData/PiDay-axnnscpgdymittggsrzywssgspgw/Build/Intermediates.noindex/PiDay.build/Debug-iphonesimulator/PiDay.build/PiDay.app.xcent --timestamp\=none --generate-entitlement-der /Users/veland/Library/Developer/Xcode/DerivedData/PiDay-axnnscpgdymittggsrzywssgspgw/Build/Products/Debug-iphonesimulator/PiDay.app

Validate /Users/veland/Library/Developer/Xcode/DerivedData/PiDay-axnnscpgdymittggsrzywssgspgw/Build/Products/Debug-iphonesimulator/PiDay.app (in target 'PiDay' from project 'PiDay')
    cd /Users/veland/PiDay
    builtin-validationUtility /Users/veland/Library/Developer/Xcode/DerivedData/PiDay-axnnscpgdymittggsrzywssgspgw/Build/Products/Debug-iphonesimulator/PiDay.app -shallow-bundle -infoplist-subpath Info.plist

ValidateEmbeddedBinary /Users/veland/Library/Developer/Xcode/DerivedData/PiDay-axnnscpgdymittggsrzywssgspgw/Build/Products/Debug-iphonesimulator/PiDay.app/PlugIns/PiDayWidget.appex (in target 'PiDay' from project 'PiDay')
    cd /Users/veland/PiDay
    /Applications/Xcode-beta.app/Contents/Developer/usr/bin/embeddedBinaryValidationUtility /Users/veland/Library/Developer/Xcode/DerivedData/PiDay-axnnscpgdymittggsrzywssgspgw/Build/Products/Debug-iphonesimulator/PiDay.app/PlugIns/PiDayWidget.appex -signing-cert - -info-plist-path /Users/veland/Library/Developer/Xcode/DerivedData/PiDay-axnnscpgdymittggsrzywssgspgw/Build/Products/Debug-iphonesimulator/PiDay.app/Info.plist

ValidateEmbeddedBinary /Users/veland/Library/Developer/Xcode/DerivedData/PiDay-axnnscpgdymittggsrzywssgspgw/Build/Products/Debug-iphonesimulator/PiDay.app/PiDay.app/Watch/PiDay\ Watch\ App.app (in target 'PiDay' from project 'PiDay')
    cd /Users/veland/PiDay
    /Applications/Xcode-beta.app/Contents/Developer/usr/bin/embeddedBinaryValidationUtility /Users/veland/Library/Developer/Xcode/DerivedData/PiDay-axnnscpgdymittggsrzywssgspgw/Build/Products/Debug-iphonesimulator/PiDay.app/PiDay.app/Watch/PiDay\ Watch\ App.app -signing-cert - -info-plist-path /Users/veland/Library/Developer/Xcode/DerivedData/PiDay-axnnscpgdymittggsrzywssgspgw/Build/Products/Debug-iphonesimulator/PiDay.app/Info.plist

2026-03-24 14:00:16.400830+1000 PiDay[77972:210401] [loading] Error loading /System/Library/Extensions/AppleSyntheticGameController.kext/Contents/PlugIns/AppleSyntheticGameController.plugin/Contents/MacOS/AppleSyntheticGameController (157):  dlopen(/System/Library/Extensions/AppleSyntheticGameController.kext/Contents/PlugIns/AppleSyntheticGameController.plugin/Contents/MacOS/AppleSyntheticGameController, 0x0106): tried: '/Users/veland/Library/Developer/Xcode/DerivedData/PiDay-axnnscpgdymittggsrzywssgspgw/Build/Products/Debug-iphonesimulator/AppleSyntheticGameController' (no such file), '/Applications/Xcode-beta.app/Contents/Developer/Platforms/iPhoneSimulator.platform/Developer/usr/lib/AppleSyntheticGameController' (no such file), '/Users/veland/Library/Developer/Xcode/DerivedData/PiDay-axnnscpgdymittggsrzywssgspgw/Build/Products/Debug-iphonesimulator/AppleSyntheticGameController' (no such file), '/Applications/Xcode-beta.app/Contents/Developer/Platforms/iPhoneSimulator.platform/Developer/usr/lib/AppleSyntheticGameController' (no such file), '/Library/Developer/CoreSimulator/Volumes/iOS_23A5308g/Library/Developer/CoreSimulator/Profiles/Runtimes/iOS 26.0.simruntime/Contents/Resources/RuntimeRoot/System/Library/Extensions/AppleSyntheticGameController.kext/Contents/PlugIns/AppleSyntheticGameController.plugin/Contents/MacOS/AppleSyntheticGameController' (no such file), '/System/Library/Extensions/AppleSyntheticGameController.kext/Contents/PlugIns/AppleSyntheticGameController.plugin/Contents/MacOS/AppleSyntheticGameController' (fat file, but missing compatible architecture (have 'x86_64,arm64e', need 'arm64' or 'arm64'))
2026-03-24 14:00:16.401971+1000 PiDay[77972:210401] [plugin] Cannot find function pointer AppleSyntheticKeyboardFactory for factory <CFUUID 0x600000223140> FE4690BC-AD06-4704-BBFC-BF0894242B7D in CFBundle/CFPlugIn 0x600003b10460 </System/Library/Extensions/AppleSyntheticGameController.kext/Contents/PlugIns/AppleSyntheticGameController.plugin> (bundle, not loaded)
2026-03-24 14:00:16.402036+1000 PiDay[77972:210401] [default] failed to create instance for plugin for <CFUUID 0x600000202fe0> 7DDEECA8-A7B4-11DA-8A0E-0014519758EF
2026-03-24 14:00:16.402893+1000 PiDay[77972:210401] [loading] Error loading /System/Library/Extensions/AppleSyntheticGameController.kext/Contents/PlugIns/AppleSyntheticGameController.plugin/Contents/MacOS/AppleSyntheticGameController (157):  dlopen(/System/Library/Extensions/AppleSyntheticGameController.kext/Contents/PlugIns/AppleSyntheticGameController.plugin/Contents/MacOS/AppleSyntheticGameController, 0x0106): tried: '/Users/veland/Library/Developer/Xcode/DerivedData/PiDay-axnnscpgdymittggsrzywssgspgw/Build/Products/Debug-iphonesimulator/AppleSyntheticGameController' (no such file), '/Applications/Xcode-beta.app/Contents/Developer/Platforms/iPhoneSimulator.platform/Developer/usr/lib/AppleSyntheticGameController' (no such file), '/Users/veland/Library/Developer/Xcode/DerivedData/PiDay-axnnscpgdymittggsrzywssgspgw/Build/Products/Debug-iphonesimulator/AppleSyntheticGameController' (no such file), '/Applications/Xcode-beta.app/Contents/Developer/Platforms/iPhoneSimulator.platform/Developer/usr/lib/AppleSyntheticGameController' (no such file), '/Library/Developer/CoreSimulator/Volumes/iOS_23A5308g/Library/Developer/CoreSimulator/Profiles/Runtimes/iOS 26.0.simruntime/Contents/Resources/RuntimeRoot/System/Library/Extensions/AppleSyntheticGameController.kext/Contents/PlugIns/AppleSyntheticGameController.plugin/Contents/MacOS/AppleSyntheticGameController' (no such file), '/System/Library/Extensions/AppleSyntheticGameController.kext/Contents/PlugIns/AppleSyntheticGameController.plugin/Contents/MacOS/AppleSyntheticGameController' (fat file, but missing compatible architecture (have 'x86_64,arm64e', need 'arm64' or 'arm64'))
2026-03-24 14:00:16.405536+1000 PiDay[77972:210401] [plugin] Cannot find function pointer AppleSyntheticXbox360ControllerFactory for factory <CFUUID 0x600000222cc0> 2D34FEE1-E996-4D8C-8505-87BDD38F1F2C in CFBundle/CFPlugIn 0x600003b10460 </System/Library/Extensions/AppleSyntheticGameController.kext/Contents/PlugIns/AppleSyntheticGameController.plugin> (bundle, not loaded)
2026-03-24 14:00:16.405596+1000 PiDay[77972:210401] [default] failed to create instance for plugin for <CFUUID 0x600000202fe0> 7DDEECA8-A7B4-11DA-8A0E-0014519758EF
2026-03-24 14:00:16.405639+1000 PiDay[77972:210401] [default] IOCreatePlugInInterfaceForService:0xe00002be for serviceID:0x1000013b8
2026-03-24 14:00:16.407610+1000 PiDay[77972:210401] [loading] Error loading /System/Library/Extensions/IOHIDFamily.kext/Contents/PlugIns/IOHIDLib.plugin/Contents/MacOS/IOHIDLib (100):  dlopen(/System/Library/Extensions/IOHIDFamily.kext/Contents/PlugIns/IOHIDLib.plugin/Contents/MacOS/IOHIDLib, 0x0106): tried: '/Users/veland/Library/Developer/Xcode/DerivedData/PiDay-axnnscpgdymittggsrzywssgspgw/Build/Products/Debug-iphonesimulator/IOHIDLib' (no such file), '/Applications/Xcode-beta.app/Contents/Developer/Platforms/iPhoneSimulator.platform/Developer/usr/lib/IOHIDLib' (no such file), '/Users/veland/Library/Developer/Xcode/DerivedData/PiDay-axnnscpgdymittggsrzywssgspgw/Build/Products/Debug-iphonesimulator/IOHIDLib' (no such file), '/Applications/Xcode-beta.app/Contents/Developer/Platforms/iPhoneSimulator.platform/Developer/usr/lib/IOHIDLib' (no such file), '/Library/Developer/CoreSimulator/Volumes/iOS_23A5308g/Library/Developer/CoreSimulator/Profiles/Runtimes/iOS 26.0.simruntime/Contents/Resources/RuntimeRoot/System/Library/Extensions/IOHIDFamily.kext/Contents/PlugIns/IOHIDLib.plugin/Contents/MacOS/IOHIDLib' (no such file), '/System/Library/Extensions/IOHIDFamily.kext/Contents/PlugIns/IOHIDLib.plugin/Contents/MacOS/IOHIDLib' (fat file, but missing compatible architecture (have 'x86_64,arm64e', need 'arm64' or 'arm64'))
2026-03-24 14:00:16.407778+1000 PiDay[77972:210401] [plugin] Cannot find function pointer IOHIDLibFactory for factory <CFUUID 0x60000020d960> 13AA9C44-6F1B-11D4-907C-0005028F18D5 in CFBundle/CFPlugIn 0x600003b20000 </System/Library/Extensions/IOHIDFamily.kext/Contents/PlugIns/IOHIDLib.plugin> (bundle, not loaded)
2026-03-24 14:00:16.407816+1000 PiDay[77972:210401] [default] failed to create instance for plugin for <CFUUID 0x600000202fe0> 7DDEECA8-A7B4-11DA-8A0E-0014519758EF
2026-03-24 14:00:16.407850+1000 PiDay[77972:210401] [default] IOCreatePlugInInterfaceForService:0xe00002be for serviceID:0x100001313
Test Suite 'All tests' started at 2026-03-24 14:00:17.807.
Test Suite 'PiDayTests.xctest' started at 2026-03-24 14:00:17.808.
Test Suite 'PiDayCoreTests' started at 2026-03-24 14:00:17.808.
Test Case '-[PiDayTests.PiDayCoreTests testAppViewModelSurfacesLiveLookupErrors]' started.
Test Case '-[PiDayTests.PiDayCoreTests testAppViewModelSurfacesLiveLookupErrors]' passed (0.128 seconds).
Test Case '-[PiDayTests.PiDayCoreTests testDateStringGeneratorProducesExpectedFormats]' started.
Test Case '-[PiDayTests.PiDayCoreTests testDateStringGeneratorProducesExpectedFormats]' passed (0.000 seconds).
Test Case '-[PiDayTests.PiDayCoreTests testEveryDateContainsAllBundledFormats]' started.
Test Case '-[PiDayTests.PiDayCoreTests testEveryDateContainsAllBundledFormats]' passed (0.274 seconds).
Test Case '-[PiDayTests.PiDayCoreTests testExactIndexContainsEveryDateIn2026]' started.
Test Case '-[PiDayTests.PiDayCoreTests testExactIndexContainsEveryDateIn2026]' passed (0.070 seconds).
Test Case '-[PiDayTests.PiDayCoreTests testIndexingConventionOffsetsDisplay]' started.
Test Case '-[PiDayTests.PiDayCoreTests testIndexingConventionOffsetsDisplay]' passed (0.000 seconds).
Test Case '-[PiDayTests.PiDayCoreTests testIsoDateStringDoesNotSlipAcrossTimeZones]' started.
Test Case '-[PiDayTests.PiDayCoreTests testIsoDateStringDoesNotSlipAcrossTimeZones]' passed (0.000 seconds).
Test Case '-[PiDayTests.PiDayCoreTests testSavedDateDecodesLegacyAbsoluteDatePayload]' started.
Test Case '-[PiDayTests.PiDayCoreTests testSavedDateDecodesLegacyAbsoluteDatePayload]' passed (0.002 seconds).
Test Case '-[PiDayTests.PiDayCoreTests testSavedDateMatchesAcrossTimeZones]' started.
Test Case '-[PiDayTests.PiDayCoreTests testSavedDateMatchesAcrossTimeZones]' passed (0.001 seconds).
Test Case '-[PiDayTests.PiDayCoreTests testStructuredStoreCanSearchAmericanFormat]' started.
Test Case '-[PiDayTests.PiDayCoreTests testStructuredStoreCanSearchAmericanFormat]' passed (0.037 seconds).
Test Case '-[PiDayTests.PiDayCoreTests testStructuredStoreCanSearchIsoFormat]' started.
Test Case '-[PiDayTests.PiDayCoreTests testStructuredStoreCanSearchIsoFormat]' passed (0.037 seconds).
Test Case '-[PiDayTests.PiDayCoreTests testStructuredStoreReturnsBestMatchForPiDay]' started.
Test Case '-[PiDayTests.PiDayCoreTests testStructuredStoreReturnsBestMatchForPiDay]' passed (0.038 seconds).
Test Suite 'PiDayCoreTests' passed at 2026-03-24 14:00:18.400.
	 Executed 11 tests, with 0 failures (0 unexpected) in 0.589 (0.592) seconds
Test Suite 'PiDayTests.xctest' passed at 2026-03-24 14:00:18.400.
	 Executed 11 tests, with 0 failures (0 unexpected) in 0.589 (0.592) seconds
Test Suite 'All tests' passed at 2026-03-24 14:00:18.400.
	 Executed 11 tests, with 0 failures (0 unexpected) in 0.589 (0.593) seconds
2026-03-24 14:00:18.858 xcodebuild[76423:203379] [MT] IDETestOperationsObserverDebug: 31.045 elapsed -- Testing started completed.
2026-03-24 14:00:18.858 xcodebuild[76423:203379] [MT] IDETestOperationsObserverDebug: 0.000 sec, +0.000 sec -- start
2026-03-24 14:00:18.858 xcodebuild[76423:203379] [MT] IDETestOperationsObserverDebug: 31.045 sec, +31.045 sec -- end

Test session results, code coverage, and logs:
	/Users/veland/Library/Developer/Xcode/DerivedData/PiDay-axnnscpgdymittggsrzywssgspgw/Logs/Test/Test-PiDay-2026.03.24_13-59-36-+1000.xcresult

** TEST SUCCEEDED **

Testing started
